ARM Linker, RVCT4.0 [Build 728] [Standard]

==============================================================================

Section Cross References

    lm3s21xx_can.o(.text) refers to lm3s21xx_sysctl.o(.emb_text) for SysCtlDelay
    lm3s21xx_can.o(.text) refers to lm3s21xx_can.o(.constdata) for .constdata
    lm3s21xx_can.o(.text) refers to vari.o(.data) for Mtr_Numb_ID
    lm3s21xx_can.o(.text) refers to lm3s21xx_sysctl.o(.text) for SysCtlPeripheralEnable
    lm3s21xx_can.o(.text) refers to lm3s21xx_can.o(.text) for CANIntNumberGet
    lm3s21xx_can.o(.text) refers to lm3s21xx_can.o(.text) for CANIntNumberGet
    lm3s21xx_can.o(.text) refers to lm3s21xx_can.o(.text) for CANIntNumberGet
    lm3s21xx_can.o(.text) refers to lm3s21xx_interrupt.o(.text) for IntRegister
    lm3s21xx_can.o(.text) refers to lm3s21xx_interrupt.o(.text) for IntEnable
    lm3s21xx_can.o(.text) refers to lm3s21xx_can.o(.text) for CANIntNumberGet
    lm3s21xx_can.o(.text) refers to lm3s21xx_interrupt.o(.text) for IntUnregister
    lm3s21xx_can.o(.text) refers to lm3s21xx_interrupt.o(.text) for IntDisable
    lm3s21xx_can.o(.text) refers to lm3s21xx_can.o(.text) for CANIntNumberGet
    lm3s21xx_can.o(.text) refers to lm3s21xx_can.o(.text) for CANIntNumberGet
    lm3s21xx_can.o(.text) refers to lm3s21xx_can.o(.text) for CANIntNumberGet
    lm3s21xx_can.o(.text) refers to lm3s21xx_can.o(.text) for CANIntNumberGet
    lm3s21xx_can.o(.text) refers to lm3s21xx_can.o(.text) for CANIntNumberGet
    lm3s21xx_flash.o(.text) refers to lm3s21xx_interrupt.o(.text) for IntRegister
    lm3s21xx_flash.o(.text) refers to lm3s21xx_interrupt.o(.text) for IntEnable
    lm3s21xx_flash.o(.text) refers to lm3s21xx_interrupt.o(.text) for IntDisable
    lm3s21xx_flash.o(.text) refers to lm3s21xx_interrupt.o(.text) for IntUnregister
    lm3s21xx_gpio.o(.text) refers to lm3s21xx_sysctl.o(.text) for SysCtlPeripheralEnable
    lm3s21xx_gpio.o(.text) refers to eng_err.o(.text) for Uin_Iin_Pr
    lm3s21xx_gpio.o(.text) refers to lm3s21xx_gpio.o(.text) for GPIOGetIntNumber
    lm3s21xx_gpio.o(.text) refers to lm3s21xx_interrupt.o(.text) for IntRegister
    lm3s21xx_gpio.o(.text) refers to lm3s21xx_interrupt.o(.text) for IntEnable
    lm3s21xx_gpio.o(.text) refers to lm3s21xx_gpio.o(.text) for GPIOGetIntNumber
    lm3s21xx_gpio.o(.text) refers to lm3s21xx_interrupt.o(.text) for IntDisable
    lm3s21xx_gpio.o(.text) refers to lm3s21xx_interrupt.o(.text) for IntUnregister
    lm3s21xx_gpio.o(.text) refers to lm3s21xx_gpio.o(.text) for GPIODirModeSet
    lm3s21xx_gpio.o(.text) refers to lm3s21xx_gpio.o(.text) for GPIODirModeSet
    lm3s21xx_gpio.o(.text) refers to lm3s21xx_gpio.o(.text) for GPIODirModeSet
    lm3s21xx_gpio.o(.text) refers to lm3s21xx_gpio.o(.text) for GPIODirModeSet
    lm3s21xx_gpio.o(.text) refers to lm3s21xx_gpio.o(.text) for GPIODirModeSet
    lm3s21xx_gpio.o(.text) refers to lm3s21xx_gpio.o(.text) for GPIODirModeSet
    lm3s21xx_gpio.o(.text) refers to lm3s21xx_gpio.o(.text) for GPIODirModeSet
    lm3s21xx_interrupt.o(.text) refers to cpu_keil.o(.text) for CPUcpsie
    lm3s21xx_interrupt.o(.text) refers to lm3s21xx_interrupt.o(vtable) for vtable
    lm3s21xx_interrupt.o(.text) refers to interrupt.o(.text) for IntDefaultHandler
    lm3s21xx_interrupt.o(.text) refers to lm3s21xx_interrupt.o(vtable) for vtable
    lm3s21xx_mpu.o(.text) refers to lm3s21xx_mpu.o(.text) for MPURegionSet
    lm3s21xx_mpu.o(.text) refers to lm3s21xx_interrupt.o(.text) for IntEnable
    lm3s21xx_mpu.o(.text) refers to lm3s21xx_mpu.o(.text) for MPUEnable
    lm3s21xx_mpu.o(.text) refers to lm3s21xx_mpu.o(.text) for MPUDisable
    lm3s21xx_mpu.o(.text) refers to lm3s21xx_interrupt.o(.text) for IntRegister
    lm3s21xx_mpu.o(.text) refers to lm3s21xx_interrupt.o(.text) for IntEnable
    lm3s21xx_mpu.o(.text) refers to lm3s21xx_interrupt.o(.text) for IntDisable
    lm3s21xx_mpu.o(.text) refers to lm3s21xx_interrupt.o(.text) for IntUnregister
    lm3s21xx_ssi.o(.text) refers to lm3s21xx_sysctl.o(.text) for SysCtlPeripheralEnable
    lm3s21xx_ssi.o(.text) refers to vari.o(.data) for Sysclk
    lm3s21xx_ssi.o(.text) refers to lm3s21xx_interrupt.o(.text) for IntRegister
    lm3s21xx_ssi.o(.text) refers to lm3s21xx_interrupt.o(.text) for IntEnable
    lm3s21xx_ssi.o(.text) refers to lm3s21xx_interrupt.o(.text) for IntDisable
    lm3s21xx_ssi.o(.text) refers to lm3s21xx_interrupt.o(.text) for IntUnregister
    lm3s21xx_sysctl.o(.text) refers to lm3s21xx_sysctl.o(.emb_text) for SysCtlDelay
    lm3s21xx_sysctl.o(.text) refers to lm3s21xx_sysctl.o(.constdata) for .constdata
    lm3s21xx_sysctl.o(.text) refers to vari.o(.data) for Sysclk
    lm3s21xx_sysctl.o(.text) refers to lm3s21xx_interrupt.o(.text) for IntRegister
    lm3s21xx_sysctl.o(.text) refers to lm3s21xx_interrupt.o(.text) for IntEnable
    lm3s21xx_sysctl.o(.text) refers to lm3s21xx_interrupt.o(.text) for IntDisable
    lm3s21xx_sysctl.o(.text) refers to lm3s21xx_interrupt.o(.text) for IntUnregister
[...]
    _printf_o                                0x00000000   Number         0  stubs.o ABSOLUTE
    _printf_p                                0x00000000   Number         0  stubs.o ABSOLUTE
    _printf_percent                          0x00000000   Number         0  stubs.o ABSOLUTE
    _printf_pre_padding                      0x00000000   Number         0  stubs.o ABSOLUTE
    _printf_return_value                     0x00000000   Number         0  stubs.o ABSOLUTE
    _printf_s                                0x00000000   Number         0  stubs.o ABSOLUTE
    _printf_sizespec                         0x00000000   Number         0  stubs.o ABSOLUTE
    _printf_str                              0x00000000   Number         0  stubs.o ABSOLUTE
    _printf_truncate_signed                  0x00000000   Number         0  stubs.o ABSOLUTE
    _printf_truncate_unsigned                0x00000000   Number         0  stubs.o ABSOLUTE
    _printf_u                                0x00000000   Number         0  stubs.o ABSOLUTE
    _printf_wc                               0x00000000   Number         0  stubs.o ABSOLUTE
    _printf_wctomb                           0x00000000   Number         0  stubs.o ABSOLUTE
    _printf_widthprec                        0x00000000   Number         0  stubs.o ABSOLUTE
    _printf_x                                0x00000000   Number         0  stubs.o ABSOLUTE
    __Vectors                                0x00000c00   Data           0  lm3s21xx_vect.s.o(RESET)
    Reset_Handler                            0x00000d01   Thumb Code     0  lm3s21xx_vect.s.o(RESET)
    __main                                   0x00000d0d   Thumb Code     0  entry.o(.ARM.Collect$$$$00000000)
    _main_stk                                0x00000d0d   Thumb Code     0  entry2.o(.ARM.Collect$$$$00000001)
    _main_scatterload                        0x00000d11   Thumb Code     0  entry5.o(.ARM.Collect$$$$00000004)
    __main_after_scatterload                 0x00000d15   Thumb Code     0  entry5.o(.ARM.Collect$$$$00000004)
    _main_init                               0x00000d15   Thumb Code     0  entry7.o(.ARM.Collect$$$$00000007)
    SysCtlDelay                              0x00000d21   Thumb Code     6  lm3s21xx_sysctl.o(.emb_text)
    CANRegRead                               0x00000d29   Thumb Code    36  lm3s21xx_can.o(.text)
    CANRegWrite                              0x00000d4d   Thumb Code     8  lm3s21xx_can.o(.text)
    CANIntNumberGet                          0x00000d55   Thumb Code    38  lm3s21xx_can.o(.text)
    CANStatusGet                             0x00000d7b   Thumb Code   140  lm3s21xx_can.o(.text)
    CAN_RxMsg_Set                            0x00000e07   Thumb Code   390  lm3s21xx_can.o(.text)
    Set_MsgRam                               0x00000f8d   Thumb Code   196  lm3s21xx_can.o(.text)
    CANIntEnable                             0x00001051   Thumb Code    30  lm3s21xx_can.o(.text)
    CANEnable                                0x0000106f   Thumb Code    28  lm3s21xx_can.o(.text)
    CANBitTimingSet                          0x0000108b   Thumb Code    70  lm3s21xx_can.o(.text)
    Clr_MsgRam                               0x000010d1   Thumb Code   172  lm3s21xx_can.o(.text)
    Init_CAN                                 0x0000117d   Thumb Code    60  lm3s21xx_can.o(.text)
    CANDataRegWrite                          0x000011b9   Thumb Code    50  lm3s21xx_can.o(.text)
    CANDataRegRead                           0x000011eb   Thumb Code    50  lm3s21xx_can.o(.text)
    CANIntStatus                             0x0000121d   Thumb Code    64  lm3s21xx_can.o(.text)
    CANIntClear                              0x0000125d   Thumb Code    82  lm3s21xx_can.o(.text)
    CANErrCntrGet                            0x000012af   Thumb Code    38  lm3s21xx_can.o(.text)
    CAN_Tx_Msg                               0x000012d5   Thumb Code   206  lm3s21xx_can.o(.text)
    CAN_Rx_Msg                               0x000013a3   Thumb Code   184  lm3s21xx_can.o(.text)
    GPIOPinWrite                             0x00001461   Thumb Code     6  lm3s21xx_gpio.o(.text)
    GPIOPinIntEnable                         0x00001467   Thumb Code    12  lm3s21xx_gpio.o(.text)
    GPIOIntTypeSet                           0x00001473   Thumb Code    68  lm3s21xx_gpio.o(.text)
    GPIOPadConfigSet                         0x000014b7   Thumb Code   200  lm3s21xx_gpio.o(.text)
    GPIODirModeSet                           0x0000157f   Thumb Code    46  lm3s21xx_gpio.o(.text)
    GPIOPinTypeGPIOOutput                    0x000015ad   Thumb Code    30  lm3s21xx_gpio.o(.text)
    GPIOPinTypeGPIOInput                     0x000015cb   Thumb Code    30  lm3s21xx_gpio.o(.text)
    GPIOPinTypeTimer                         0x000015e9   Thumb Code    30  lm3s21xx_gpio.o(.text)
    GPIOPinTypeUART                          0x00001607   Thumb Code    30  lm3s21xx_gpio.o(.text)
    GPIOPinTypeCAN                           0x00001625   Thumb Code    30  lm3s21xx_gpio.o(.text)
    GPIOPinTypeSSI                           0x00001643   Thumb Code    30  lm3s21xx_gpio.o(.text)
    Init_Gpio                                0x00001661   Thumb Code   332  lm3s21xx_gpio.o(.text)
    GPIOPinIntDisable                        0x000017ad   Thumb Code    12  lm3s21xx_gpio.o(.text)
    GPIOPinRead                              0x000017b9   Thumb Code     6  lm3s21xx_gpio.o(.text)
    IntEnable                                0x000017d9   Thumb Code    94  lm3s21xx_interrupt.o(.text)
    IntPrioritySet                           0x00001837   Thumb Code    70  lm3s21xx_interrupt.o(.text)
    Init_Int                                 0x0000187d   Thumb Code   172  lm3s21xx_interrupt.o(.text)
    IntMasterEnable                          0x00001929   Thumb Code    10  lm3s21xx_interrupt.o(.text)
    IntMasterDisable                         0x00001933   Thumb Code    10  lm3s21xx_interrupt.o(.text)
    IntDisable                               0x0000193d   Thumb Code    94  lm3s21xx_interrupt.o(.text)
    SSIEnable                                0x0000199d   Thumb Code    10  lm3s21xx_ssi.o(.text)
    SSIConfigSetExpClk                       0x000019a7   Thumb Code    64  lm3s21xx_ssi.o(.text)
    Init_Ssi                                 0x000019e7   Thumb Code    44  lm3s21xx_ssi.o(.text)
    SSIDataLen                               0x00001a13   Thumb Code    18  lm3s21xx_ssi.o(.text)
    SSIDataPut                               0x00001a25   Thumb Code    10  lm3s21xx_ssi.o(.text)
    SysCtlClockGet                           0x00001a39   Thumb Code   242  lm3s21xx_sysctl.o(.text)
    SysCtlClockSet                           0x00001b2b   Thumb Code   278  lm3s21xx_sysctl.o(.text)
    SysCtlLDOSet                             0x00001c41   Thumb Code     6  lm3s21xx_sysctl.o(.text)
    Init_Pll                                 0x00001c47   Thumb Code    34  lm3s21xx_sysctl.o(.text)
    SysCtlPeripheralEnable                   0x00001c69   Thumb Code    52  lm3s21xx_sysctl.o(.text)
    SysCtlPeripheralDisable                  0x00001c9d   Thumb Code    52  lm3s21xx_sysctl.o(.text)
    SysTickIntEnable                         0x00001d01   Thumb Code    14  lm3s21xx_systick.o(.text)
    SysTickEnable                            0x00001d0f   Thumb Code    14  lm3s21xx_systick.o(.text)
    SysTickPeriodSet                         0x00001d1d   Thumb Code    10  lm3s21xx_systick.o(.text)
    Init_SysTick                             0x00001d27   Thumb Code    28  lm3s21xx_systick.o(.text)
    TimerEnable                              0x00001d49   Thumb Code    14  lm3s21xx_timer.o(.text)
    TimerIntEnable                           0x00001d57   Thumb Code     8  lm3s21xx_timer.o(.text)
    TimerMatchSet                            0x00001d5f   Thumb Code    18  lm3s21xx_timer.o(.text)
    TimerLoadSet                             0x00001d71   Thumb Code    18  lm3s21xx_timer.o(.text)
    TimerControlEvent                        0x00001d83   Thumb Code    18  lm3s21xx_timer.o(.text)
    TimerControlLevel                        0x00001d95   Thumb Code    22  lm3s21xx_timer.o(.text)
    TimerConfigure                           0x00001dab   Thumb Code    26  lm3s21xx_timer.o(.text)
    Init_Timer                               0x00001dc5   Thumb Code   364  lm3s21xx_timer.o(.text)
    TimerDisable                             0x00001f31   Thumb Code    14  lm3s21xx_timer.o(.text)
    TimerIntDisable                          0x00001f3f   Thumb Code     8  lm3s21xx_timer.o(.text)
    UARTIntEnable                            0x00001f69   Thumb Code     8  lm3s21xx_uart.o(.text)
    UARTFIFOLevelSet                         0x00001f71   Thumb Code     6  lm3s21xx_uart.o(.text)
    UARTEnable                               0x00001f77   Thumb Code    20  lm3s21xx_uart.o(.text)
    UARTDisable                              0x00001f8b   Thumb Code    26  lm3s21xx_uart.o(.text)
    UARTConfigSetExpClk                      0x00001fa5   Thumb Code    50  lm3s21xx_uart.o(.text)
    Init_Com                                 0x00001fd7   Thumb Code   160  lm3s21xx_uart.o(.text)
    Init_Uart                                0x00002077   Thumb Code    44  lm3s21xx_uart.o(.text)
    UARTCharsAvail                           0x000020a3   Thumb Code    10  lm3s21xx_uart.o(.text)
    UARTCharGet                              0x000020ad   Thumb Code     4  lm3s21xx_uart.o(.text)
    UARTCharPut                              0x000020b1   Thumb Code    10  lm3s21xx_uart.o(.text)
    UARTBusy                                 0x000020bb   Thumb Code     8  lm3s21xx_uart.o(.text)
    UARTIntDisable                           0x000020c3   Thumb Code     8  lm3s21xx_uart.o(.text)
    UARTIntStatus                            0x000020cb   Thumb Code    10  lm3s21xx_uart.o(.text)
    UARTIntClear                             0x000020d5   Thumb Code     4  lm3s21xx_uart.o(.text)
    WatchdogEnable                           0x00002101   Thumb Code    14  lm3s21xx_watchdog.o(.text)
    WatchdogStallEnable                      0x0000210f   Thumb Code    12  lm3s21xx_watchdog.o(.text)
    WatchdogResetEnable                      0x0000211b   Thumb Code    14  lm3s21xx_watchdog.o(.text)
    WatchdogReloadSet                        0x00002129   Thumb Code     8  lm3s21xx_watchdog.o(.text)
    WatchdogIntClear                         0x00002131   Thumb Code     8  lm3s21xx_watchdog.o(.text)
    WatchdogUnlock                           0x00002139   Thumb Code     8  lm3s21xx_watchdog.o(.text)
    Init_Wdt                                 0x00002141   Thumb Code    50  lm3s21xx_watchdog.o(.text)
    WatchdogReloadGet                        0x00002173   Thumb Code     8  lm3s21xx_watchdog.o(.text)
    WDTFeed                                  0x0000217b   Thumb Code    12  lm3s21xx_watchdog.o(.text)
    CPUcpsid                                 0x00002199   Thumb Code     0  cpu_keil.o(.text)
    CPUcpsie                                 0x000021a1   Thumb Code     0  cpu_keil.o(.text)
    CPUwfi                                   0x000021a9   Thumb Code     0  cpu_keil.o(.text)
    main                                     0x000021ad   Thumb Code   172  main.o(.text)
    WatchDogHandler                          0x00002259   Thumb Code     4  interrupt.o(.text)
    SysTickIntHandler                        0x0000225d   Thumb Code   268  interrupt.o(.text)
    ADC0Handler                              0x00002369   Thumb Code     2  interrupt.o(.text)
    UART0IntHandler                          0x0000236b   Thumb Code   326  interrupt.o(.text)
    UART1IntHandler                          0x000024b1   Thumb Code   222  interrupt.o(.text)
    Timer0AIntHandler                        0x0000258f   Thumb Code   122  interrupt.o(.text)
    Timer0BIntHandler                        0x00002609   Thumb Code    42  interrupt.o(.text)
    Timer1AIntHandler                        0x00002633   Thumb Code   370  interrupt.o(.text)
    Timer1BIntHandler                        0x000027a5   Thumb Code    22  interrupt.o(.text)
    Timer2AIntHandler                        0x000027bb   Thumb Code    30  interrupt.o(.text)
    Timer2BIntHandler                        0x000027d9   Thumb Code    26  interrupt.o(.text)
    GPIOBHandler                             0x000027f3   Thumb Code   294  interrupt.o(.text)
    GPIOCHandler                             0x00002919   Thumb Code    10  interrupt.o(.text)
    GPIOFHandler                             0x00002923   Thumb Code   180  interrupt.o(.text)
    CANHandler                               0x000029d7   Thumb Code   266  interrupt.o(.text)
    Reset_HD7279                             0x00002bbd   Thumb Code    72  disp.o(.text)
    Disp_Data                                0x00002c05   Thumb Code    76  disp.o(.text)
    Update_N_Buf                             0x00002c51   Thumb Code    50  disp.o(.text)
    Update_Mtr_Num                           0x00002c83   Thumb Code    48  disp.o(.text)
    Copy_Str_To_DSBUF                        0x00002cb3   Thumb Code   116  disp.o(.text)
    Disp_Long_Data                           0x00002d27   Thumb Code    86  disp.o(.text)
    Disp_Time_Pr                             0x00002d7d   Thumb Code    24  disp.o(.text)
    Read_Mtr_Numb                            0x00002db9   Thumb Code   104  init.o(.text)
    Init_Ram                                 0x00002e21   Thumb Code   276  init.o(.text)
    SLV_REQ_RETX                             0x00003015   Thumb Code    42  can.o(.text)
    CAN_LDATA_RX_Pr                          0x0000303f   Thumb Code   232  can.o(.text)
    Proc_LDATA_MSG_IBUF                      0x00003127   Thumb Code   194  can.o(.text)
    CAN_LDATA_TX_Pr                          0x000031e9   Thumb Code   160  can.o(.text)
    Proc_CAN_REQ_OvTm                        0x00003289   Thumb Code    32  can.o(.text)
    SLV_REQ_TX                               0x000032a9   Thumb Code    60  can.o(.text)
    Proc_Mst_Check                           0x000032e5   Thumb Code    46  can.o(.text)
    Proc_SDATA_IBUF                          0x00003313   Thumb Code   644  can.o(.text)
    SDATA_MSG_OHead_ADD_ONE                  0x00003597   Thumb Code    34  can.o(.text)
    Proc_SDATA_OBUF                          0x000035b9   Thumb Code    58  can.o(.text)
    BOOT_INT_DIS                             0x0000360d   Thumb Code    82  uart.o(.text)
    Proc_Com_IBuf                            0x0000365f   Thumb Code   170  uart.o(.text)
    Proc_Com_OBuf                            0x00003709   Thumb Code   174  uart.o(.text)
    Proc_Com_Rx_OvTm                         0x000037b7   Thumb Code    68  uart.o(.text)
    Cal_Clk_Reload                           0x00003861   Thumb Code   390  clk_err.o(.text)
    Set_MTR_LCT_Com                          0x000039e7   Thumb Code   122  clk_err.o(.text)
    Set_Clk_Freq_Pr                          0x00003a61   Thumb Code    38  clk_err.o(.text)
    Set_Clk_Time_Pr                          0x00003a87   Thumb Code    34  clk_err.o(.text)
    Set_Clk_Ctl_Pr                           0x00003aa9   Thumb Code    58  clk_err.o(.text)
    Set_XuL_Ctl_Pr                           0x00003ae3   Thumb Code    58  clk_err.o(.text)
    Set_XuL_Pls_Num                          0x00003b1d   Thumb Code    52  clk_err.o(.text)
    Set_Disp_Mode                            0x00003b51   Thumb Code    22  clk_err.o(.text)
    Set_Reload_MtrD                          0x00003b67   Thumb Code    28  clk_err.o(.text)
    Set_Reload_LctD                          0x00003b83   Thumb Code    28  clk_err.o(.text)
    Set_ReTx_MtrD                            0x00003b9f   Thumb Code    28  clk_err.o(.text)
    Set_ReTx_LctD                            0x00003bbb   Thumb Code    28  clk_err.o(.text)
    Set_Time_Base                            0x00003bd7   Thumb Code    24  clk_err.o(.text)
    Check_Std_Clk                            0x00003bef   Thumb Code    16  clk_err.o(.text)
    Act_Freq_to_Set                          0x00003bff   Thumb Code   388  clk_err.o(.text)
    Proc_Clk_OvTm                            0x00003d83   Thumb Code   160  clk_err.o(.text)
    MEA_CLK_FREQ                             0x00003e23   Thumb Code   972  clk_err.o(.text)
    MEA_XUL_TIME                             0x000041ef   Thumb Code   274  clk_err.o(.text)
    Proc_MFuction_PLS                        0x00004301   Thumb Code    68  clk_err.o(.text)
    Proc_Xul_Pls                             0x00004345   Thumb Code   100  clk_err.o(.text)
    Send_Data                                0x00004421   Thumb Code   108  eng_err.o(.text)
    I_JDQ_Time_Pr                            0x0000448d   Thumb Code    66  eng_err.o(.text)
    UJDQ_ESwitch_Time_Pr                     0x000044cf   Thumb Code   230  eng_err.o(.text)
    I_In_Out_Pr                              0x000045b5   Thumb Code    86  eng_err.o(.text)
    UJDQ_Control_Pr                          0x0000460b   Thumb Code    76  eng_err.o(.text)
    ESwitch_Control_Pr                       0x00004657   Thumb Code   226  eng_err.o(.text)
    UJDQ_Close_ESwitch_Open                  0x00004739   Thumb Code    42  eng_err.o(.text)
    Uin_Iin_Pr                               0x00004763   Thumb Code    14  eng_err.o(.text)
    UJDQ_Close_ESwitch_Close                 0x00004771   Thumb Code    42  eng_err.o(.text)
    UJDQ_Open_ESwitch_Close                  0x0000479b   Thumb Code    42  eng_err.o(.text)
    UJDQ_Open_ESwitch_Open                   0x000047c5   Thumb Code    42  eng_err.o(.text)
    ELSC_PLS_IN_DEN                          0x000047ef   Thumb Code   188  eng_err.o(.text)
    GDT_PLS_IN_DEN                           0x000048ab   Thumb Code    62  eng_err.o(.text)
    ENG_PLS_IN_Pr                            0x000048e9   Thumb Code   294  eng_err.o(.text)
    CLK_XUL_PLS_IN_Pr                        0x00004a0f   Thumb Code   146  eng_err.o(.text)
    ReStart_Mea_Err                          0x00004aa1   Thumb Code    78  eng_err.o(.text)
    Cal_Gp_Relaod                            0x00004aef   Thumb Code    72  eng_err.o(.text)
    Cal_STD_ENG_CNT_VAL                      0x00004b37   Thumb Code   164  eng_err.o(.text)
    Set_STD_CST_Pr                           0x00004bdb   Thumb Code    44  eng_err.o(.text)
    Set_N_Pr                                 0x00004c07   Thumb Code    78  eng_err.o(.text)
    ERR_CLR_Pr                               0x00004c55   Thumb Code   252  eng_err.o(.text)
    GDT_RST_Pr                               0x00004d51   Thumb Code    32  eng_err.o(.text)
    ELEC_HEAD_RESET_Pr                       0x00004d71   Thumb Code    40  eng_err.o(.text)
    MTR_PLUG_Pr                              0x00004d99   Thumb Code    62  eng_err.o(.text)
    CATCH_HB_Pr                              0x00004dd7   Thumb Code    74  eng_err.o(.text)
    Start_Stop_Pr                            0x00004e21   Thumb Code    48  eng_err.o(.text)
    Set_PLSHC                                0x00004e51   Thumb Code    46  eng_err.o(.text)
    BEEP_EN_Pr                               0x00004e7f   Thumb Code    24  eng_err.o(.text)
    Login_Verify_Sts                         0x00004e97   Thumb Code    30  eng_err.o(.text)
    Verify_Start_Pr                          0x00004eb5   Thumb Code    28  eng_err.o(.text)
    Set_Mtr_Cst_Pr                           0x00004ed1   Thumb Code    78  eng_err.o(.text)
    PLS_SEL_Pr                               0x00004f1f   Thumb Code    28  eng_err.o(.text)
    Cnt_ENG_Pr                               0x00004f3b   Thumb Code   100  eng_err.o(.text)
    ENG_CLR_Pr                               0x00004f9f   Thumb Code    96  eng_err.o(.text)
    PZ_ERR_Pr                                0x00004fff   Thumb Code    28  eng_err.o(.text)
    Set_Pzbz_Pr                              0x0000501b   Thumb Code    64  eng_err.o(.text)
    Set_Pzzs_Pr                              0x0000505b   Thumb Code    48  eng_err.o(.text)
    Login_Sy_Sts                             0x0000508b   Thumb Code    76  eng_err.o(.text)
    Start_Sy_Pr                              0x000050d7   Thumb Code    28  eng_err.o(.text)
    CYCLE_PLS_SEL_Pr                         0x000050f3   Thumb Code    40  eng_err.o(.text)
    DIVIDE_COEF_Pr                           0x0000511b   Thumb Code   146  eng_err.o(.text)
    MEA_MTR_CST_Pr                           0x000051ad   Thumb Code    28  eng_err.o(.text)
    Power_Test_Pr                            0x000051c9   Thumb Code    88  eng_err.o(.text)
    MEA_PLS_CYCLE_Pr                         0x00005221   Thumb Code    22  eng_err.o(.text)
    WIRE_TYPE_Pr                             0x00005237   Thumb Code    32  eng_err.o(.text)
    ELEC_PLS_TYPE_Pr                         0x00005257   Thumb Code    64  eng_err.o(.text)
    Set_ZZ_PLS_Pr                            0x00005297   Thumb Code    22  eng_err.o(.text)
    PLS_ZZ_Pr                                0x000052ad   Thumb Code    34  eng_err.o(.text)
    ReSet_ZZ_PLS_Pr                          0x000052cf   Thumb Code    38  eng_err.o(.text)
    Start_Ny_Pr                              0x000052f5   Thumb Code    36  eng_err.o(.text)
    Ny_Time_End_Pr                           0x00005319   Thumb Code     2  eng_err.o(.text)
    Chg_U_In_Pr                              0x0000531b   Thumb Code    26  eng_err.o(.text)
    STS_Light_Pr                             0x00005335   Thumb Code    28  eng_err.o(.text)
    Set_Sy_Ph                                0x00005351   Thumb Code    20  eng_err.o(.text)
    Set_Min_CST_Pr                           0x00005365   Thumb Code    48  eng_err.o(.text)
    Set_ZZ_Ds                                0x00005395   Thumb Code   146  eng_err.o(.text)
    Set_Phase                                0x00005427   Thumb Code    36  eng_err.o(.text)
    Set_WhVar                                0x0000544b   Thumb Code    26  eng_err.o(.text)
    Set_Sy                                   0x00005465   Thumb Code    26  eng_err.o(.text)
    MFuction_Clk_Cfg                         0x0000547f   Thumb Code   208  eng_err.o(.text)
    Set_MFCLK_Mode                           0x0000554f   Thumb Code    28  eng_err.o(.text)
    Set_MFCLK_Type                           0x0000556b   Thumb Code   212  eng_err.o(.text)
    ENG_ERR_MODE_Pr                          0x0000563f   Thumb Code   388  eng_err.o(.text)
    MTR_PLUG_MODE_Pr                         0x000057c3   Thumb Code    94  eng_err.o(.text)
    CATCH_HB_MODE_Pr                         0x00005821   Thumb Code   142  eng_err.o(.text)
    START_STOP_MODE_Pr                       0x000058af   Thumb Code   108  eng_err.o(.text)
    VERIFY_READY_MODE_Pr                     0x0000591b   Thumb Code    62  eng_err.o(.text)
    VERIFY_START_MODE_Pr                     0x00005959   Thumb Code   128  eng_err.o(.text)
    VOLTAGE_DOWN_MODE_Pr                     0x000059d9   Thumb Code   582  eng_err.o(.text)
    MEASURE_ENG_MODE_Pr                      0x00005c1f   Thumb Code   106  eng_err.o(.text)
    PANZHUAN_ERR_MODE_Pr                     0x00005c89   Thumb Code   240  eng_err.o(.text)
    MEA_CST_MODE_Pr                          0x00005d79   Thumb Code   106  eng_err.o(.text)
    MEA_POWER_D_MODE_Pr                      0x00005de3   Thumb Code    52  eng_err.o(.text)
    MEA_ENG_DUTY_MODE_Pr                     0x00005e17   Thumb Code   486  eng_err.o(.text)
    PULSE_ZZ_MODE_Pr                         0x00005ffd   Thumb Code   176  eng_err.o(.text)
    NYSY_MODE_Pr                             0x000060ad   Thumb Code   148  eng_err.o(.text)
    Work_Mode_Pr                             0x00006141   Thumb Code    68  eng_err.o(.text)
    JTAG_EN_Pr                               0x000061e9   Thumb Code    70  加密.o(.text)
    __aeabi_memcpy                           0x00006239   Thumb Code    36  memcpya.o(.text)
    __aeabi_memcpy4                          0x00006239   Thumb Code     0  memcpya.o(.text)
    __aeabi_memcpy8                          0x00006239   Thumb Code     0  memcpya.o(.text)
    __aeabi_memset                           0x0000625d   Thumb Code    14  memseta.o(.text)
    __aeabi_memset4                          0x0000625d   Thumb Code     0  memseta.o(.text)
    __aeabi_memset8                          0x0000625d   Thumb Code     0  memseta.o(.text)
    __aeabi_memclr                           0x0000626b   Thumb Code     4  memseta.o(.text)
    __aeabi_memclr4                          0x0000626b   Thumb Code     0  memseta.o(.text)
    __aeabi_memclr8                          0x0000626b   Thumb Code     0  memseta.o(.text)
    _memset$wrapper                          0x0000626f   Thumb Code    20  memseta.o(.text)
    strcpy                                   0x00006283   Thumb Code    18  strcpy.o(.text)
    __aeabi_fadd                             0x00006295   Thumb Code   164  fadd.o(.text)
    __aeabi_fsub                             0x00006339   Thumb Code     6  fadd.o(.text)
    __aeabi_frsub                            0x0000633f   Thumb Code     6  fadd.o(.text)
    __aeabi_fmul                             0x00006345   Thumb Code   106  fmul.o(.text)
    __aeabi_fdiv                             0x000063af   Thumb Code   128  fdiv.o(.text)
    __aeabi_dadd                             0x0000642f   Thumb Code   338  dadd.o(.text)
    __aeabi_dsub                             0x00006581   Thumb Code     6  dadd.o(.text)
    __aeabi_drsub                            0x00006587   Thumb Code     6  dadd.o(.text)
    __aeabi_dmul                             0x0000658d   Thumb Code   240  dmul.o(.text)
    __aeabi_ddiv                             0x0000667d   Thumb Code   280  ddiv.o(.text)
    __aeabi_ui2f                             0x00006795   Thumb Code    10  ffltui.o(.text)
    __aeabi_ui2d                             0x0000679f   Thumb Code    26  dfltui.o(.text)
    __aeabi_f2uiz                            0x000067b9   Thumb Code    40  ffixui.o(.text)
    __aeabi_d2uiz                            0x000067e1   Thumb Code    48  dfixui.o(.text)
    __aeabi_f2d                              0x00006811   Thumb Code    36  f2d.o(.text)
    __aeabi_cdcmpeq                          0x00006835   Thumb Code     0  cdcmple.o(.text)
    __aeabi_cdcmple                          0x00006835   Thumb Code    74  cdcmple.o(.text)
    __aeabi_cdrcmple                         0x00006881   Thumb Code    74  cdrcmple.o(.text)
    __aeabi_d2f                              0x000068cd   Thumb Code    64  d2f.o(.text)
    __aeabi_cfcmpeq                          0x0000690d   Thumb Code     0  cfcmple.o(.text)
    __aeabi_cfcmple                          0x0000690d   Thumb Code    20  cfcmple.o(.text)
    __aeabi_uidiv                            0x00006921   Thumb Code     0  uidiv.o(.text)
    __aeabi_uidivmod                         0x00006921   Thumb Code    44  uidiv.o(.text)
    __aeabi_uldivmod                         0x0000694d   Thumb Code    90  uldiv.o(.text)
    __aeabi_llsl                             0x000069a7   Thumb Code    32  llshl.o(.text)
    _ll_shift_l                              0x000069a7   Thumb Code     0  llshl.o(.text)
    __aeabi_llsr                             0x000069c7   Thumb Code    30  llushr.o(.text)
    _ll_ushift_r                             0x000069c7   Thumb Code     0  llushr.o(.text)
    __aeabi_lasr                             0x000069e5   Thumb Code    34  llsshr.o(.text)
    _ll_sshift_r                             0x000069e5   Thumb Code     0  llsshr.o(.text)
    __I$use$fp                               0x00006a07   Thumb Code     0  iusefp.o(.text)
    _float_round                             0x00006a07   Thumb Code    18  fepilogue.o(.text)
    _float_epilogue                          0x00006a19   Thumb Code    92  fepilogue.o(.text)
    _double_round                            0x00006a75   Thumb Code    50  depilogue.o(.text)
    _double_epilogue                         0x00006aa7   Thumb Code   184  depilogue.o(.text)
    __aeabi_d2ulz                            0x00006b5f   Thumb Code    50  dfixul.o(.text)
    __scatterload                            0x00006b91   Thumb Code    28  init.o(.text)
    __scatterload_rt2                        0x00006b91   Thumb Code     0  init.o(.text)
    __decompress                             0x00006bb5   Thumb Code     0  __dczerorl.o(.text)
    __decompress0                            0x00006bb5   Thumb Code    58  __dczerorl.o(.text)
    __0sprintf                               0x00006bf1   Thumb Code    34  printfa.o(i.__0sprintf)
    __1sprintf                               0x00006bf1   Thumb Code     0  printfa.o(i.__0sprintf)
    __2sprintf                               0x00006bf1   Thumb Code     0  printfa.o(i.__0sprintf)
    __c89sprintf                             0x00006bf1   Thumb Code     0  printfa.o(i.__0sprintf)
    sprintf                                  0x00006bf1   Thumb Code     0  printfa.o(i.__0sprintf)
    __scatterload_copy                       0x00006c19   Thumb Code    14  handlers.o(i.__scatterload_copy)
    __scatterload_null                       0x00006c27   Thumb Code     2  handlers.o(i.__scatterload_null)
    __scatterload_zeroinit                   0x00006c29   Thumb Code    14  handlers.o(i.__scatterload_zeroinit)
    CAN_MSG_SET_TAB                          0x00007558   Data         156  lm3s21xx_can.o(.constdata)
    Parity_Set_TAB                           0x00007650   Data           5  lm3s21xx_uart.o(.constdata)
    UART_PARA_TAB                            0x00007658   Data           8  lm3s21xx_uart.o(.constdata)
    Disp_Code_Tab                            0x00007660   Data          30  disp.o(.constdata)
    CAN_LMSG_RX_TAB                          0x00007680   Data         160  can.o(.constdata)
    CAN_LMSG_TX_TAB                          0x00007720   Data         160  can.o(.constdata)
    CAN_TX_SMSG                              0x000077c0   Data          16  can.o(.constdata)
    UART_PORT                                0x000077d0   Data           8  uart.o(.constdata)
    CYCLE_PIN_TAB                            0x000077d8   Data           4  eng_err.o(.constdata)
    ESwitch_PORT_TAB                         0x000077dc   Data          12  eng_err.o(.constdata)
    ESwitch_PIN_TAB                          0x000077e8   Data          12  eng_err.o(.constdata)
    Region$$Table$$Base                      0x000077f4   Number         0  anon$$obj.o(Region$$Table)
    Region$$Table$$Limit                     0x00007814   Number         0  anon$$obj.o(Region$$Table)
    WORD0_BIT                                0x20000000   Data           4  vari.o(.ARM.__at_0x20000000)
    WORD1_BIT                                0x20000004   Data           4  vari.o(.ARM.__at_0x20000004)
    WORD2_BIT                                0x20000008   Data           4  vari.o(.ARM.__at_0x20000008)
    WORD3_BIT                                0x2000000c   Data           4  vari.o(.ARM.__at_0x2000000c)
    NY_RESULT                                0x20000010   Data           1  vari.o(.data)
    TIME_ASC                                 0x20000011   Data           8  vari.o(.data)
    PLSGD                                    0x20000019   Data           1  vari.o(.data)
    MFClk_Mode                               0x2000001a   Data           1  vari.o(.data)
    MFClk_Type                               0x2000001b   Data           1  vari.o(.data)
    PLSHC_MODE                               0x2000001c   Data           1  vari.o(.data)
    Phase_Value                              0x20000020   Data           4  vari.o(.data)
    Wh_Var                                   0x20000024   Data           1  vari.o(.data)
    Disp_Choose                              0x20000025   Data           1  vari.o(.data)
    Disp_Code_Mode                           0x20000026   Data           1  vari.o(.data)
    NEW_ELEC_PLS_CNT                         0x20000028   Data           2  vari.o(.data)
    OLD_ELEC_PLS_CNT                         0x2000002a   Data           2  vari.o(.data)
    CURRENT_N_ASC                            0x2000002c   Data           2  vari.o(.data)
    PLS_Lvl_Time                             0x20000030   Data           8  vari.o(.data)
    High_Lvl_Time_Tp                         0x20000038   Data           4  vari.o(.data)
    Low_Lvl_Time_Tp                          0x2000003c   Data           4  vari.o(.data)
    High_Lvl_CNT                             0x20000040   Data           1  vari.o(.data)
    Low_Lvl_CNT                              0x20000041   Data           1  vari.o(.data)
    CMD_DATA                                 0x20000042   Data           1  vari.o(.data)
    WIRE_TYPE                                0x20000043   Data           1  vari.o(.data)
    DIVIDE_Coef                              0x20000044   Data           2  vari.o(.data)
    CYCLE_MEA_SEL                            0x20000046   Data           1  vari.o(.data)
    SY_CNT                                   0x20000047   Data           1  vari.o(.data)
    SY_PROCESS                               0x20000048   Data           1  vari.o(.data)
    SY_MODE                                  0x20000049   Data           1  vari.o(.data)
    SY_PHASE                                 0x2000004a   Data           1  vari.o(.data)
    PZ_CNT                                   0x2000004b   Data           1  vari.o(.data)
    PZ_STD_CNT                               0x2000004c   Data           1  vari.o(.data)
    PZZS                                     0x2000004d   Data           1  vari.o(.data)
    PZBZ                                     0x2000004e   Data           1  vari.o(.data)
    PZ_ERR_ASC                               0x2000004f   Data           3  vari.o(.data)
    VERIFY_ENG_Kwh                           0x20000054   Data           4  vari.o(.data)
    VERIFY_PLS_Set                           0x20000058   Data           4  vari.o(.data)
    CURRENT_VERIFY_PLS                       0x2000005c   Data           4  vari.o(.data)
    ZZ_PLS_Set                               0x20000060   Data           4  vari.o(.data)
    CURRENT_PLS_CNT                          0x20000064   Data           4  vari.o(.data)
    CURRENT_ENG_KWh                          0x20000068   Data           4  vari.o(.data)
    GP_CLK_SET                               0x2000006c   Data           4  vari.o(.data)
    GP_CLK_ACT                               0x20000070   Data           4  vari.o(.data)
    GP_RELOAD_TIME                           0x20000074   Data           2  vari.o(.data)
    GP_RELOAD_VAL                            0x20000076   Data           2  vari.o(.data)
    GP_RELOAD_Cnt                            0x20000078   Data           2  vari.o(.data)
    STD_CLK_Cnt                              0x2000007c   Data           4  vari.o(.data)
    CLK_MEA_CTL                              0x20000080   Data           1  vari.o(.data)
    CLK_STB_RNG                              0x20000082   Data           2  vari.o(.data)
    CLK_RELOAD_TIME                          0x20000084   Data           2  vari.o(.data)
    CLK_RELOAD_VAL                           0x20000086   Data           2  vari.o(.data)
    CLK_RELOAD_Cnt                           0x20000088   Data           2  vari.o(.data)
    CLK_MEA_TIME                             0x2000008a   Data           1  vari.o(.data)
    CLK_FREQ_SET                             0x2000008c   Data           4  vari.o(.data)
    CLK_DAY_ERR                              0x20000090   Data           8  vari.o(.data)
    CLK_NEW_ACT_FREQ                         0x20000098   Data           8  vari.o(.data)
    CLK_OLD_ACT_FREQ                         0x200000a0   Data           8  vari.o(.data)
    STD_CLK_VAL_ONE                          0x200000a8   Data           8  vari.o(.data)
    STD_CLK_VAL_SUM                          0x200000b0   Data           8  vari.o(.data)
    NEW_CLK_Cnt                              0x200000b8   Data           4  vari.o(.data)
    OLD_CLK_Cnt                              0x200000bc   Data           4  vari.o(.data)
    CLK_Cnt_OSub                             0x200000c0   Data           4  vari.o(.data)
    CLK_Cnt_NSub                             0x200000c4   Data           4  vari.o(.data)
    XUL_MEA_CTL                              0x200000c8   Data           1  vari.o(.data)
    XUL_TIME                                 0x200000cc   Data           4  vari.o(.data)
    XUL_RELOAD_TIME                          0x200000d0   Data           1  vari.o(.data)
    XUL_RELOAD_Cnt                           0x200000d1   Data           1  vari.o(.data)
    XUL_Cnt_Sum                              0x200000d8   Data           8  vari.o(.data)
    NEW_XUL_Cnt                              0x200000e0   Data           4  vari.o(.data)
    XUL_Cnt_OSub                             0x200000e4   Data           4  vari.o(.data)
    XUL_Cnt_NSub                             0x200000e8   Data           4  vari.o(.data)
    ENG_CLK_CH                               0x200000ec   Data           1  vari.o(.data)
    WORK_MODE                                0x200000ed   Data           1  vari.o(.data)
    ENG_STB_RNG                              0x200000ee   Data           2  vari.o(.data)
    STD_ENG_CNT_VAL                          0x200000f0   Data           4  vari.o(.data)
    STD_ENG_CST                              0x200000f4   Data           4  vari.o(.data)
    MTR_ENG_CST                              0x200000f8   Data           4  vari.o(.data)
    MTR_MIN_CST                              0x200000fc   Data           4  vari.o(.data)
    CURRENT_N                                0x20000100   Data           1  vari.o(.data)
    ACT_N                                    0x20000101   Data           1  vari.o(.data)
    SET_N                                    0x20000102   Data           1  vari.o(.data)
    NEW_ENG_Cnt                              0x20000104   Data           4  vari.o(.data)
    OLD_ENG_Cnt                              0x20000108   Data           4  vari.o(.data)
    STD_ENG_Cnt                              0x2000010c   Data           4  vari.o(.data)
    ENG_Cnt_OSub                             0x20000110   Data           4  vari.o(.data)
    ENG_Cnt_NSub                             0x20000114   Data           4  vari.o(.data)
    ENG_ERR                                  0x20000118   Data           4  vari.o(.data)
    Mtr_Numb_ID                              0x2000011c   Data           1  vari.o(.data)
    Sysclk                                   0x20000120   Data           4  vari.o(.data)
    Timer_1ms                                0x20000124   Data           4  vari.o(.data)
    CAN_REQ_Timer                            0x20000128   Data           4  vari.o(.data)
    Disp_Timer                               0x2000012c   Data           4  vari.o(.data)
    CYCLE_OLD_Timer                          0x20000130   Data           4  vari.o(.data)
    CYCLE_NEW_Timer                          0x20000134   Data           4  vari.o(.data)
    CLK_Timer                                0x20000138   Data           4  vari.o(.data)
    CLK_Timer_Max                            0x2000013c   Data           4  vari.o(.data)
    SY_Timer                                 0x20000140   Data           2  vari.o(.data)
    CMD_SEND_Timer                           0x20000142   Data           2  vari.o(.data)
    Com_Rx_Time                              0x20000144   Data           2  vari.o(.data)
    Com_Rx_OvTm                              0x20000146   Data           2  vari.o(.data)
    GDT_RST_Timer                            0x20000148   Data           1  vari.o(.data)
    UJDQ_Timer                               0x20000149   Data           1  vari.o(.data)
    IJDQ_Timer                               0x2000014a   Data           1  vari.o(.data)
    ESwitch_Timer                            0x2000014b   Data           1  vari.o(.data)
    NY_CHK_Timer                             0x2000014c   Data           1  vari.o(.data)
    STD_CLK_Timer                            0x2000014d   Data           1  vari.o(.data)
    XUL_Timer                                0x2000014e   Data           1  vari.o(.data)
    SZ_Timer                                 0x2000014f   Data           1  vari.o(.data)
    HZ_Timer                                 0x20000150   Data           1  vari.o(.data)
    Disp_Buf                                 0x20000151   Data           8  vari.o(.data)
    Uart_Para                                0x2000015c   Data           8  vari.o(.data)
    CANERR_CNT                               0x20000164   Data           2  vari.o(.data)
    CAN_LMSG_TX_TYPE                         0x20000166   Data           1  vari.o(.data)
    CAN_LMSG_RX_TYPE                         0x20000167   Data           1  vari.o(.data)
    CAN_STS                                  0x20000168   Data           4  vari.o(.data)
    CAN_LDATA_TX_STS                         0x2000016c   Data           1  vari.o(.data)
    CAN_NEXT_MSG_IDx                         0x2000016d   Data           1  vari.o(.data)
    CAN_LMSG_TX_STS                          0x2000016e   Data           1  vari.o(.data)
    CAN_SMSG_TX_STS                          0x2000016f   Data           1  vari.o(.data)
    Echo_Sts                                 0x20000170   Data           1  vari.o(.data)
    CAN_SDATA_MSG_IHead                      0x20000171   Data           1  vari.o(.data)
    CAN_SDATA_MSG_ITail                      0x20000172   Data           1  vari.o(.data)
    CAN_MSG_IPtr                             0x20000174   Data           4  vari.o(.data)
    CAN_SDATA_MSG_OHead                      0x20000178   Data           1  vari.o(.data)
    CAN_SDATA_MSG_OTail                      0x20000179   Data           1  vari.o(.data)
    CAN_MSG_OPtr                             0x2000017c   Data           4  vari.o(.data)
    CAN_LDATA_MSG_IHead                      0x20000180   Data           1  vari.o(.data)
    CAN_LDATA_MSG_ITail                      0x20000181   Data           1  vari.o(.data)
    Com_IHead                                0x20000182   Data           4  vari.o(.data)
    Com_ITail                                0x20000186   Data           4  vari.o(.data)
    Com_Rx_Sts                               0x2000018a   Data           2  vari.o(.data)
    Com_OHead                                0x2000018c   Data           4  vari.o(.data)
    Com_OTail                                0x20000190   Data           4  vari.o(.data)
    Com_Tx_Sts                               0x20000194   Data           2  vari.o(.data)
    TEMP_STR                                 0x20000196   Data           8  vari.o(.data)
    TEST_TIMER                               0x2000019e   Data           2  vari.o(.data)
    ENG_ERR_ASC                              0x200001a0   Data           9  vari.o(.bss)
    CLK_FREQ_ASC                             0x200001a9   Data          13  vari.o(.bss)
    DAY_ERR_ASC                              0x200001b6   Data           9  vari.o(.bss)
    XUL_TIME_ASC                             0x200001bf   Data           9  vari.o(.bss)
    VERIFY_ENG_ASC                           0x200001c8   Data           9  vari.o(.bss)
    CURRENT_ENG_ASC                          0x200001d1   Data           9  vari.o(.bss)
    CURRENT_PLS_ASC                          0x200001da   Data           9  vari.o(.bss)
    HIGH_LVL_TIME                            0x200001e3   Data           9  vari.o(.bss)
    LOW_LVL_TIME                             0x200001ec   Data           9  vari.o(.bss)
    CAN_LMSG_RX_Ptr                          0x200001f8   Data          16  vari.o(.bss)
    CAN_LMSG_TX_Ptr                          0x20000208   Data          16  vari.o(.bss)
    CAN_MSG_Rx                               0x20000218   Data          16  vari.o(.bss)
    CAN_LMSG_Tx                              0x20000228   Data          16  vari.o(.bss)
    CAN_SDATA_MSG_IBUF                       0x20000238   Data         800  vari.o(.bss)
    CAN_SDATA_MSG_OBUF                       0x20000558   Data         800  vari.o(.bss)
    CAN_LDATA_MSG_IBUF                       0x20000878   Data         320  vari.o(.bss)
    Com0_IBuf                                0x200009b8   Data        2048  vari.o(.bss)
    Com0_OBuf                                0x200011b8   Data        1024  vari.o(.bss)
    Com1_IBuf                                0x200015b8   Data        2048  vari.o(.bss)
    Com1_OBuf                                0x20001db8   Data        1024  vari.o(.bss)
    __initial_sp                             0x200023b8   Data           0  lm3s21xx_vect.s.o(STACK)
    SINGLE_OR_THREE                          0x22000000   Data           4  bitvari.o(.ARM.__at_0x22000000)
    NEW_ENG_PLS                              0x22000008   Data           4  bitvari.o(.ARM.__at_0x22000008)
    NEW_CLK_PLS                              0x2200000c   Data           4  bitvari.o(.ARM.__at_0x2200000c)
    NEW_XUL_PLS                              0x22000010   Data           4  bitvari.o(.ARM.__at_0x22000010)
    FIRST_ENG_PLS                            0x22000014   Data           4  bitvari.o(.ARM.__at_0x22000014)
    FIRST_CLK_PLS                            0x22000018   Data           4  bitvari.o(.ARM.__at_0x22000018)
    FIRST_XUL_PLS                            0x2200001c   Data           4  bitvari.o(.ARM.__at_0x2200001c)
    OVER_ERR_FLAG                            0x22000020   Data           4  bitvari.o(.ARM.__at_0x22000020)
    NEW_ENG_DATA                             0x22000024   Data           4  bitvari.o(.ARM.__at_0x22000024)
    NEW_CLK_DATA                             0x22000028   Data           4  bitvari.o(.ARM.__at_0x22000028)
    NEW_XUL_DATA                             0x2200002c   Data           4  bitvari.o(.ARM.__at_0x2200002c)
    BEEP_EN                                  0x22000030   Data           4  bitvari.o(.ARM.__at_0x22000030)
    MTR_PLUG                                 0x22000034   Data           4  bitvari.o(.ARM.__at_0x22000034)
    GDT_RST_FLAG                             0x22000038   Data           4  bitvari.o(.ARM.__at_0x22000038)
    NEW_CMD                                  0x2200003c   Data           4  bitvari.o(.ARM.__at_0x2200003c)
    HB_BACK_EDGE                             0x22000040   Data           4  bitvari.o(.ARM.__at_0x22000040)
    SY_START                                 0x22000044   Data           4  bitvari.o(.ARM.__at_0x22000044)
    ZZ_PLS_LOADED                            0x22000048   Data           4  bitvari.o(.ARM.__at_0x22000048)
    HB_CATCHED                               0x2200004c   Data           4  bitvari.o(.ARM.__at_0x2200004c)
    VERIFY_END                               0x22000050   Data           4  bitvari.o(.ARM.__at_0x22000050)
    SY_ACT                                   0x22000054   Data           4  bitvari.o(.ARM.__at_0x22000054)
    RISE_FALL_LVL                            0x2200005c   Data           4  bitvari.o(.ARM.__at_0x2200005c)
    ENG_STB_CHK                              0x22000060   Data           4  bitvari.o(.ARM.__at_0x22000060)
    CLK_STB_CHK                              0x22000064   Data           4  bitvari.o(.ARM.__at_0x22000064)
    XUL_STB_CHK                              0x22000068   Data           4  bitvari.o(.ARM.__at_0x22000068)
    NO_STD_CLK                               0x2200006c   Data           4  bitvari.o(.ARM.__at_0x2200006c)
    FREQ_OR_DAYERR                           0x22000070   Data           4  bitvari.o(.ARM.__at_0x22000070)
    CLK_SET_ERR                              0x22000074   Data           4  bitvari.o(.ARM.__at_0x22000074)
    NO_CLK_PLS                               0x22000078   Data           4  bitvari.o(.ARM.__at_0x22000078)
    NO_XUL_PLS                               0x2200007c   Data           4  bitvari.o(.ARM.__at_0x2200007c)
    NO_STD_ENG                               0x22000080   Data           4  bitvari.o(.ARM.__at_0x22000080)
    DISP_HL_LVL                              0x22000084   Data           4  bitvari.o(.ARM.__at_0x22000084)
    PULSE_ZZ_END                             0x22000088   Data           4  bitvari.o(.ARM.__at_0x22000088)
    NEW_HZ_PLS                               0x2200008c   Data           4  bitvari.o(.ARM.__at_0x2200008c)
    NEW_TQ_PLS                               0x22000090   Data           4  bitvari.o(.ARM.__at_0x22000090)
    TX_ZS_BIT                                0x22000094   Data           4  bitvari.o(.ARM.__at_0x22000094)
    Test_Bit                                 0x220000d0   Data           4  bitvari.o(.ARM.__at_0x220000d0)
    I_JDQ                                    0x220000d4   Data           4  bitvari.o(.ARM.__at_0x220000d4)
    I_JDQ_CHG                                0x220000d8   Data           4  bitvari.o(.ARM.__at_0x220000d8)
    I_JDQ_EN                                 0x220000dc   Data           4  bitvari.o(.ARM.__at_0x220000dc)
    UJDQ_FLAG                                0x220000e0   Data           4  bitvari.o(.ARM.__at_0x220000e0)
    ESwitch_FLAG                             0x220000e4   Data           4  bitvari.o(.ARM.__at_0x220000e4)
    U_JDQ                                    0x220000e8   Data          12  bitvari.o(.ARM.__at_0x220000e8)
    U_ESwitch                                0x220000f4   Data          12  bitvari.o(.ARM.__at_0x220000f4)



==============================================================================

Memory Map of the image

  Image Entry point : 0x00000d0d

  Load Region LR_IROM1 (Base: 0x00000c00, Size: 0x00006db4, Max: 0x00010000, ABSOLUTE, COMPRESSED[0x00006c18])

    Execution Region ER_IROM1 (Base: 0x00000c00, Size: 0x00006c14, Max: 0x00010000, ABSOLUTE)

    Base Addr    Size         Type   Attr      Idx    E Section Name        Object

    0x00000c00   0x0000010c   Code   RO         1106    RESET               lm3s21xx_vect.s.o
    0x00000d0c   0x00000000   Code   RO         1533  * .ARM.Collect$$$$00000000  entry.o(mc_w.l)
    0x00000d0c   0x00000004   Code   RO         1835    .ARM.Collect$$$$00000001  entry2.o(mc_w.l)
    0x00000d10   0x00000004   Code   RO         1838    .ARM.Collect$$$$00000004  entry5.o(mc_w.l)
    0x00000d14   0x00000008   Code   RO         1839    .ARM.Collect$$$$00000007  entry7.o(mc_w.l)
    0x00000d1c   0x00000004   Code   RO         1836    .ARM.Collect$$$$00002712  entry2.o(mc_w.l)
    0x00000d20   0x00000006   Code   RO          548    .emb_text           lm3s21xx_sysctl.o
    0x00000d26   0x00000002   PAD
    0x00000d28   0x00000738   Code   RO            1    .text               lm3s21xx_can.o
    0x00001460   0x00000378   Code   RO          246    .text               lm3s21xx_gpio.o
    0x000017d8   0x000001c2   Code   RO          351    .text               lm3s21xx_interrupt.o
    0x0000199a   0x00000002   PAD
    0x0000199c   0x0000009c   Code   RO          464    .text               lm3s21xx_ssi.o
    0x00001a38   0x000002c8   Code   RO          549    .text               lm3s21xx_sysctl.o
    0x00001d00   0x00000048   Code   RO          765    .text               lm3s21xx_systick.o
    0x00001d48   0x00000220   Code   RO          813    .text               lm3s21xx_timer.o
    0x00001f68   0x00000198   Code   RO          918    .text               lm3s21xx_uart.o
    0x00002100   0x00000098   Code   RO         1032    .text               lm3s21xx_watchdog.o
    0x00002198   0x00000014   Code   RO         1112    .text               cpu_keil.o
    0x000021ac   0x000000ac   Code   RO         1115    .text               main.o
    0x00002258   0x00000964   Code   RO         1131    .text               interrupt.o
    0x00002bbc   0x000001fc   Code   RO         1320    .text               disp.o
    0x00002db8   0x0000025c   Code   RO         1335    .text               init.o
    0x00003014   0x000005f8   Code   RO         1351    .text               can.o
    0x0000360c   0x00000254   Code   RO         1375    .text               uart.o
    0x00003860   0x00000bc0   Code   RO         1396    .text               clk_err.o
    0x00004420   0x00001dc8   Code   RO         1422    .text               eng_err.o
    0x000061e8   0x00000050   Code   RO         1505    .text               加密.o
    0x00006238   0x00000024   Code   RO         1536    .text               memcpya.o(mc_w.l)
    0x0000625c   0x00000026   Code   RO         1538    .text               memseta.o(mc_w.l)
    0x00006282   0x00000012   Code   RO         1540    .text               strcpy.o(mc_w.l)
    0x00006294   0x000000b0   Code   RO         1805    .text               fadd.o(mf_w.l)
    0x00006344   0x0000006a   Code   RO         1807    .text               fmul.o(mf_w.l)
    0x000063ae   0x00000080   Code   RO         1809    .text               fdiv.o(mf_w.l)
    0x0000642e   0x0000015e   Code   RO         1811    .text               dadd.o(mf_w.l)
    0x0000658c   0x000000f0   Code   RO         1813    .text               dmul.o(mf_w.l)
    0x0000667c   0x00000118   Code   RO         1815    .text               ddiv.o(mf_w.l)
    0x00006794   0x0000000a   Code   RO         1817    .text               ffltui.o(mf_w.l)
    0x0000679e   0x0000001a   Code   RO         1819    .text               dfltui.o(mf_w.l)
    0x000067b8   0x00000028   Code   RO         1821    .text               ffixui.o(mf_w.l)
    0x000067e0   0x00000030   Code   RO         1823    .text               dfixui.o(mf_w.l)
    0x00006810   0x00000024   Code   RO         1825    .text               f2d.o(mf_w.l)
    0x00006834   0x0000004c   Code   RO         1827    .text               cdcmple.o(mf_w.l)
    0x00006880   0x0000004c   Code   RO         1829    .text               cdrcmple.o(mf_w.l)
    0x000068cc   0x00000040   Code   RO         1831    .text               d2f.o(mf_w.l)
    0x0000690c   0x00000014   Code   RO         1833    .text               cfcmple.o(mf_w.l)
    0x00006920   0x0000002c   Code   RO         1843    .text               uidiv.o(mc_w.l)
    0x0000694c   0x0000005a   Code   RO         1845    .text               uldiv.o(mc_w.l)
    0x000069a6   0x00000020   Code   RO         1847    .text               llshl.o(mc_w.l)
    0x000069c6   0x0000001e   Code   RO         1849    .text               llushr.o(mc_w.l)
    0x000069e4   0x00000022   Code   RO         1851    .text               llsshr.o(mc_w.l)
    0x00006a06   0x00000000   Code   RO         1853    .text               iusefp.o(mc_w.l)
    0x00006a06   0x0000006e   Code   RO         1854    .text               fepilogue.o(mf_w.l)
    0x00006a74   0x000000ea   Code   RO         1856    .text               depilogue.o(mf_w.l)
    0x00006b5e   0x00000032   Code   RO         1858    .text               dfixul.o(mf_w.l)
    0x00006b90   0x00000024   Code   RO         1860    .text               init.o(mc_w.l)
    0x00006bb4   0x0000003a   Code   RO         1871    .text               __dczerorl.o(mc_w.l)
    0x00006bee   0x00000002   PAD
    0x00006bf0   0x00000028   Code   RO         1779    i.__0sprintf        printfa.o(mc_w.l)
    0x00006c18   0x0000000e   Code   RO         1865    i.__scatterload_copy  handlers.o(mc_w.l)
    0x00006c26   0x00000002   Code   RO         1866    i.__scatterload_null  handlers.o(mc_w.l)
    0x00006c28   0x0000000e   Code   RO         1867    i.__scatterload_zeroinit  handlers.o(mc_w.l)
    0x00006c36   0x00000002   PAD
    0x00006c38   0x000001a0   Code   RO         1784    i._fp_digits        printfa.o(mc_w.l)
    0x00006dd8   0x00000720   Code   RO         1785    i._printf_core      printfa.o(mc_w.l)
    0x000074f8   0x00000026   Code   RO         1786    i._printf_post_padding  printfa.o(mc_w.l)
    0x0000751e   0x0000002e   Code   RO         1787    i._printf_pre_padding  printfa.o(mc_w.l)
    0x0000754c   0x0000000a   Code   RO         1789    i._sputc            printfa.o(mc_w.l)
    0x00007556   0x00000002   PAD
    0x00007558   0x0000009c   Data   RO           12    .constdata          lm3s21xx_can.o
    0x000075f4   0x0000005c   Data   RO          583    .constdata          lm3s21xx_sysctl.o
    0x00007650   0x00000010   Data   RO          935    .constdata          lm3s21xx_uart.o
    0x00007660   0x0000001e   Data   RO         1321    .constdata          disp.o
    0x0000767e   0x00000002   PAD
    0x00007680   0x00000140   Data   RO         1352    .constdata          can.o
    0x000077c0   0x00000010   Data   RO         1353    .constdata          can.o
    0x000077d0   0x00000008   Data   RO         1376    .constdata          uart.o
    0x000077d8   0x0000001c   Data   RO         1425    .constdata          eng_err.o
    0x000077f4   0x00000020   Data   RO         1863    Region$$Table       anon$$obj.o


    Execution Region RW_IRAM1 (Base: 0x20000000, Size: 0x000023b8, Max: 0x00004000, ABSOLUTE, COMPRESSED[0x00000004])

    Base Addr    Size         Type   Attr      Idx    E Section Name        Object

    0x20000000   0x00000004   Data   RW         1148    .ARM.__at_0x20000000  vari.o
    0x20000004   0x00000004   Data   RW         1149    .ARM.__at_0x20000004  vari.o
    0x20000008   0x00000004   Data   RW         1150    .ARM.__at_0x20000008  vari.o
    0x2000000c   0x00000004   Data   RW         1151    .ARM.__at_0x2000000c  vari.o
    0x20000010   0x00000001   Data   RW         1174    .data               vari.o
    0x20000011   0x00000008   Data   RW         1175    .data               vari.o
    0x20000019   0x00000001   Data   RW         1176    .data               vari.o
    0x2000001a   0x00000001   Data   RW         1177    .data               vari.o
    0x2000001b   0x00000001   Data   RW         1178    .data               vari.o
    0x2000001c   0x00000001   Data   RW         1179    .data               vari.o
    0x2000001d   0x00000003   PAD
    0x20000020   0x00000004   Data   RW         1180    .data               vari.o
    0x20000024   0x00000001   Data   RW         1181    .data               vari.o
    0x20000025   0x00000001   Data   RW         1182    .data               vari.o
    0x20000026   0x00000001   Data   RW         1183    .data               vari.o
    0x20000027   0x00000001   PAD
    0x20000028   0x00000002   Data   RW         1184    .data               vari.o
    0x2000002a   0x00000002   Data   RW         1185    .data               vari.o
    0x2000002c   0x00000002   Data   RW         1186    .data               vari.o
    0x2000002e   0x00000002   PAD
    0x20000030   0x00000008   Data   RW         1187    .data               vari.o
    0x20000038   0x00000004   Data   RW         1188    .data               vari.o
    0x2000003c   0x00000004   Data   RW         1189    .data               vari.o
    0x20000040   0x00000001   Data   RW         1190    .data               vari.o
    0x20000041   0x00000001   Data   RW         1191    .data               vari.o
    0x20000042   0x00000001   Data   RW         1192    .data               vari.o
    0x20000043   0x00000001   Data   RW         1193    .data               vari.o
    0x20000044   0x00000002   Data   RW         1194    .data               vari.o
    0x20000046   0x00000001   Data   RW         1195    .data               vari.o
    0x20000047   0x00000001   Data   RW         1196    .data               vari.o
    0x20000048   0x00000001   Data   RW         1197    .data               vari.o
    0x20000049   0x00000001   Data   RW         1198    .data               vari.o
    0x2000004a   0x00000001   Data   RW         1199    .data               vari.o
    0x2000004b   0x00000001   Data   RW         1200    .data               vari.o
    0x2000004c   0x00000001   Data   RW         1201    .data               vari.o
    0x2000004d   0x00000001   Data   RW         1202    .data               vari.o
    0x2000004e   0x00000001   Data   RW         1203    .data               vari.o
    0x2000004f   0x00000003   Data   RW         1204    .data               vari.o
    0x20000052   0x00000002   PAD
    0x20000054   0x00000004   Data   RW         1205    .data               vari.o
    0x20000058   0x00000004   Data   RW         1206    .data               vari.o
    0x2000005c   0x00000004   Data   RW         1207    .data               vari.o
    0x20000060   0x00000004   Data   RW         1208    .data               vari.o
    0x20000064   0x00000004   Data   RW         1209    .data               vari.o
    0x20000068   0x00000004   Data   RW         1210    .data               vari.o
    0x2000006c   0x00000004   Data   RW         1212    .data               vari.o
    0x20000070   0x00000004   Data   RW         1213    .data               vari.o
    0x20000074   0x00000002   Data   RW         1214    .data               vari.o
    0x20000076   0x00000002   Data   RW         1215    .data               vari.o
    0x20000078   0x00000002   Data   RW         1216    .data               vari.o
    0x2000007a   0x00000002   PAD
    0x2000007c   0x00000004   Data   RW         1217    .data               vari.o
    0x20000080   0x00000001   Data   RW         1218    .data               vari.o
    0x20000081   0x00000001   PAD
    0x20000082   0x00000002   Data   RW         1219    .data               vari.o
    0x20000084   0x00000002   Data   RW         1220    .data               vari.o
    0x20000086   0x00000002   Data   RW         1221    .data               vari.o
    0x20000088   0x00000002   Data   RW         1222    .data               vari.o
    0x2000008a   0x00000001   Data   RW         1223    .data               vari.o
    0x2000008b   0x00000001   PAD
    0x2000008c   0x00000004   Data   RW         1224    .data               vari.o
    0x20000090   0x00000008   Data   RW         1225    .data               vari.o
    0x20000098   0x00000008   Data   RW         1226    .data               vari.o
    0x200000a0   0x00000008   Data   RW         1227    .data               vari.o
    0x200000a8   0x00000008   Data   RW         1228    .data               vari.o
    0x200000b0   0x00000008   Data   RW         1229    .data               vari.o
    0x200000b8   0x00000004   Data   RW         1230    .data               vari.o
    0x200000bc   0x00000004   Data   RW         1231    .data               vari.o
    0x200000c0   0x00000004   Data   RW         1232    .data               vari.o
    0x200000c4   0x00000004   Data   RW         1233    .data               vari.o
    0x200000c8   0x00000001   Data   RW         1234    .data               vari.o
    0x200000c9   0x00000003   PAD
    0x200000cc   0x00000004   Data   RW         1235    .data               vari.o
    0x200000d0   0x00000001   Data   RW         1236    .data               vari.o
    0x200000d1   0x00000001   Data   RW         1237    .data               vari.o
    0x200000d2   0x00000006   PAD
    0x200000d8   0x00000008   Data   RW         1238    .data               vari.o
    0x200000e0   0x00000004   Data   RW         1239    .data               vari.o
    0x200000e4   0x00000004   Data   RW         1240    .data               vari.o
    0x200000e8   0x00000004   Data   RW         1241    .data               vari.o
    0x200000ec   0x00000001   Data   RW         1242    .data               vari.o
    0x200000ed   0x00000001   Data   RW         1243    .data               vari.o
    0x200000ee   0x00000002   Data   RW         1244    .data               vari.o
    0x200000f0   0x00000004   Data   RW         1245    .data               vari.o
    0x200000f4   0x00000004   Data   RW         1246    .data               vari.o
    0x200000f8   0x00000004   Data   RW         1247    .data               vari.o
    0x200000fc   0x00000004   Data   RW         1248    .data               vari.o
    0x20000100   0x00000001   Data   RW         1249    .data               vari.o
    0x20000101   0x00000001   Data   RW         1250    .data               vari.o
    0x20000102   0x00000001   Data   RW         1251    .data               vari.o
    0x20000103   0x00000001   PAD
    0x20000104   0x00000004   Data   RW         1252    .data               vari.o
    0x20000108   0x00000004   Data   RW         1253    .data               vari.o
    0x2000010c   0x00000004   Data   RW         1254    .data               vari.o
    0x20000110   0x00000004   Data   RW         1255    .data               vari.o
    0x20000114   0x00000004   Data   RW         1256    .data               vari.o
    0x20000118   0x00000004   Data   RW         1257    .data               vari.o
    0x2000011c   0x00000001   Data   RW         1258    .data               vari.o
    0x2000011d   0x00000003   PAD
    0x20000120   0x00000004   Data   RW         1260    .data               vari.o
    0x20000124   0x00000004   Data   RW         1261    .data               vari.o
    0x20000128   0x00000004   Data   RW         1262    .data               vari.o
    0x2000012c   0x00000004   Data   RW         1263    .data               vari.o
    0x20000130   0x00000004   Data   RW         1264    .data               vari.o
    0x20000134   0x00000004   Data   RW         1265    .data               vari.o
    0x20000138   0x00000004   Data   RW         1266    .data               vari.o
    0x2000013c   0x00000004   Data   RW         1267    .data               vari.o
    0x20000140   0x00000002   Data   RW         1268    .data               vari.o
    0x20000142   0x00000002   Data   RW         1269    .data               vari.o
    0x20000144   0x00000002   Data   RW         1270    .data               vari.o
    0x20000146   0x00000002   Data   RW         1271    .data               vari.o
    0x20000148   0x00000001   Data   RW         1272    .data               vari.o
    0x20000149   0x00000001   Data   RW         1273    .data               vari.o
    0x2000014a   0x00000001   Data   RW         1274    .data               vari.o
    0x2000014b   0x00000001   Data   RW         1275    .data               vari.o
    0x2000014c   0x00000001   Data   RW         1276    .data               vari.o
    0x2000014d   0x00000001   Data   RW         1277    .data               vari.o
    0x2000014e   0x00000001   Data   RW         1278    .data               vari.o
    0x2000014f   0x00000001   Data   RW         1279    .data               vari.o
    0x20000150   0x00000001   Data   RW         1280    .data               vari.o
    0x20000151   0x00000008   Data   RW         1281    .data               vari.o
    0x20000159   0x00000003   PAD
    0x2000015c   0x00000008   Data   RW         1282    .data               vari.o
    0x20000164   0x00000002   Data   RW         1283    .data               vari.o
    0x20000166   0x00000001   Data   RW         1284    .data               vari.o
    0x20000167   0x00000001   Data   RW         1285    .data               vari.o
    0x20000168   0x00000004   Data   RW         1286    .data               vari.o
    0x2000016c   0x00000001   Data   RW         1287    .data               vari.o
    0x2000016d   0x00000001   Data   RW         1288    .data               vari.o
    0x2000016e   0x00000001   Data   RW         1289    .data               vari.o
    0x2000016f   0x00000001   Data   RW         1290    .data               vari.o
    0x20000170   0x00000001   Data   RW         1291    .data               vari.o
    0x20000171   0x00000001   Data   RW         1292    .data               vari.o
    0x20000172   0x00000001   Data   RW         1293    .data               vari.o
    0x20000173   0x00000001   PAD
    0x20000174   0x00000004   Data   RW         1294    .data               vari.o
    0x20000178   0x00000001   Data   RW         1295    .data               vari.o
    0x20000179   0x00000001   Data   RW         1296    .data               vari.o
    0x2000017a   0x00000002   PAD
    0x2000017c   0x00000004   Data   RW         1297    .data               vari.o
    0x20000180   0x00000001   Data   RW         1298    .data               vari.o
    0x20000181   0x00000001   Data   RW         1299    .data               vari.o
    0x20000182   0x00000004   Data   RW         1300    .data               vari.o
    0x20000186   0x00000004   Data   RW         1301    .data               vari.o
    0x2000018a   0x00000002   Data   RW         1302    .data               vari.o
    0x2000018c   0x00000004   Data   RW         1303    .data               vari.o
    0x20000190   0x00000004   Data   RW         1304    .data               vari.o
    0x20000194   0x00000002   Data   RW         1305    .data               vari.o
    0x20000196   0x00000008   Data   RW         1306    .data               vari.o
    0x2000019e   0x00000002   Data   RW         1307    .data               vari.o
    0x200001a0   0x00000009   Zero   RW         1152    .bss                vari.o
    0x200001a9   0x0000000d   Zero   RW         1153    .bss                vari.o
    0x200001b6   0x00000009   Zero   RW         1154    .bss                vari.o
    0x200001bf   0x00000009   Zero   RW         1155    .bss                vari.o
    0x200001c8   0x00000009   Zero   RW         1156    .bss                vari.o
    0x200001d1   0x00000009   Zero   RW         1157    .bss                vari.o
    0x200001da   0x00000009   Zero   RW         1158    .bss                vari.o
    0x200001e3   0x00000009   Zero   RW         1159    .bss                vari.o
    0x200001ec   0x00000009   Zero   RW         1160    .bss                vari.o
    0x200001f5   0x00000003   PAD
    0x200001f8   0x00000010   Zero   RW         1162    .bss                vari.o
    0x20000208   0x00000010   Zero   RW         1163    .bss                vari.o
    0x20000218   0x00000010   Zero   RW         1164    .bss                vari.o
    0x20000228   0x00000010   Zero   RW         1166    .bss                vari.o
    0x20000238   0x00000320   Zero   RW         1167    .bss                vari.o
    0x20000558   0x00000320   Zero   RW         1168    .bss                vari.o
    0x20000878   0x00000140   Zero   RW         1169    .bss                vari.o
    0x200009b8   0x00000800   Zero   RW         1170    .bss                vari.o
    0x200011b8   0x00000400   Zero   RW         1171    .bss                vari.o
    0x200015b8   0x00000800   Zero   RW         1172    .bss                vari.o
    0x20001db8   0x00000400   Zero   RW         1173    .bss                vari.o
    0x200021b8   0x00000200   Zero   RW         1104    STACK               lm3s21xx_vect.s.o



  Load Region LR$$.ARM.__at_0x22000000 (Base: 0x22000000, Size: 0x00000004, Max: 0x00000004, ABSOLUTE)

    Execution Region ER$$.ARM.__at_0x22000000 (Base: 0x22000000, Size: 0x00000004, Max: 0x00000004, ABSOLUTE, UNINIT)

    Base Addr    Size         Type   Attr      Idx    E Section Name        Object

    0x22000000   0x00000004   Data   RW         1451    .ARM.__at_0x22000000  bitvari.o



  Load Region LR$$.ARM.__at_0x22000008 (Base: 0x22000008, Size: 0x00000004, Max: 0x00000004, ABSOLUTE)

    Execution Region ER$$.ARM.__at_0x22000008 (Base: 0x22000008, Size: 0x00000004, Max: 0x00000004, ABSOLUTE, UNINIT)

    Base Addr    Size         Type   Attr      Idx    E Section Name        Object

    0x22000008   0x00000004   Data   RW         1452    .ARM.__at_0x22000008  bitvari.o



  Load Region LR$$.ARM.__at_0x2200000c (Base: 0x2200000c, Size: 0x00000004, Max: 0x00000004, ABSOLUTE)

    Execution Region ER$$.ARM.__at_0x2200000c (Base: 0x2200000c, Size: 0x00000004, Max: 0x00000004, ABSOLUTE, UNINIT)

    Base Addr    Size         Type   Attr      Idx    E Section Name        Object

    0x2200000c   0x00000004   Data   RW         1453    .ARM.__at_0x2200000c  bitvari.o



  Load Region LR$$.ARM.__at_0x22000010 (Base: 0x22000010, Size: 0x00000004, Max: 0x00000004, ABSOLUTE)

    Execution Region ER$$.ARM.__at_0x22000010 (Base: 0x22000010, Size: 0x00000004, Max: 0x00000004, ABSOLUTE, UNINIT)

    Base Addr    Size         Type   Attr      Idx    E Section Name        Object

    0x22000010   0x00000004   Data   RW         1454    .ARM.__at_0x22000010  bitvari.o



  Load Region LR$$.ARM.__at_0x22000014 (Base: 0x22000014, Size: 0x00000004, Max: 0x00000004, ABSOLUTE)

    Execution Region ER$$.ARM.__at_0x22000014 (Base: 0x22000014, Size: 0x00000004, Max: 0x00000004, ABSOLUTE, UNINIT)

    Base Addr    Size         Type   Attr      Idx    E Section Name        Object

    0x22000014   0x00000004   Data   RW         1455    .ARM.__at_0x22000014  bitvari.o



  Load Region LR$$.ARM.__at_0x22000018 (Base: 0x22000018, Size: 0x00000004, Max: 0x00000004, ABSOLUTE)

    Execution Region ER$$.ARM.__at_0x22000018 (Base: 0x22000018, Size: 0x00000004, Max: 0x00000004, ABSOLUTE, UNINIT)

    Base Addr    Size         Type   Attr      Idx    E Section Name        Object

    0x22000018   0x00000004   Data   RW         1456    .ARM.__at_0x22000018  bitvari.o



  Load Region LR$$.ARM.__at_0x2200001c (Base: 0x2200001c, Size: 0x00000004, Max: 0x00000004, ABSOLUTE)

    Execution Region ER$$.ARM.__at_0x2200001c (Base: 0x2200001c, Size: 0x00000004, Max: 0x00000004, ABSOLUTE, UNINIT)

    Base Addr    Size         Type   Attr      Idx    E Section Name        Object

    0x2200001c   0x00000004   Data   RW         1457    .ARM.__at_0x2200001c  bitvari.o



  Load Region LR$$.ARM.__at_0x22000020 (Base: 0x22000020, Size: 0x00000004, Max: 0x00000004, ABSOLUTE)

    Execution Region ER$$.ARM.__at_0x22000020 (Base: 0x22000020, Size: 0x00000004, Max: 0x00000004, ABSOLUTE, UNINIT)

    Base Addr    Size         Type   Attr      Idx    E Section Name        Object

    0x22000020   0x00000004   Data   RW         1458    .ARM.__at_0x22000020  bitvari.o



  Load Region LR$$.ARM.__at_0x22000024 (Base: 0x22000024, Size: 0x00000004, Max: 0x00000004, ABSOLUTE)

    Execution Region ER$$.ARM.__at_0x22000024 (Base: 0x22000024, Size: 0x00000004, Max: 0x00000004, ABSOLUTE, UNINIT)

    Base Addr    Size         Type   Attr      Idx    E Section Name        Object

    0x22000024   0x00000004   Data   RW         1459    .ARM.__at_0x22000024  bitvari.o



  Load Region LR$$.ARM.__at_0x22000028 (Base: 0x22000028, Size: 0x00000004, Max: 0x00000004, ABSOLUTE)

    Execution Region ER$$.ARM.__at_0x22000028 (Base: 0x22000028, Size: 0x00000004, Max: 0x00000004, ABSOLUTE, UNINIT)

    Base Addr    Size         Type   Attr      Idx    E Section Name        Object

    0x22000028   0x00000004   Data   RW         1460    .ARM.__at_0x22000028  bitvari.o



  Load Region LR$$.ARM.__at_0x2200002c (Base: 0x2200002c, Size: 0x00000004, Max: 0x00000004, ABSOLUTE)

    Execution Region ER$$.ARM.__at_0x2200002c (Base: 0x2200002c, Size: 0x00000004, Max: 0x00000004, ABSOLUTE, UNINIT)

    Base Addr    Size         Type   Attr      Idx    E Section Name        Object

    0x2200002c   0x00000004   Data   RW         1461    .ARM.__at_0x2200002c  bitvari.o



  Load Region LR$$.ARM.__at_0x22000030 (Base: 0x22000030, Size: 0x00000004, Max: 0x00000004, ABSOLUTE)

    Execution Region ER$$.ARM.__at_0x22000030 (Base: 0x22000030, Size: 0x00000004, Max: 0x00000004, ABSOLUTE, UNINIT)

    Base Addr    Size         Type   Attr      Idx    E Section Name        Object

    0x22000030   0x00000004   Data   RW         1462    .ARM.__at_0x22000030  bitvari.o



  Load Region LR$$.ARM.__at_0x22000034 (Base: 0x22000034, Size: 0x00000004, Max: 0x00000004, ABSOLUTE)

    Execution Region ER$$.ARM.__at_0x22000034 (Base: 0x22000034, Size: 0x00000004, Max: 0x00000004, ABSOLUTE, UNINIT)

    Base Addr    Size         Type   Attr      Idx    E Section Name        Object

    0x22000034   0x00000004   Data   RW         1463    .ARM.__at_0x22000034  bitvari.o



  Load Region LR$$.ARM.__at_0x22000038 (Base: 0x22000038, Size: 0x00000004, Max: 0x00000004, ABSOLUTE)

    Execution Region ER$$.ARM.__at_0x22000038 (Base: 0x22000038, Size: 0x00000004, Max: 0x00000004, ABSOLUTE, UNINIT)

    Base Addr    Size         Type   Attr      Idx    E Section Name        Object

    0x22000038   0x00000004   Data   RW         1464    .ARM.__at_0x22000038  bitvari.o



  Load Region LR$$.ARM.__at_0x2200003c (Base: 0x2200003c, Size: 0x00000004, Max: 0x00000004, ABSOLUTE)

    Execution Region ER$$.ARM.__at_0x2200003c (Base: 0x2200003c, Size: 0x00000004, Max: 0x00000004, ABSOLUTE, UNINIT)

    Base Addr    Size         Type   Attr      Idx    E Section Name        Object

    0x2200003c   0x00000004   Data   RW         1465    .ARM.__at_0x2200003c  bitvari.o



  Load Region LR$$.ARM.__at_0x22000040 (Base: 0x22000040, Size: 0x00000004, Max: 0x00000004, ABSOLUTE)

    Execution Region ER$$.ARM.__at_0x22000040 (Base: 0x22000040, Size: 0x00000004, Max: 0x00000004, ABSOLUTE, UNINIT)

    Base Addr    Size         Type   Attr      Idx    E Section Name        Object

    0x22000040   0x00000004   Data   RW         1466    .ARM.__at_0x22000040  bitvari.o



  Load Region LR$$.ARM.__at_0x22000044 (Base: 0x22000044, Size: 0x00000004, Max: 0x00000004, ABSOLUTE)

    Execution Region ER$$.ARM.__at_0x22000044 (Base: 0x22000044, Size: 0x00000004, Max: 0x00000004, ABSOLUTE, UNINIT)

    Base Addr    Size         Type   Attr      Idx    E Section Name        Object

    0x22000044   0x00000004   Data   RW         1467    .ARM.__at_0x22000044  bitvari.o



  Load Region LR$$.ARM.__at_0x22000048 (Base: 0x22000048, Size: 0x00000004, Max: 0x00000004, ABSOLUTE)

    Execution Region ER$$.ARM.__at_0x22000048 (Base: 0x22000048, Size: 0x00000004, Max: 0x00000004, ABSOLUTE, UNINIT)

    Base Addr    Size         Type   Attr      Idx    E Section Name        Object

    0x22000048   0x00000004   Data   RW         1468    .ARM.__at_0x22000048  bitvari.o



  Load Region LR$$.ARM.__at_0x2200004c (Base: 0x2200004c, Size: 0x00000004, Max: 0x00000004, ABSOLUTE)

    Execution Region ER$$.ARM.__at_0x2200004c (Base: 0x2200004c, Size: 0x00000004, Max: 0x00000004, ABSOLUTE, UNINIT)

    Base Addr    Size         Type   Attr      Idx    E Section Name        Object

    0x2200004c   0x00000004   Data   RW         1469    .ARM.__at_0x2200004c  bitvari.o



  Load Region LR$$.ARM.__at_0x22000050 (Base: 0x22000050, Size: 0x00000004, Max: 0x00000004, ABSOLUTE)

    Execution Region ER$$.ARM.__at_0x22000050 (Base: 0x22000050, Size: 0x00000004, Max: 0x00000004, ABSOLUTE, UNINIT)

    Base Addr    Size         Type   Attr      Idx    E Section Name        Object

    0x22000050   0x00000004   Data   RW         1470    .ARM.__at_0x22000050  bitvari.o



  Load Region LR$$.ARM.__at_0x22000054 (Base: 0x22000054, Size: 0x00000004, Max: 0x00000004, ABSOLUTE)

    Execution Region ER$$.ARM.__at_0x22000054 (Base: 0x22000054, Size: 0x00000004, Max: 0x00000004, ABSOLUTE, UNINIT)

    Base Addr    Size         Type   Attr      Idx    E Section Name        Object

    0x22000054   0x00000004   Data   RW         1471    .ARM.__at_0x22000054  bitvari.o



  Load Region LR$$.ARM.__at_0x2200005c (Base: 0x2200005c, Size: 0x00000004, Max: 0x00000004, ABSOLUTE)

    Execution Region ER$$.ARM.__at_0x2200005c (Base: 0x2200005c, Size: 0x00000004, Max: 0x00000004, ABSOLUTE, UNINIT)

    Base Addr    Size         Type   Attr      Idx    E Section Name        Object

    0x2200005c   0x00000004   Data   RW         1472    .ARM.__at_0x2200005c  bitvari.o



  Load Region LR$$.ARM.__at_0x22000060 (Base: 0x22000060, Size: 0x00000004, Max: 0x00000004, ABSOLUTE)

    Execution Region ER$$.ARM.__at_0x22000060 (Base: 0x22000060, Size: 0x00000004, Max: 0x00000004, ABSOLUTE, UNINIT)

    Base Addr    Size         Type   Attr      Idx    E Section Name        Object

    0x22000060   0x00000004   Data   RW         1473    .ARM.__at_0x22000060  bitvari.o



  Load Region LR$$.ARM.__at_0x22000064 (Base: 0x22000064, Size: 0x00000004, Max: 0x00000004, ABSOLUTE)

    Execution Region ER$$.ARM.__at_0x22000064 (Base: 0x22000064, Size: 0x00000004, Max: 0x00000004, ABSOLUTE, UNINIT)

    Base Addr    Size         Type   Attr      Idx    E Section Name        Object

    0x22000064   0x00000004   Data   RW         1474    .ARM.__at_0x22000064  bitvari.o



  Load Region LR$$.ARM.__at_0x22000068 (Base: 0x22000068, Size: 0x00000004, Max: 0x00000004, ABSOLUTE)

    Execution Region ER$$.ARM.__at_0x22000068 (Base: 0x22000068, Size: 0x00000004, Max: 0x00000004, ABSOLUTE, UNINIT)

    Base Addr    Size         Type   Attr      Idx    E Section Name        Object

    0x22000068   0x00000004   Data   RW         1475    .ARM.__at_0x22000068  bitvari.o



  Load Region LR$$.ARM.__at_0x2200006c (Base: 0x2200006c, Size: 0x00000004, Max: 0x00000004, ABSOLUTE)

    Execution Region ER$$.ARM.__at_0x2200006c (Base: 0x2200006c, Size: 0x00000004, Max: 0x00000004, ABSOLUTE, UNINIT)

    Base Addr    Size         Type   Attr      Idx    E Section Name        Object

    0x2200006c   0x00000004   Data   RW         1476    .ARM.__at_0x2200006c  bitvari.o



  Load Region LR$$.ARM.__at_0x22000070 (Base: 0x22000070, Size: 0x00000004, Max: 0x00000004, ABSOLUTE)

    Execution Region ER$$.ARM.__at_0x22000070 (Base: 0x22000070, Size: 0x00000004, Max: 0x00000004, ABSOLUTE, UNINIT)

    Base Addr    Size         Type   Attr      Idx    E Section Name        Object

    0x22000070   0x00000004   Data   RW         1477    .ARM.__at_0x22000070  bitvari.o



  Load Region LR$$.ARM.__at_0x22000074 (Base: 0x22000074, Size: 0x00000004, Max: 0x00000004, ABSOLUTE)

    Execution Region ER$$.ARM.__at_0x22000074 (Base: 0x22000074, Size: 0x00000004, Max: 0x00000004, ABSOLUTE, UNINIT)

    Base Addr    Size         Type   Attr      Idx    E Section Name        Object

    0x22000074   0x00000004   Data   RW         1478    .ARM.__at_0x22000074  bitvari.o



  Load Region LR$$.ARM.__at_0x22000078 (Base: 0x22000078, Size: 0x00000004, Max: 0x00000004, ABSOLUTE)

    Execution Region ER$$.ARM.__at_0x22000078 (Base: 0x22000078, Size: 0x00000004, Max: 0x00000004, ABSOLUTE, UNINIT)

    Base Addr    Size         Type   Attr      Idx    E Section Name        Object

    0x22000078   0x00000004   Data   RW         1479    .ARM.__at_0x22000078  bitvari.o



  Load Region LR$$.ARM.__at_0x2200007c (Base: 0x2200007c, Size: 0x00000004, Max: 0x00000004, ABSOLUTE)

    Execution Region ER$$.ARM.__at_0x2200007c (Base: 0x2200007c, Size: 0x00000004, Max: 0x00000004, ABSOLUTE, UNINIT)

    Base Addr    Size         Type   Attr      Idx    E Section Name        Object

    0x2200007c   0x00000004   Data   RW         1480    .ARM.__at_0x2200007c  bitvari.o



  Load Region LR$$.ARM.__at_0x22000080 (Base: 0x22000080, Size: 0x00000004, Max: 0x00000004, ABSOLUTE)

    Execution Region ER$$.ARM.__at_0x22000080 (Base: 0x22000080, Size: 0x00000004, Max: 0x00000004, ABSOLUTE, UNINIT)

    Base Addr    Size         Type   Attr      Idx    E Section Name        Object

    0x22000080   0x00000004   Data   RW         1481    .ARM.__at_0x22000080  bitvari.o



  Load Region LR$$.ARM.__at_0x22000084 (Base: 0x22000084, Size: 0x00000004, Max: 0x00000004, ABSOLUTE)

    Execution Region ER$$.ARM.__at_0x22000084 (Base: 0x22000084, Size: 0x00000004, Max: 0x00000004, ABSOLUTE, UNINIT)

    Base Addr    Size         Type   Attr      Idx    E Section Name        Object

    0x22000084   0x00000004   Data   RW         1482    .ARM.__at_0x22000084  bitvari.o



  Load Region LR$$.ARM.__at_0x22000088 (Base: 0x22000088, Size: 0x00000004, Max: 0x00000004, ABSOLUTE)

    Execution Region ER$$.ARM.__at_0x22000088 (Base: 0x22000088, Size: 0x00000004, Max: 0x00000004, ABSOLUTE, UNINIT)

    Base Addr    Size         Type   Attr      Idx    E Section Name        Object

    0x22000088   0x00000004   Data   RW         1483    .ARM.__at_0x22000088  bitvari.o



  Load Region LR$$.ARM.__at_0x2200008c (Base: 0x2200008c, Size: 0x00000004, Max: 0x00000004, ABSOLUTE)

    Execution Region ER$$.ARM.__at_0x2200008c (Base: 0x2200008c, Size: 0x00000004, Max: 0x00000004, ABSOLUTE, UNINIT)

    Base Addr    Size         Type   Attr      Idx    E Section Name        Object

    0x2200008c   0x00000004   Data   RW         1484    .ARM.__at_0x2200008c  bitvari.o



  Load Region LR$$.ARM.__at_0x22000090 (Base: 0x22000090, Size: 0x00000004, Max: 0x00000004, ABSOLUTE)

    Execution Region ER$$.ARM.__at_0x22000090 (Base: 0x22000090, Size: 0x00000004, Max: 0x00000004, ABSOLUTE, UNINIT)

    Base Addr    Size         Type   Attr      Idx    E Section Name        Object

    0x22000090   0x00000004   Data   RW         1485    .ARM.__at_0x22000090  bitvari.o



  Load Region LR$$.ARM.__at_0x22000094 (Base: 0x22000094, Size: 0x00000004, Max: 0x00000004, ABSOLUTE)

    Execution Region ER$$.ARM.__at_0x22000094 (Base: 0x22000094, Size: 0x00000004, Max: 0x00000004, ABSOLUTE, UNINIT)

    Base Addr    Size         Type   Attr      Idx    E Section Name        Object

    0x22000094   0x00000004   Data   RW         1486    .ARM.__at_0x22000094  bitvari.o



  Load Region LR$$.ARM.__at_0x220000d0 (Base: 0x220000d0, Size: 0x00000004, Max: 0x00000004, ABSOLUTE)

    Execution Region ER$$.ARM.__at_0x220000d0 (Base: 0x220000d0, Size: 0x00000004, Max: 0x00000004, ABSOLUTE, UNINIT)

    Base Addr    Size         Type   Attr      Idx    E Section Name        Object

    0x220000d0   0x00000004   Data   RW         1487    .ARM.__at_0x220000d0  bitvari.o



  Load Region LR$$.ARM.__at_0x220000d4 (Base: 0x220000d4, Size: 0x00000004, Max: 0x00000004, ABSOLUTE)

    Execution Region ER$$.ARM.__at_0x220000d4 (Base: 0x220000d4, Size: 0x00000004, Max: 0x00000004, ABSOLUTE, UNINIT)

    Base Addr    Size         Type   Attr      Idx    E Section Name        Object

    0x220000d4   0x00000004   Data   RW         1488    .ARM.__at_0x220000d4  bitvari.o



  Load Region LR$$.ARM.__at_0x220000d8 (Base: 0x220000d8, Size: 0x00000004, Max: 0x00000004, ABSOLUTE)

    Execution Region ER$$.ARM.__at_0x220000d8 (Base: 0x220000d8, Size: 0x00000004, Max: 0x00000004, ABSOLUTE, UNINIT)

    Base Addr    Size         Type   Attr      Idx    E Section Name        Object

    0x220000d8   0x00000004   Data   RW         1489    .ARM.__at_0x220000d8  bitvari.o



  Load Region LR$$.ARM.__at_0x220000dc (Base: 0x220000dc, Size: 0x00000004, Max: 0x00000004, ABSOLUTE)

    Execution Region ER$$.ARM.__at_0x220000dc (Base: 0x220000dc, Size: 0x00000004, Max: 0x00000004, ABSOLUTE, UNINIT)

    Base Addr    Size         Type   Attr      Idx    E Section Name        Object

    0x220000dc   0x00000004   Data   RW         1490    .ARM.__at_0x220000dc  bitvari.o



  Load Region LR$$.ARM.__at_0x220000e0 (Base: 0x220000e0, Size: 0x00000004, Max: 0x00000004, ABSOLUTE)

    Execution Region ER$$.ARM.__at_0x220000e0 (Base: 0x220000e0, Size: 0x00000004, Max: 0x00000004, ABSOLUTE, UNINIT)

    Base Addr    Size         Type   Attr      Idx    E Section Name        Object

    0x220000e0   0x00000004   Data   RW         1491    .ARM.__at_0x220000e0  bitvari.o



  Load Region LR$$.ARM.__at_0x220000e4 (Base: 0x220000e4, Size: 0x00000004, Max: 0x00000004, ABSOLUTE)

    Execution Region ER$$.ARM.__at_0x220000e4 (Base: 0x220000e4, Size: 0x00000004, Max: 0x00000004, ABSOLUTE, UNINIT)

    Base Addr    Size         Type   Attr      Idx    E Section Name        Object

    0x220000e4   0x00000004   Data   RW         1492    .ARM.__at_0x220000e4  bitvari.o



  Load Region LR$$.ARM.__at_0x220000e8 (Base: 0x220000e8, Size: 0x0000000c, Max: 0x0000000c, ABSOLUTE)

    Execution Region ER$$.ARM.__at_0x220000e8 (Base: 0x220000e8, Size: 0x0000000c, Max: 0x0000000c, ABSOLUTE, UNINIT)

    Base Addr    Size         Type   Attr      Idx    E Section Name        Object

    0x220000e8   0x0000000c   Data   RW         1493    .ARM.__at_0x220000e8  bitvari.o



  Load Region LR$$.ARM.__at_0x220000f4 (Base: 0x220000f4, Size: 0x0000000c, Max: 0x0000000c, ABSOLUTE)

    Execution Region ER$$.ARM.__at_0x220000f4 (Base: 0x220000f4, Size: 0x0000000c, Max: 0x0000000c, ABSOLUTE, UNINIT)

    Base Addr    Size         Type   Attr      Idx    E Section Name        Object

    0x220000f4   0x0000000c   Data   RW         1494    .ARM.__at_0x220000f4  bitvari.o


==============================================================================

Image component sizes


      Code (inc. data)   RO Data    RW Data    ZI Data      Debug   Object Name

         0          0          0        192          0       2099   bitvari.o
      1528        170        336          0          0       6117   can.o
      3008        504          0          0          0       5280   clk_err.o
        20          0          0          0          0        180   cpu_keil.o
       508         36         30          0          0       2539   disp.o
      7624        932         28          0          0      17632   eng_err.o
       604        224          0          0          0        837   init.o
      2404        428          0          0          0       4646   interrupt.o
      1848         32        156          0          0     127052   lm3s21xx_can.o
         0          0          0          0          0      11496   lm3s21xx_flash.o
       888         26          0          0          0       4097   lm3s21xx_gpio.o
       450          0          0          0          0       1616   lm3s21xx_interrupt.o
       156         10          0          0          0       1814   lm3s21xx_ssi.o
       718         48         92          0          0       2993   lm3s21xx_sysctl.o
        72          6          0          0          0        743   lm3s21xx_systick.o
       544         34          0          0          0       2683   lm3s21xx_timer.o
       408         40         16          0          0       3776   lm3s21xx_uart.o
       268        258          0          0        512        192   lm3s21xx_vect.s.o
       152         18          0          0          0       1450   lm3s21xx_watchdog.o
       172          0          0          0          0        503   main.o
       596        102          8          0          0       1884   uart.o
         0          0          0        385       8213      10014   vari.o
        80         10          0          0          0        389   加密.o

    ----------------------------------------------------------------------
     22052       2878        700        608       8728     210032   Object Totals
         0          0         32          0          0          0   (incl. Generated)
         4          0          2         31          3          2   (incl. Padding)

    ----------------------------------------------------------------------

      Code (inc. data)   RO Data    RW Data    ZI Data      Debug   Library Member Name

        58          0          0          0          0          0   __dczerorl.o
        76          2          0          0          0         68   cdcmple.o
        76          2          0          0          0         68   cdrcmple.o
        20          0          0          0          0         68   cfcmple.o
        64          0          0          0          0         96   d2f.o
       350          0          0          0          0        148   dadd.o
       280          0          0          0          0        124   ddiv.o
       234          0          0          0          0        128   depilogue.o
        48          0          0          0          0         68   dfixui.o
        50          0          0          0          0         68   dfixul.o
        26          0          0          0          0         76   dfltui.o
       240          0          0          0          0         96   dmul.o
         0          0          0          0          0          0   entry.o
         8          4          0          0          0          0   entry2.o
         4          0          0          0          0          0   entry5.o
         8          4          0          0          0          0   entry7.o
        36          0          0          0          0         68   f2d.o
       176          0          0          0          0        136   fadd.o
       128          0          0          0          0         88   fdiv.o
       110          0          0          0          0        164   fepilogue.o
        40          0          0          0          0         68   ffixui.o
        10          0          0          0          0         68   ffltui.o
       106          0          0          0          0         76   fmul.o
        30          0          0          0          0          0   handlers.o
        36          8          0          0          0         68   init.o
         0          0          0          0          0          0   iusefp.o
        32          0          0          0          0         68   llshl.o
        34          0          0          0          0         68   llsshr.o
        30          0          0          0          0         68   llushr.o
        36          0          0          0          0         68   memcpya.o
        38          0          0          0          0        108   memseta.o
      2374        102          0          0          0        512   printfa.o
        18          0          0          0          0         68   strcpy.o
        44          0          0          0          0         76   uidiv.o
        90          0          0          0          0         88   uldiv.o

    ----------------------------------------------------------------------
      4916        122          0          0          0       2868   Library Totals
         6          0          0          0          0          0   (incl. Padding)

    ----------------------------------------------------------------------

      Code (inc. data)   RO Data    RW Data    ZI Data      Debug   Library Name

      2840        118          0          0          0       1192   mc_w.l
      2070          4          0          0          0       1676   mf_w.l

    ----------------------------------------------------------------------
      4916        122          0          0          0       2868   Library Totals

    ----------------------------------------------------------------------

==============================================================================


      Code (inc. data)   RO Data    RW Data    ZI Data      Debug   

     26968       3000        700        608       8728     209652   Grand Totals
     26968       3000        700        196       8728     209652   ELF Image Totals (compressed)
     26968       3000        700        196          0          0   ROM Totals

==============================================================================

    Total RO  Size (Code + RO Data)                27668 (  27.02kB)
    Total RW  Size (RW Data + ZI Data)              9336 (   9.12kB)
    Total ROM Size (Code + RO Data + RW Data)      27864 (  27.21kB)

==============================================================================

