ARM Linker, 4.1 [Build 644] [Standard]

==============================================================================

Removing Unused input sections from the image.

    Removing lm3s21xx_can.o(.text), (28 bytes).
    Removing lm3s21xx_can.o(.text), (30 bytes).
    Removing lm3s21xx_can.o(.text), (26 bytes).
    Removing lm3s21xx_can.o(.text), (40 bytes).
    Removing lm3s21xx_can.o(.text), (54 bytes).
    Removing lm3s21xx_can.o(.text), (34 bytes).
    Removing lm3s21xx_can.o(.text), (78 bytes).
    Removing lm3s21xx_can.o(.text), (96 bytes).
    Removing lm3s21xx_flash.o(.text), (16 bytes).
    Removing lm3s21xx_flash.o(.text), (16 bytes).
    Removing lm3s21xx_flash.o(.text), (160 bytes).
    Removing lm3s21xx_flash.o(.text), (324 bytes).
    Removing lm3s21xx_flash.o(.text), (96 bytes).
    Removing lm3s21xx_flash.o(.text), (64 bytes).
    Removing lm3s21xx_flash.o(.text), (56 bytes).
    Removing lm3s21xx_flash.o(.text), (100 bytes).
    Removing lm3s21xx_flash.o(.text), (22 bytes).
    Removing lm3s21xx_flash.o(.text), (16 bytes).
    Removing lm3s21xx_flash.o(.text), (20 bytes).
    Removing lm3s21xx_flash.o(.text), (20 bytes).
    Removing lm3s21xx_flash.o(.text), (20 bytes).
    Removing lm3s21xx_flash.o(.text), (12 bytes).
    Removing lm3s21xx_gpio.o(.text), (208 bytes).
    Removing lm3s21xx_gpio.o(.text), (40 bytes).
    Removing lm3s21xx_gpio.o(.text), (58 bytes).
    Removing lm3s21xx_gpio.o(.text), (200 bytes).
    Removing lm3s21xx_gpio.o(.text), (14 bytes).
    Removing lm3s21xx_gpio.o(.text), (14 bytes).
    Removing lm3s21xx_gpio.o(.text), (16 bytes).
    Removing lm3s21xx_gpio.o(.text), (6 bytes).
    Removing lm3s21xx_gpio.o(.text), (30 bytes).
    Removing lm3s21xx_gpio.o(.text), (26 bytes).
    Removing lm3s21xx_gpio.o(.text), (32 bytes).
    Removing lm3s21xx_gpio.o(.text), (32 bytes).
    Removing lm3s21xx_gpio.o(.text), (32 bytes).
    Removing lm3s21xx_gpio.o(.text), (32 bytes).
    Removing lm3s21xx_gpio.o(.text), (32 bytes).
    Removing lm3s21xx_gpio.o(.text), (32 bytes).
    Removing lm3s21xx_gpio.o(.text), (32 bytes).
    Removing lm3s21xx_interrupt.o(.text), (32 bytes).
    Removing lm3s21xx_interrupt.o(.text), (24 bytes).
    Removing lm3s21xx_interrupt.o(.text), (64 bytes).
    Removing lm3s21xx_mpu.o(.text), (24 bytes).
    Removing lm3s21xx_mpu.o(.text), (16 bytes).
    Removing lm3s21xx_mpu.o(.text), (36 bytes).
    Removing lm3s21xx_mpu.o(.text), (308 bytes).
    Removing lm3s21xx_mpu.o(.text), (16 bytes).
    Removing lm3s21xx_mpu.o(.text), (32 bytes).
    Removing lm3s21xx_mpu.o(.text), (32 bytes).
    Removing lm3s21xx_mpu.o(.text), (32 bytes).
    Removing lm3s21xx_mpu.o(.text), (22 bytes).
    Removing lm3s21xx_mpu.o(.text), (16 bytes).
    Removing lm3s21xx_ssi.o(.text), (24 bytes).
    Removing lm3s21xx_ssi.o(.text), (10 bytes).
    Removing lm3s21xx_ssi.o(.text), (44 bytes).
    Removing lm3s21xx_ssi.o(.text), (40 bytes).
    Removing lm3s21xx_ssi.o(.text), (10 bytes).
    Removing lm3s21xx_ssi.o(.text), (10 bytes).
    Removing lm3s21xx_ssi.o(.text), (12 bytes).
    Removing lm3s21xx_ssi.o(.text), (4 bytes).
    Removing lm3s21xx_ssi.o(.text), (14 bytes).
    Removing lm3s21xx_ssi.o(.text), (20 bytes).
    Removing lm3s21xx_ssi.o(.text), (16 bytes).
    Removing lm3s21xx_ssi.o(.text), (22 bytes).
    Removing lm3s21xx_ssi.o(.text), (10 bytes).
    Removing lm3s21xx_ssi.o(.text), (10 bytes).
    Removing lm3s21xx_sysctl.o(.text), (20 bytes).
    Removing lm3s21xx_sysctl.o(.text), (20 bytes).
    Removing lm3s21xx_sysctl.o(.text), (40 bytes).
    Removing lm3s21xx_sysctl.o(.text), (132 bytes).
    Removing lm3s21xx_sysctl.o(.text), (60 bytes).
    Removing lm3s21xx_sysctl.o(.text), (60 bytes).
    Removing lm3s21xx_sysctl.o(.text), (60 bytes).
    Removing lm3s21xx_sysctl.o(.text), (60 bytes).
    Removing lm3s21xx_sysctl.o(.text), (36 bytes).
    Removing lm3s21xx_sysctl.o(.text), (22 bytes).
    Removing lm3s21xx_sysctl.o(.text), (16 bytes).
    Removing lm3s21xx_sysctl.o(.text), (20 bytes).
    Removing lm3s21xx_sysctl.o(.text), (20 bytes).
    Removing lm3s21xx_sysctl.o(.text), (12 bytes).
    Removing lm3s21xx_sysctl.o(.text), (20 bytes).
    Removing lm3s21xx_sysctl.o(.text), (12 bytes).
    Removing lm3s21xx_sysctl.o(.text), (12 bytes).
    Removing lm3s21xx_sysctl.o(.text), (20 bytes).
    Removing lm3s21xx_sysctl.o(.text), (8 bytes).
    Removing lm3s21xx_sysctl.o(.text), (40 bytes).
    Removing lm3s21xx_sysctl.o(.text), (12 bytes).
    Removing lm3s21xx_sysctl.o(.text), (20 bytes).
    Removing lm3s21xx_sysctl.o(.text), (16 bytes).
    Removing lm3s21xx_sysctl.o(.text), (24 bytes).
    Removing lm3s21xx_sysctl.o(.text), (28 bytes).
    Removing lm3s21xx_sysctl.o(.text), (16 bytes).
    Removing lm3s21xx_sysctl.o(.text), (36 bytes).
    Removing lm3s21xx_sysctl.o(.text), (36 bytes).
    Removing lm3s21xx_sysctl.o(.text), (36 bytes).
    Removing lm3s21xx_sysctl.o(.text), (28 bytes).
    Removing lm3s21xx_sysctl.o(.text), (20 bytes).
    Removing lm3s21xx_sysctl.o(.text), (20 bytes).
    Removing lm3s21xx_systick.o(.text), (18 bytes).
    Removing lm3s21xx_systick.o(.text), (32 bytes).
    Removing lm3s21xx_systick.o(.text), (28 bytes).
    Removing lm3s21xx_systick.o(.text), (18 bytes).
    Removing lm3s21xx_systick.o(.text), (10 bytes).
    Removing lm3s21xx_systick.o(.text), (8 bytes).
    Removing lm3s21xx_timer.o(.text), (18 bytes).
    Removing lm3s21xx_timer.o(.text), (30 bytes).
    Removing lm3s21xx_timer.o(.text), (30 bytes).
    Removing lm3s21xx_timer.o(.text), (30 bytes).
    Removing lm3s21xx_timer.o(.text), (10 bytes).
    Removing lm3s21xx_timer.o(.text), (10 bytes).
    Removing lm3s21xx_timer.o(.text), (18 bytes).
    Removing lm3s21xx_timer.o(.text), (14 bytes).
    Removing lm3s21xx_timer.o(.text), (14 bytes).
    Removing lm3s21xx_timer.o(.text), (14 bytes).
    Removing lm3s21xx_timer.o(.text), (14 bytes).
    Removing lm3s21xx_timer.o(.text), (108 bytes).
    Removing lm3s21xx_timer.o(.text), (100 bytes).
    Removing lm3s21xx_timer.o(.text), (10 bytes).
    Removing lm3s21xx_timer.o(.text), (12 bytes).
    Removing lm3s21xx_timer.o(.text), (4 bytes).
    Removing lm3s21xx_timer.o(.text), (148 bytes).
    Removing lm3s21xx_uart.o(.text), (14 bytes).
    Removing lm3s21xx_uart.o(.text), (10 bytes).
    Removing lm3s21xx_uart.o(.text), (20 bytes).
    Removing lm3s21xx_uart.o(.text), (38 bytes).
    Removing lm3s21xx_uart.o(.text), (22 bytes).
    Removing lm3s21xx_uart.o(.text), (10 bytes).
    Removing lm3s21xx_uart.o(.text), (14 bytes).
    Removing lm3s21xx_uart.o(.text), (20 bytes).
    Removing lm3s21xx_uart.o(.text), (20 bytes).
    Removing lm3s21xx_uart.o(.text), (20 bytes).
    Removing lm3s21xx_uart.o(.text), (60 bytes).
    Removing lm3s21xx_uart.o(.text), (56 bytes).
    Removing lm3s21xx_uart.o(.text), (10 bytes).
    Removing lm3s21xx_uart.o(.text), (10 bytes).
    Removing lm3s21xx_uart.o(.text), (10 bytes).
    Removing lm3s21xx_uart.o(.text), (8 bytes).
    Removing lm3s21xx_watchdog.o(.text), (12 bytes).
    Removing lm3s21xx_watchdog.o(.text), (18 bytes).
    Removing lm3s21xx_watchdog.o(.text), (16 bytes).
    Removing lm3s21xx_watchdog.o(.text), (20 bytes).
    Removing lm3s21xx_watchdog.o(.text), (8 bytes).
    Removing lm3s21xx_watchdog.o(.text), (22 bytes).
    Removing lm3s21xx_watchdog.o(.text), (16 bytes).
    Removing lm3s21xx_watchdog.o(.text), (18 bytes).
    Removing lm3s21xx_watchdog.o(.text), (20 bytes).
    Removing lm3s21xx_watchdog.o(.text), (24 bytes).
    Removing lm3s21xx_vect.o(HEAP), (0 bytes).
    Removing lm3s21xx_vect.o(.text), (0 bytes).
    Removing init.o(.text), (228 bytes).
    Removing can.o(.text), (2 bytes).
    Removing uart.o(.text), (80 bytes).
    Removing uart.o(.text), (60 bytes).
    Removing uart.o(.text), (116 bytes).
    Removing uart.o(.text), (176 bytes).
    Removing bitvari.o(.bss), (24 bytes).

156 unused section(s) (total 5946 bytes) removed from the image.

==============================================================================

Image Symbol Table

    Local Symbols

    Symbol Name                              Value     Ov Type        Size  Object(Section)

    RESET                                    0x00000000   Section      336  lm3s21xx_vect.o(RESET)
    ../../../cmprslib/zerorunl.c             0x00000000   Number         0  __dczerorl.o ABSOLUTE
    ../../microlib/f2d.c                     0x00000000   Number         0  f2d.o ABSOLUTE
    ../../microlib/init/entry.s              0x00000000   Number         0  entry7.o ABSOLUTE
    ../../microlib/init/entry.s              0x00000000   Number         0  entry5.o ABSOLUTE
    ../../microlib/init/entry.s              0x00000000   Number         0  entry2.o ABSOLUTE
    ../../microlib/init/entry.s              0x00000000   Number         0  entry.o ABSOLUTE
    ../../microlib/string/memcpy.c           0x00000000   Number         0  memcpya.o ABSOLUTE
    ../../microlib/string/memcpy.c           0x00000000   Number         0  memcpyb.o ABSOLUTE
    ../../microlib/string/strlen.c           0x00000000   Number         0  strlen.o ABSOLUTE
    ../../microlib/stubs.s                   0x00000000   Number         0  iusefp.o ABSOLUTE
    BitVari.C                                0x00000000   Number         0  bitvari.o ABSOLUTE
    CAN.C                                    0x00000000   Number         0  can.o ABSOLUTE
    ENG_ERR.C                                0x00000000   Number         0  eng_err.o ABSOLUTE
    Init.C                                   0x00000000   Number         0  init.o ABSOLUTE
    Interrupt.C                              0x00000000   Number         0  interrupt.o ABSOLUTE
    LM3S21xx_Vect.s                          0x00000000   Number         0  lm3s21xx_vect.o ABSOLUTE
    LM3S21xx_adc.c                           0x00000000   Number         0  lm3s21xx_adc.o ABSOLUTE
    LM3S21xx_can.c                           0x00000000   Number         0  lm3s21xx_can.o ABSOLUTE
    LM3S21xx_flash.c                         0x00000000   Number         0  lm3s21xx_flash.o ABSOLUTE
    LM3S21xx_gpio.c                          0x00000000   Number         0  lm3s21xx_gpio.o ABSOLUTE
    LM3S21xx_interrupt.c                     0x00000000   Number         0  lm3s21xx_interrupt.o ABSOLUTE
    LM3S21xx_mpu.c                           0x00000000   Number         0  lm3s21xx_mpu.o ABSOLUTE
    LM3S21xx_ssi.c                           0x00000000   Number         0  lm3s21xx_ssi.o ABSOLUTE
    LM3S21xx_sysctl.c                        0x00000000   Number         0  lm3s21xx_sysctl.o ABSOLUTE
    LM3S21xx_sysctl.c                        0x00000000   Number         0  lm3s21xx_sysctl.o ABSOLUTE
    LM3S21xx_systick.c                       0x00000000   Number         0  lm3s21xx_systick.o ABSOLUTE
    LM3S21xx_timer.c                         0x00000000   Number         0  lm3s21xx_timer.o ABSOLUTE
    LM3S21xx_uart.c                          0x00000000   Number         0  lm3s21xx_uart.o ABSOLUTE
    LM3S21xx_watchdog.c                      0x00000000   Number         0  lm3s21xx_watchdog.o ABSOLUTE
    SOLID.C                                  0x00000000   Number         0  solid.o ABSOLUTE
    UART.C                                   0x00000000   Number         0  uart.o ABSOLUTE
    cdcmple.s                                0x00000000   Number         0  cdcmple.o ABSOLUTE
    cpu_keil.S                               0x00000000   Number         0  cpu_keil.o ABSOLUTE
    dc.s                                     0x00000000   Number         0  dc.o ABSOLUTE
    handlers.s                               0x00000000   Number         0  handlers.o ABSOLUTE
    init.s                                   0x00000000   Number         0  init.o ABSOLUTE
    main.c                                   0x00000000   Number         0  main.o ABSOLUTE
    vari.c                                   0x00000000   Number         0  vari.o ABSOLUTE
    NmiSR                                    0x00000143   Thumb Code     0  lm3s21xx_vect.o(RESET)
    FaultISR                                 0x00000145   Thumb Code     0  lm3s21xx_vect.o(RESET)
    IntDefaultHandler                        0x00000147   Thumb Code     0  lm3s21xx_vect.o(RESET)
    .ARM.Collect$$$$00000000                 0x00000150   Section        0  entry.o(.ARM.Collect$$$$00000000)
    .ARM.Collect$$$$00000001                 0x00000150   Section        4  entry2.o(.ARM.Collect$$$$00000001)
    .ARM.Collect$$$$00000004                 0x00000154   Section        4  entry5.o(.ARM.Collect$$$$00000004)
    .ARM.Collect$$$$00000007                 0x00000158   Section        8  entry7.o(.ARM.Collect$$$$00000007)
    .ARM.Collect$$$$00002712                 0x00000160   Section        4  entry2.o(.ARM.Collect$$$$00002712)
    __lit__00000000                          0x00000160   Data           4  entry2.o(.ARM.Collect$$$$00002712)
    .emb_text                                0x00000164   Section        6  lm3s21xx_sysctl.o(.emb_text)
    .text                                    0x0000016c   Section        0  lm3s21xx_can.o(.text)
    .text                                    0x000009e8   Section        0  lm3s21xx_flash.o(.text)
    .text                                    0x00000a78   Section        0  lm3s21xx_gpio.o(.text)
    .text                                    0x00000e94   Section        0  lm3s21xx_interrupt.o(.text)
    .text                                    0x00001030   Section        0  lm3s21xx_interrupt.o(.text)
    .text                                    0x00001070   Section        0  lm3s21xx_interrupt.o(.text)
    .text                                    0x00001084   Section        0  lm3s21xx_interrupt.o(.text)
    .text                                    0x00001104   Section        0  lm3s21xx_ssi.o(.text)
    .text                                    0x000011ac   Section        0  lm3s21xx_sysctl.o(.text)
    .text                                    0x00001538   Section        0  lm3s21xx_sysctl.o(.text)
    .text                                    0x0000157c   Section        0  lm3s21xx_systick.o(.text)
    .text                                    0x000015d8   Section        0  lm3s21xx_timer.o(.text)
    .text                                    0x000017c4   Section        0  lm3s21xx_uart.o(.text)
    .text                                    0x00001934   Section        0  lm3s21xx_watchdog.o(.text)
    .text                                    0x000019e0   Section        0  lm3s21xx_adc.o(.text)
    .text                                    0x00001d60   Section       20  cpu_keil.o(.text)
    .text                                    0x00001d74   Section        0  main.o(.text)
    .text                                    0x00001dec   Section        0  interrupt.o(.text)
    .text                                    0x00001df0   Section        0  interrupt.o(.text)
    .text                                    0x00002404   Section        0  init.o(.text)
    .text                                    0x00002794   Section        0  can.o(.text)
    .text                                    0x00002a88   Section        0  uart.o(.text)
    .text                                    0x00002e78   Section        0  eng_err.o(.text)
    .text                                    0x00002f20   Section        0  memcpya.o(.text)
    .text                                    0x00002f44   Section        0  f2d.o(.text)
    .text                                    0x00002f70   Section       40  cdcmple.o(.text)
    .text                                    0x00002f98   Section        0  iusefp.o(.text)
    .text                                    0x00002f98   Section       36  init.o(.text)
    .text                                    0x00002fbc   Section        0  __dczerorl.o(.text)
    i.__scatterload_copy                     0x00002ff6   Section       14  handlers.o(i.__scatterload_copy)
    i.__scatterload_null                     0x00003004   Section        2  handlers.o(i.__scatterload_null)
    i.__scatterload_zeroinit                 0x00003006   Section       14  handlers.o(i.__scatterload_zeroinit)
    .constdata                               0x00003014   Section       56  lm3s21xx_can.o(.constdata)
    .constdata                               0x0000304c   Section       92  lm3s21xx_sysctl.o(.constdata)
    g_pulXtals                               0x0000304c   Data          92  lm3s21xx_sysctl.o(.constdata)
    .constdata                               0x000030a8   Section       16  lm3s21xx_uart.o(.constdata)
    .constdata                               0x000030b8   Section        8  init.o(.constdata)
    .constdata                               0x000030c0   Section       48  can.o(.constdata)
    .constdata                               0x000030f0   Section      268  uart.o(.constdata)
    .constdata                               0x0000fc00   Section       24  solid.o(.constdata)
    .data                                    0x20000010   Section        3  lm3s21xx_adc.o(.data)
    .data                                    0x20000014   Section      171  vari.o(.data)
    vtable                                   0x200000c0   Section      256  lm3s21xx_interrupt.o(vtable)
    g_pfnRAMVectors                          0x200000c0   Data         256  lm3s21xx_interrupt.o(vtable)
    .bss                                     0x200001c0   Section     4414  vari.o(.bss)
    STACK                                    0x20001300   Section      512  lm3s21xx_vect.o(STACK)
    StackMem                                 0x20001300   Data           0  lm3s21xx_vect.o(STACK)
    .data                                    0x22000000   Section      248  bitvari.o(.data)

    Global Symbols

    Symbol Name                              Value     Ov Type        Size  Object(Section)

    BuildAttributes$$THM_ISAv4$P$D$K$B$S$PE$A:L22UL41UL21$X:L11$S22US41US21$IEEE1$IW$USESV6$~STKCKD$USESV7$~SHL$OSPACE$ROPI$EBA8$MICROLIB$REQ8$PRES8$EABIv2 0x00000000   Number         0  anon$$obj.o ABSOLUTE
    __ARM_use_no_argv                        0x00000000   Number         0  main.o ABSOLUTE
    __Vectors                                0x00000000   Data           0  lm3s21xx_vect.o(RESET)
    Reset_Handler                            0x00000101   Thumb Code     0  lm3s21xx_vect.o(RESET)
    __main                                   0x00000151   Thumb Code     0  entry.o(.ARM.Collect$$$$00000000)
    _main_stk                                0x00000151   Thumb Code     0  entry2.o(.ARM.Collect$$$$00000001)
    _main_scatterload                        0x00000155   Thumb Code     0  entry5.o(.ARM.Collect$$$$00000004)
    __main_after_scatterload                 0x00000159   Thumb Code     0  entry5.o(.ARM.Collect$$$$00000004)
    _main_init                               0x00000159   Thumb Code     0  entry7.o(.ARM.Collect$$$$00000007)
    SysCtlDelay                              0x00000165   Thumb Code     6  lm3s21xx_sysctl.o(.emb_text)
    CANRegRead                               0x0000016d   Thumb Code    64  lm3s21xx_can.o(.text)
    CANRegWrite                              0x000001ad   Thumb Code    18  lm3s21xx_can.o(.text)
    CANIntNumberGet                          0x000001bf   Thumb Code    44  lm3s21xx_can.o(.text)
    CANStatusGet                             0x000001eb   Thumb Code   160  lm3s21xx_can.o(.text)
    CANEnable                                0x0000028b   Thumb Code    36  lm3s21xx_can.o(.text)
    CAN_RxMsg_Set                            0x000002af   Thumb Code   498  lm3s21xx_can.o(.text)
    Set_MsgRam                               0x000004a1   Thumb Code    58  lm3s21xx_can.o(.text)
    CANIntEnable                             0x000004db   Thumb Code    40  lm3s21xx_can.o(.text)
    CANBitTimingSet                          0x00000503   Thumb Code    78  lm3s21xx_can.o(.text)
    Clr_MsgRam                               0x00000551   Thumb Code   202  lm3s21xx_can.o(.text)
    CANDisable                               0x0000061b   Thumb Code    36  lm3s21xx_can.o(.text)
    Init_CAN                                 0x0000063f   Thumb Code    64  lm3s21xx_can.o(.text)
    CANDataRegWrite                          0x0000067f   Thumb Code    72  lm3s21xx_can.o(.text)
    CANDataRegRead                           0x000006c7   Thumb Code    72  lm3s21xx_can.o(.text)
    CANIntStatus                             0x0000070f   Thumb Code    80  lm3s21xx_can.o(.text)
    CANIntClear                              0x0000075f   Thumb Code    92  lm3s21xx_can.o(.text)
    CANErrCntrGet                            0x000007bb   Thumb Code    50  lm3s21xx_can.o(.text)
    CAN_Tx_Msg                               0x000007ed   Thumb Code   264  lm3s21xx_can.o(.text)
    CAN_Rx_Msg                               0x000008f5   Thumb Code   236  lm3s21xx_can.o(.text)
    FlashErase                               0x000009e9   Thumb Code    50  lm3s21xx_flash.o(.text)
    FlashProgram                             0x00000a1b   Thumb Code    80  lm3s21xx_flash.o(.text)
    GPIOPinWrite                             0x00000a79   Thumb Code     6  lm3s21xx_gpio.o(.text)
    GPIOIntTypeSet                           0x00000a7f   Thumb Code    86  lm3s21xx_gpio.o(.text)
    GPIOPadConfigSet                         0x00000ad5   Thumb Code   252  lm3s21xx_gpio.o(.text)
    GPIODirModeSet                           0x00000bd1   Thumb Code    58  lm3s21xx_gpio.o(.text)
    GPIOPinTypeGPIOOutput                    0x00000c0b   Thumb Code    32  lm3s21xx_gpio.o(.text)
    GPIOPinTypeGPIOInput                     0x00000c2b   Thumb Code    32  lm3s21xx_gpio.o(.text)
    GPIOPinTypeTimer                         0x00000c4b   Thumb Code    32  lm3s21xx_gpio.o(.text)
    GPIOPinTypeUART                          0x00000c6b   Thumb Code    32  lm3s21xx_gpio.o(.text)
    GPIOPinTypeCAN                           0x00000c8b   Thumb Code    32  lm3s21xx_gpio.o(.text)
    GPIOPinTypeSSI                           0x00000cab   Thumb Code    32  lm3s21xx_gpio.o(.text)
    Init_Gpio                                0x00000ccb   Thumb Code   422  lm3s21xx_gpio.o(.text)
    GPIOPinRead                              0x00000e71   Thumb Code     8  lm3s21xx_gpio.o(.text)
    IntEnable                                0x00000e95   Thumb Code   120  lm3s21xx_interrupt.o(.text)
    IntPrioritySet                           0x00000f0d   Thumb Code   152  lm3s21xx_interrupt.o(.text)
    Init_Int                                 0x00000fa5   Thumb Code   102  lm3s21xx_interrupt.o(.text)
    IntMasterEnable                          0x0000100b   Thumb Code    10  lm3s21xx_interrupt.o(.text)
    IntMasterDisable                         0x00001015   Thumb Code    10  lm3s21xx_interrupt.o(.text)
    IntRegister                              0x00001031   Thumb Code    56  lm3s21xx_interrupt.o(.text)
    IntUnregister                            0x00001071   Thumb Code    10  lm3s21xx_interrupt.o(.text)
    IntDisable                               0x00001085   Thumb Code   120  lm3s21xx_interrupt.o(.text)
    SSIEnable                                0x00001105   Thumb Code    10  lm3s21xx_ssi.o(.text)
    SSIConfigSetExpClk                       0x0000110f   Thumb Code   106  lm3s21xx_ssi.o(.text)
    Init_Ssi                                 0x00001179   Thumb Code    42  lm3s21xx_ssi.o(.text)
    SysCtlClockGet                           0x000011ad   Thumb Code   320  lm3s21xx_sysctl.o(.text)
    SysCtlClockSet                           0x000012ed   Thumb Code   380  lm3s21xx_sysctl.o(.text)
    SysCtlLDOSet                             0x00001469   Thumb Code     6  lm3s21xx_sysctl.o(.text)
    Init_Pll                                 0x0000146f   Thumb Code    34  lm3s21xx_sysctl.o(.text)
    SysCtlPeripheralEnable                   0x00001491   Thumb Code    54  lm3s21xx_sysctl.o(.text)
    SysCtlPeripheralDisable                  0x000014c7   Thumb Code    54  lm3s21xx_sysctl.o(.text)
    SysCtlADCSpeedSet                        0x00001539   Thumb Code    52  lm3s21xx_sysctl.o(.text)
    SysTickIntEnable                         0x0000157d   Thumb Code    18  lm3s21xx_systick.o(.text)
    SysTickEnable                            0x0000158f   Thumb Code    18  lm3s21xx_systick.o(.text)
    SysTickPeriodSet                         0x000015a1   Thumb Code    12  lm3s21xx_systick.o(.text)
    Init_SysTick                             0x000015ad   Thumb Code    36  lm3s21xx_systick.o(.text)
    TimerEnable                              0x000015d9   Thumb Code    18  lm3s21xx_timer.o(.text)
    TimerIntEnable                           0x000015eb   Thumb Code    10  lm3s21xx_timer.o(.text)
    TimerMatchSet                            0x000015f5   Thumb Code    18  lm3s21xx_timer.o(.text)
    TimerLoadSet                             0x00001607   Thumb Code    18  lm3s21xx_timer.o(.text)
    TimerControlEvent                        0x00001619   Thumb Code    84  lm3s21xx_timer.o(.text)
    TimerConfigure                           0x0000166d   Thumb Code    30  lm3s21xx_timer.o(.text)
    Init_Timer                               0x0000168b   Thumb Code   294  lm3s21xx_timer.o(.text)
    UARTIntEnable                            0x000017c5   Thumb Code    10  lm3s21xx_uart.o(.text)
    UARTFIFOLevelSet                         0x000017cf   Thumb Code     8  lm3s21xx_uart.o(.text)
    UARTEnable                               0x000017d7   Thumb Code    22  lm3s21xx_uart.o(.text)
    UARTDisable                              0x000017ed   Thumb Code    32  lm3s21xx_uart.o(.text)
    UARTConfigSetExpClk                      0x0000180d   Thumb Code    62  lm3s21xx_uart.o(.text)
    Init_Com                                 0x0000184b   Thumb Code   110  lm3s21xx_uart.o(.text)
    Init_Uart                                0x000018b9   Thumb Code    34  lm3s21xx_uart.o(.text)
    UARTCharsAvail                           0x000018db   Thumb Code    14  lm3s21xx_uart.o(.text)
    UARTCharGet                              0x000018e9   Thumb Code     6  lm3s21xx_uart.o(.text)
    UARTCharPut                              0x000018ef   Thumb Code    14  lm3s21xx_uart.o(.text)
    UARTBusy                                 0x000018fd   Thumb Code    10  lm3s21xx_uart.o(.text)
    UARTIntDisable                           0x00001907   Thumb Code    10  lm3s21xx_uart.o(.text)
    UARTIntStatus                            0x00001911   Thumb Code    12  lm3s21xx_uart.o(.text)
    UARTIntClear                             0x0000191d   Thumb Code     4  lm3s21xx_uart.o(.text)
    WatchdogEnable                           0x00001935   Thumb Code    18  lm3s21xx_watchdog.o(.text)
    WatchdogStallEnable                      0x00001947   Thumb Code    18  lm3s21xx_watchdog.o(.text)
    WatchdogResetEnable                      0x00001959   Thumb Code    18  lm3s21xx_watchdog.o(.text)
    WatchdogReloadSet                        0x0000196b   Thumb Code     8  lm3s21xx_watchdog.o(.text)
    WatchdogIntClear                         0x00001973   Thumb Code    12  lm3s21xx_watchdog.o(.text)
    WatchdogUnlock                           0x0000197f   Thumb Code     8  lm3s21xx_watchdog.o(.text)
    Init_Wdt                                 0x00001987   Thumb Code    52  lm3s21xx_watchdog.o(.text)
    WatchdogReloadGet                        0x000019bb   Thumb Code     8  lm3s21xx_watchdog.o(.text)
    WDTFeed                                  0x000019c3   Thumb Code    14  lm3s21xx_watchdog.o(.text)
    ADCProcessorTrigger                      0x000019e1   Thumb Code    14  lm3s21xx_adc.o(.text)
    ADCSequenceEnable                        0x000019ef   Thumb Code    22  lm3s21xx_adc.o(.text)
    ADCIntEnable                             0x00001a05   Thumb Code    34  lm3s21xx_adc.o(.text)
    ADCHardwareOversampleConfigure           0x00001a27   Thumb Code    36  lm3s21xx_adc.o(.text)
    ADCSequenceStepConfigure                 0x00001a4b   Thumb Code    90  lm3s21xx_adc.o(.text)
    ADCSequenceConfigure                     0x00001aa5   Thumb Code    74  lm3s21xx_adc.o(.text)
    ADCSequenceDisable                       0x00001aef   Thumb Code    22  lm3s21xx_adc.o(.text)
    Init_Adc                                 0x00001b05   Thumb Code    72  lm3s21xx_adc.o(.text)
    ADCIntRegister                           0x00001b4d   Thumb Code    28  lm3s21xx_adc.o(.text)
    ADCIntUnregister                         0x00001b69   Thumb Code    24  lm3s21xx_adc.o(.text)
    ADCIntDisable                            0x00001b81   Thumb Code    22  lm3s21xx_adc.o(.text)
    ADCIntStatus                             0x00001b97   Thumb Code    28  lm3s21xx_adc.o(.text)
    ADCIntClear                              0x00001bb3   Thumb Code    14  lm3s21xx_adc.o(.text)
    ADCSequenceOverflow                      0x00001bc1   Thumb Code    20  lm3s21xx_adc.o(.text)
    ADCSequenceOverflowClear                 0x00001bd5   Thumb Code    14  lm3s21xx_adc.o(.text)
    ADCSequenceUnderflow                     0x00001be3   Thumb Code    20  lm3s21xx_adc.o(.text)
    ADCSequenceUnderflowClear                0x00001bf7   Thumb Code    14  lm3s21xx_adc.o(.text)
    ADCSequenceDataGet                       0x00001c05   Thumb Code    52  lm3s21xx_adc.o(.text)
    ADCSoftwareOversampleConfigure           0x00001c39   Thumb Code    44  lm3s21xx_adc.o(.text)
    ADCSoftwareOversampleStepConfigure       0x00001c65   Thumb Code   164  lm3s21xx_adc.o(.text)
    ADCSoftwareOversampleDataGet             0x00001d09   Thumb Code    76  lm3s21xx_adc.o(.text)
    CPUcpsid                                 0x00001d61   Thumb Code     0  cpu_keil.o(.text)
    CPUcpsie                                 0x00001d69   Thumb Code     0  cpu_keil.o(.text)
    CPUwfi                                   0x00001d71   Thumb Code     0  cpu_keil.o(.text)
    main                                     0x00001d75   Thumb Code   114  main.o(.text)
    IntDefaultHandler                        0x00001ded   Thumb Code     4  interrupt.o(.text)
    WatchDogHandler                          0x00001df1   Thumb Code     8  interrupt.o(.text)
    SysTickIntHandler                        0x00001df9   Thumb Code    84  interrupt.o(.text)
    ADC0Handler                              0x00001e4d   Thumb Code   158  interrupt.o(.text)
    UART0IntHandler                          0x00001eeb   Thumb Code   212  interrupt.o(.text)
    UART1IntHandler                          0x00001fbf   Thumb Code   212  interrupt.o(.text)
    Timer0AIntHandler                        0x00002093   Thumb Code    10  interrupt.o(.text)
    Timer0BIntHandler                        0x0000209d   Thumb Code    26  interrupt.o(.text)
    Timer1AIntHandler                        0x000020b7   Thumb Code    36  interrupt.o(.text)
    Timer1BIntHandler                        0x000020db   Thumb Code    26  interrupt.o(.text)
    Timer2AIntHandler                        0x000020f5   Thumb Code    26  interrupt.o(.text)
    Timer2BIntHandler                        0x0000210f   Thumb Code    32  interrupt.o(.text)
    GPIOBHandler                             0x0000212f   Thumb Code    16  interrupt.o(.text)
    GPIOCHandler                             0x0000213f   Thumb Code   100  interrupt.o(.text)
    GPIOFHandler                             0x000021a3   Thumb Code   242  interrupt.o(.text)
    CANHandler                               0x00002295   Thumb Code   306  interrupt.o(.text)
    Check_SMtr_Tab_Sts                       0x00002405   Thumb Code   360  init.o(.text)
    Solid_Save_Tab                           0x0000256d   Thumb Code   200  init.o(.text)
    Read_Mtr_Numb                            0x00002635   Thumb Code   192  init.o(.text)
    Init_Ram                                 0x000026f5   Thumb Code    80  init.o(.text)
    Proc_CAN_OvTm                            0x00002795   Thumb Code    36  can.o(.text)
    SDATA_MSG_OHead_ADD_ONE                  0x000027b9   Thumb Code    48  can.o(.text)
    Send_Data                                0x000027e9   Thumb Code   140  can.o(.text)
    Set_Master_Start                         0x00002875   Thumb Code    10  can.o(.text)
    Set_Read_Ver                             0x0000287f   Thumb Code    68  can.o(.text)
    Set_SOLID                                0x000028c3   Thumb Code     8  can.o(.text)
    Proc_SDATA_IBUF                          0x000028cb   Thumb Code   144  can.o(.text)
    Proc_SDATA_OBUF                          0x0000295b   Thumb Code   128  can.o(.text)
    Proc_CAN_STS                             0x000029db   Thumb Code    78  can.o(.text)
    Get_Char                                 0x00002a89   Thumb Code    92  uart.o(.text)
    Case_num                                 0x00002ae5   Thumb Code   122  uart.o(.text)
    Get_Com_Cmd                              0x00002b5f   Thumb Code   122  uart.o(.text)
    No_Match_Cmd_Pr                          0x00002bd9   Thumb Code    38  uart.o(.text)
    Send_One_Uart_Frm                        0x00002bff   Thumb Code   308  uart.o(.text)
    Proc_COM1_IBuf                           0x00002d33   Thumb Code   114  uart.o(.text)
    Proc_COM1_OBuf                           0x00002da5   Thumb Code   136  uart.o(.text)
    Check_PLL                                0x00002e79   Thumb Code   100  eng_err.o(.text)
    Proc_AD_OVT                              0x00002edd   Thumb Code    36  eng_err.o(.text)
    __aeabi_memcpy                           0x00002f21   Thumb Code    36  memcpya.o(.text)
    __aeabi_memcpy4                          0x00002f21   Thumb Code     0  memcpya.o(.text)
    __aeabi_memcpy8                          0x00002f21   Thumb Code     0  memcpya.o(.text)
    __aeabi_f2d                              0x00002f45   Thumb Code    44  f2d.o(.text)
    __aeabi_cdcmpeq                          0x00002f71   Thumb Code     0  cdcmple.o(.text)
    __aeabi_cdcmple                          0x00002f71   Thumb Code    40  cdcmple.o(.text)
    __I$use$fp                               0x00002f99   Thumb Code     0  iusefp.o(.text)
    __scatterload                            0x00002f99   Thumb Code    28  init.o(.text)
    __scatterload_rt2                        0x00002f99   Thumb Code     0  init.o(.text)
    __decompress                             0x00002fbd   Thumb Code     0  __dczerorl.o(.text)
    __decompress0                            0x00002fbd   Thumb Code    58  __dczerorl.o(.text)
    __scatterload_copy                       0x00002ff7   Thumb Code    14  handlers.o(i.__scatterload_copy)
    __scatterload_null                       0x00003005   Thumb Code     2  handlers.o(i.__scatterload_null)
    __scatterload_zeroinit                   0x00003007   Thumb Code    14  handlers.o(i.__scatterload_zeroinit)
    CANBitClkSettings                        0x00003014   Data          20  lm3s21xx_can.o(.constdata)
    CAN_MSG_SET_TAB                          0x00003028   Data          36  lm3s21xx_can.o(.constdata)
    Parity_Set_TAB                           0x000030a8   Data           5  lm3s21xx_uart.o(.constdata)
    UART_PARA_TAB                            0x000030b0   Data           8  lm3s21xx_uart.o(.constdata)
    VER_TAB                                  0x000030b8   Data           8  init.o(.constdata)
    CAN_TX_SMSG                              0x000030c0   Data          16  can.o(.constdata)
    PORT_BASE_ADDR_TAB                       0x000030d0   Data          32  can.o(.constdata)
    UART_PORT                                0x000030f0   Data           8  uart.o(.constdata)
    COM0_ICMD_TAB                            0x000030f8   Data          80  uart.o(.constdata)
    COM1_ICMD_TAB                            0x00003148   Data          80  uart.o(.constdata)
    CMD_NUM_TAB                              0x00003198   Data           4  uart.o(.constdata)
    Data_Flag_Tab                            0x0000319c   Data           2  uart.o(.constdata)
    CMD_ADDR_TAB                             0x000031a0   Data           8  uart.o(.constdata)
    CMD_LEN_TAB                              0x000031a8   Data           2  uart.o(.constdata)
    IBUF_Ptr_TAB                             0x000031ac   Data          32  uart.o(.constdata)
    OBUF_Ptr_TAB                             0x000031cc   Data          48  uart.o(.constdata)
    Region$$Table$$Base                      0x000031fc   Number         0  anon$$obj.o(Region$$Table)
    Region$$Table$$Limit                     0x0000323c   Number         0  anon$$obj.o(Region$$Table)
    Save_Tab                                 0x0000fc00   Data          24  solid.o(.constdata)
    g_pucOversampleFactor                    0x20000010   Data           3  lm3s21xx_adc.o(.data)
    ADC_Data                                 0x20000014   Data           2  vari.o(.data)
    Old_Data                                 0x20000018   Data           4  vari.o(.data)
    AD_SAVED_OLD                             0x2000001c   Data           2  vari.o(.data)
    AD_SAVED_NEW                             0x2000001e   Data           2  vari.o(.data)
    AD_Timer                                 0x20000020   Data           2  vari.o(.data)
    AD_InStable_Cnt                          0x20000022   Data           1  vari.o(.data)
    Current_Save_Tab                         0x20000023   Data           1  vari.o(.data)
    SysRCC_CFG                               0x20000024   Data           4  vari.o(.data)
    PLL_ERR_Cnt                              0x20000028   Data           1  vari.o(.data)
    CMD_DATA                                 0x20000029   Data           1  vari.o(.data)
    WIRE_TYPE                                0x2000002a   Data           1  vari.o(.data)
    Mtr_Numb_ID                              0x2000002b   Data           1  vari.o(.data)
    Mtr_Numb_Str                             0x2000002c   Data           3  vari.o(.data)
    Sysclk                                   0x20000030   Data           4  vari.o(.data)
    Timer_1ms                                0x20000034   Data           4  vari.o(.data)
    CLK_Timer                                0x20000038   Data           4  vari.o(.data)
    Timer_8ms                                0x2000003c   Data           1  vari.o(.data)
    GDT_Timer                                0x2000003d   Data           1  vari.o(.data)
    DZ_Timer                                 0x2000003e   Data           1  vari.o(.data)
    SZ_Timer                                 0x2000003f   Data           1  vari.o(.data)
    XUL_Timer                                0x20000040   Data           1  vari.o(.data)
    TQ_Timer                                 0x20000041   Data           1  vari.o(.data)
    HZ_Timer                                 0x20000042   Data           1  vari.o(.data)
    KEY_Timer                                0x20000043   Data           1  vari.o(.data)
    PLL_CHK_Timer                            0x20000044   Data           1  vari.o(.data)
    CYCLE_OLD_Timer                          0x20000048   Data           4  vari.o(.data)
    CYCLE_NEW_Timer                          0x2000004c   Data           4  vari.o(.data)
    CAN_STX_OVTimer                          0x20000050   Data           2  vari.o(.data)
    CAN_LTX_OVTimer                          0x20000052   Data           2  vari.o(.data)
    CAN_RX_OVTimer                           0x20000054   Data           2  vari.o(.data)
    WORK_Timer                               0x20000056   Data           2  vari.o(.data)
    STD_ECLK_Timer                           0x20000058   Data           2  vari.o(.data)
    NEW_PLL_Ref_Timer                        0x2000005a   Data           2  vari.o(.data)
    OLD_PLL_Ref_Timer                        0x2000005c   Data           2  vari.o(.data)
    Disp_Timer                               0x2000005e   Data           1  vari.o(.data)
    GDT_RST_Timer                            0x2000005f   Data           1  vari.o(.data)
    Con_KEY_Timer                            0x20000060   Data           1  vari.o(.data)
    Disp_En_Timer                            0x20000061   Data           1  vari.o(.data)
    STD_CLK_Timer                            0x20000062   Data           1  vari.o(.data)
    SMtr_Set_Timer                           0x20000063   Data           1  vari.o(.data)
    Disp_Buf                                 0x20000064   Data           8  vari.o(.data)
    Uart_Para                                0x2000006c   Data           8  vari.o(.data)
    CANERR_CNT                               0x20000074   Data           2  vari.o(.data)
    CAN_LMSG_TX_TYPE                         0x20000076   Data           1  vari.o(.data)
    CAN_LMSG_RX_TYPE                         0x20000077   Data           1  vari.o(.data)
    CAN_STS                                  0x20000078   Data           4  vari.o(.data)
    CAN_LDATA_TX_STS                         0x2000007c   Data           1  vari.o(.data)
    CAN_NEXT_MSG_IDx                         0x2000007d   Data           1  vari.o(.data)
    CAN_LMSG_TX_STS                          0x2000007e   Data           1  vari.o(.data)
    CAN_SMSG_TX_STS                          0x2000007f   Data           1  vari.o(.data)
    Echo_Sts                                 0x20000080   Data           1  vari.o(.data)
    CAN_SEND_DTIME                           0x20000081   Data           1  vari.o(.data)
    CAN_SEND_DELAY                           0x20000082   Data           1  vari.o(.data)
    CAN_SDATA_MSG_IHead                      0x20000083   Data           1  vari.o(.data)
    CAN_SDATA_MSG_ITail                      0x20000084   Data           1  vari.o(.data)
    CAN_MSG_IPtr                             0x20000088   Data           4  vari.o(.data)
    CAN_SDATA_MSG_OHead                      0x2000008c   Data           1  vari.o(.data)
    CAN_SDATA_MSG_OTail                      0x2000008d   Data           1  vari.o(.data)
    CAN_MSG_OPtr                             0x20000090   Data           4  vari.o(.data)
    CAN_LDATA_MSG_IHead                      0x20000094   Data           1  vari.o(.data)
    CAN_LDATA_MSG_ITail                      0x20000095   Data           1  vari.o(.data)
    CAN_LDATA_SERR_Cnt                       0x20000096   Data           1  vari.o(.data)
    COM0_InSend                              0x20000097   Data           1  vari.o(.data)
    COM0_IHead                               0x20000098   Data           2  vari.o(.data)
    COM0_ITail                               0x2000009a   Data           2  vari.o(.data)
    COM0_ICoun                               0x2000009c   Data           2  vari.o(.data)
    COM0_OHead                               0x2000009e   Data           2  vari.o(.data)
    COM0_OTail                               0x200000a0   Data           2  vari.o(.data)
    COM0_OCoun                               0x200000a2   Data           2  vari.o(.data)
    COM0_STimer                              0x200000a4   Data           2  vari.o(.data)
    COM1_InSend                              0x200000a6   Data           1  vari.o(.data)
    COM1_IHead                               0x200000a8   Data           2  vari.o(.data)
    COM1_ITail                               0x200000aa   Data           2  vari.o(.data)
    COM1_ICoun                               0x200000ac   Data           2  vari.o(.data)
    COM1_OHead                               0x200000ae   Data           2  vari.o(.data)
    COM1_OTail                               0x200000b0   Data           2  vari.o(.data)
    COM1_OCoun                               0x200000b2   Data           2  vari.o(.data)
    COM1_STimer                              0x200000b4   Data           2  vari.o(.data)
    Para_Numb                                0x200000b6   Data           1  vari.o(.data)
    CANT_STR                                 0x200000b7   Data           8  vari.o(.data)
    ADC_SEQ_Data                             0x200001c0   Data          32  vari.o(.bss)
    Save_Tab_Sts                             0x200001e0   Data          41  vari.o(.bss)
    XIUZ                                     0x2000020c   Data          24  vari.o(.bss)
    CAN_LMSG_RX_Ptr                          0x20000224   Data          16  vari.o(.bss)
    CAN_LMSG_TX_Ptr                          0x20000234   Data          16  vari.o(.bss)
    CAN_MSG_Rx                               0x20000244   Data          16  vari.o(.bss)
    CAN_SMSG_Tx                              0x20000254   Data          16  vari.o(.bss)
    CAN_LMSG_Tx                              0x20000264   Data          16  vari.o(.bss)
    CAN_SDATA_MSG_IBUF                       0x20000274   Data         800  vari.o(.bss)
    CAN_SDATA_MSG_OBUF                       0x20000594   Data         800  vari.o(.bss)
    CAN_LDATA_MSG_IBUF                       0x200008b4   Data         320  vari.o(.bss)
    IBUF_Ptr                                 0x200009f4   Data          16  vari.o(.bss)
    OBUF_Ptr                                 0x20000a04   Data          24  vari.o(.bss)
    UART_Ptr                                 0x20000a1c   Data          96  vari.o(.bss)
    COM0_IBuf                                0x20000a7c   Data         512  vari.o(.bss)
    COM0_OBuf                                0x20000c7c   Data         512  vari.o(.bss)
    COM1_IBuf                                0x20000e7c   Data         512  vari.o(.bss)
    COM1_OBuf                                0x2000107c   Data         512  vari.o(.bss)
    Rx_Com                                   0x2000127c   Data          10  vari.o(.bss)
    Rx_Para                                  0x20001286   Data         100  vari.o(.bss)
    TEMP_STR                                 0x200012ea   Data          20  vari.o(.bss)
    __initial_sp                             0x20001500   Data           0  lm3s21xx_vect.o(STACK)
    SINGLE_OR_THREE                          0x22000000   Data           4  bitvari.o(.data)
    NEW_ENG_PLS                              0x22000004   Data           4  bitvari.o(.data)
    NEW_CLK_PLS                              0x22000008   Data           4  bitvari.o(.data)
    NEW_XUL_PLS                              0x2200000c   Data           4  bitvari.o(.data)
    FIRST_ENG_PLS                            0x22000010   Data           4  bitvari.o(.data)
    FIRST_CLK_PLS                            0x22000014   Data           4  bitvari.o(.data)
    FIRST_XUL_PLS                            0x22000018   Data           4  bitvari.o(.data)
    OVER_ERR_FLAG                            0x2200001c   Data           4  bitvari.o(.data)
    NEW_ENG_DATA                             0x22000020   Data           4  bitvari.o(.data)
    BEEP_EN                                  0x22000024   Data           4  bitvari.o(.data)
    MTR_PLUG                                 0x22000028   Data           4  bitvari.o(.data)
    GDT_RST_FLAG                             0x2200002c   Data           4  bitvari.o(.data)
    NEW_CMD                                  0x22000030   Data           4  bitvari.o(.data)
    HB_BACK_EDGE                             0x22000034   Data           4  bitvari.o(.data)
    SY_START                                 0x22000038   Data           4  bitvari.o(.data)
    ZZ_PLS_LOADED                            0x2200003c   Data           4  bitvari.o(.data)
    HB_CATCHED                               0x22000040   Data           4  bitvari.o(.data)
    VERIFY_END                               0x22000044   Data           4  bitvari.o(.data)
    SY_ACT                                   0x22000048   Data           4  bitvari.o(.data)
    RISE_FALL_LVL                            0x2200004c   Data           4  bitvari.o(.data)
    ENG_STB_CHK                              0x22000050   Data           4  bitvari.o(.data)
    SCLK_STB_CHK                             0x22000054   Data           4  bitvari.o(.data)
    OCLK_STB_CHK                             0x22000058   Data           4  bitvari.o(.data)
    XUL_STB_CHK                              0x2200005c   Data           4  bitvari.o(.data)
    NO_STD_CLK                               0x22000060   Data           4  bitvari.o(.data)
    NO_CLK_PLS                               0x22000064   Data           4  bitvari.o(.data)
    NO_STD_ENG                               0x22000068   Data           4  bitvari.o(.data)
    DISP_HL_LVL                              0x2200006c   Data           4  bitvari.o(.data)
    PULSE_ZZ_END                             0x22000070   Data           4  bitvari.o(.data)
    NEW_WZHZ_PLS                             0x22000074   Data           4  bitvari.o(.data)
    NEW_NZHZ_PLS                             0x22000078   Data           4  bitvari.o(.data)
    NEW_TQ_PLS                               0x2200007c   Data           4  bitvari.o(.data)
    NEW_MBJ_PLS                              0x22000080   Data           4  bitvari.o(.data)
    NEW_JBJ_PLS                              0x22000084   Data           4  bitvari.o(.data)
    REF_JZ_INT                               0x22000088   Data           4  bitvari.o(.data)
    TX_ZS_BIT                                0x2200008c   Data           4  bitvari.o(.data)
    SZCLK_SET_TooM_T                         0x22000090   Data           4  bitvari.o(.data)
    SZCLK_SET_TooM                           0x22000094   Data           4  bitvari.o(.data)
    NEW_KEY_FLAG                             0x22000098   Data           4  bitvari.o(.data)
    PLUG_CHG_FLAG                            0x2200009c   Data           4  bitvari.o(.data)
    CD4094_FLAG                              0x220000a0   Data           4  bitvari.o(.data)
    KEY_PC_PLUG                              0x220000a4   Data           4  bitvari.o(.data)
    TZEN                                     0x220000a8   Data           4  bitvari.o(.data)
    MBJEN                                    0x220000ac   Data           4  bitvari.o(.data)
    GZ_FLAG                                  0x220000b0   Data           4  bitvari.o(.data)
    GZS_FLAG                                 0x220000b4   Data           4  bitvari.o(.data)
    NZTZ_FLAG                                0x220000b8   Data           4  bitvari.o(.data)
    WZTZ_FLAG                                0x220000bc   Data           4  bitvari.o(.data)
    MASTER_START                             0x220000c0   Data           4  bitvari.o(.data)
    GDT_INT_REEN                             0x220000c4   Data           4  bitvari.o(.data)
    DZ_INT_REEN                              0x220000c8   Data           4  bitvari.o(.data)
    SZ_INT_REEN                              0x220000cc   Data           4  bitvari.o(.data)
    XUL_INT_REEN                             0x220000d0   Data           4  bitvari.o(.data)
    TQ_INT_REEN                              0x220000d4   Data           4  bitvari.o(.data)
    HZ_INT_REEN                              0x220000d8   Data           4  bitvari.o(.data)
    KEY_INT_REEN                             0x220000dc   Data           4  bitvari.o(.data)
    CAN_ERR                                  0x220000e0   Data           4  bitvari.o(.data)
    I_JDQ                                    0x220000e4   Data           4  bitvari.o(.data)
    I_JDQ_CHG                                0x220000e8   Data           4  bitvari.o(.data)
    I_JDQ_EN                                 0x220000ec   Data           4  bitvari.o(.data)
    UJDQ_FLAG                                0x220000f0   Data           4  bitvari.o(.data)
    ESwitch_FLAG                             0x220000f4   Data           4  bitvari.o(.data)



==============================================================================

Memory Map of the image

  Image Entry point : 0x00000101

  Load Region LR_IROM1 (Base: 0x00000000, Size: 0x000034fc, Max: 0x0000f000, ABSOLUTE, COMPRESSED[0x00003350])

    Execution Region ER_IROM1 (Base: 0x00000000, Size: 0x0000323c, Max: 0x0000f000, ABSOLUTE)

    Base Addr    Size         Type   Attr      Idx    E Section Name        Object

    0x00000000   0x00000150   Code   RO         1166  * RESET               lm3s21xx_vect.o
    0x00000150   0x00000000   Code   RO         1377  * .ARM.Collect$$$$00000000  mc_w.l(entry.o)
    0x00000150   0x00000004   Code   RO         1390    .ARM.Collect$$$$00000001  mc_w.l(entry2.o)
    0x00000154   0x00000004   Code   RO         1393    .ARM.Collect$$$$00000004  mc_w.l(entry5.o)
    0x00000158   0x00000008   Code   RO         1394    .ARM.Collect$$$$00000007  mc_w.l(entry7.o)
    0x00000160   0x00000004   Code   RO         1391    .ARM.Collect$$$$00002712  mc_w.l(entry2.o)
    0x00000164   0x00000006   Code   RO          568    .emb_text           lm3s21xx_sysctl.o
    0x0000016a   0x00000002   PAD
    0x0000016c   0x0000087c   Code   RO            1    .text               lm3s21xx_can.o
    0x000009e8   0x00000090   Code   RO          137    .text               lm3s21xx_flash.o
    0x00000a78   0x0000041c   Code   RO          239    .text               lm3s21xx_gpio.o
    0x00000e94   0x0000019c   Code   RO          353    .text               lm3s21xx_interrupt.o
    0x00001030   0x00000040   Code   RO          354    .text               lm3s21xx_interrupt.o
    0x00001070   0x00000014   Code   RO          355    .text               lm3s21xx_interrupt.o
    0x00001084   0x00000080   Code   RO          359    .text               lm3s21xx_interrupt.o
    0x00001104   0x000000a8   Code   RO          472    .text               lm3s21xx_ssi.o
    0x000011ac   0x0000038c   Code   RO          569    .text               lm3s21xx_sysctl.o
    0x00001538   0x00000044   Code   RO          595    .text               lm3s21xx_sysctl.o
    0x0000157c   0x0000005c   Code   RO          785    .text               lm3s21xx_systick.o
    0x000015d8   0x000001ec   Code   RO          833    .text               lm3s21xx_timer.o
    0x000017c4   0x00000170   Code   RO          956    .text               lm3s21xx_uart.o
    0x00001934   0x000000ac   Code   RO         1074    .text               lm3s21xx_watchdog.o
    0x000019e0   0x00000380   Code   RO         1146    .text               lm3s21xx_adc.o
    0x00001d60   0x00000014   Code   RO         1161    .text               cpu_keil.o
    0x00001d74   0x00000078   Code   RO         1172    .text               main.o
    0x00001dec   0x00000004   Code   RO         1194    .text               interrupt.o
    0x00001df0   0x00000614   Code   RO         1195    .text               interrupt.o
    0x00002404   0x00000390   Code   RO         1226    .text               init.o
    0x00002794   0x000002f4   Code   RO         1255    .text               can.o
    0x00002a88   0x000003f0   Code   RO         1281    .text               uart.o
    0x00002e78   0x000000a8   Code   RO         1329    .text               eng_err.o
    0x00002f20   0x00000024   Code   RO         1380    .text               mc_w.l(memcpya.o)
    0x00002f44   0x0000002c   Code   RO         1386    .text               mf_w.l(f2d.o)
    0x00002f70   0x00000028   Code   RO         1388    .text               mf_w.l(cdcmple.o)
    0x00002f98   0x00000000   Code   RO         1395    .text               mc_w.l(iusefp.o)
    0x00002f98   0x00000024   Code   RO         1396    .text               mc_w.l(init.o)
    0x00002fbc   0x0000003a   Code   RO         1406    .text               mc_w.l(__dczerorl.o)
    0x00002ff6   0x0000000e   Code   RO         1400    i.__scatterload_copy  mc_w.l(handlers.o)
    0x00003004   0x00000002   Code   RO         1401    i.__scatterload_null  mc_w.l(handlers.o)
    0x00003006   0x0000000e   Code   RO         1402    i.__scatterload_zeroinit  mc_w.l(handlers.o)
    0x00003014   0x00000038   Data   RO           10    .constdata          lm3s21xx_can.o
    0x0000304c   0x0000005c   Data   RO          603    .constdata          lm3s21xx_sysctl.o
    0x000030a8   0x00000010   Data   RO          973    .constdata          lm3s21xx_uart.o
    0x000030b8   0x00000008   Data   RO         1228    .constdata          init.o
    0x000030c0   0x00000030   Data   RO         1257    .constdata          can.o
    0x000030f0   0x0000010c   Data   RO         1285    .constdata          uart.o
    0x000031fc   0x00000040   Data   RO         1398    Region$$Table       anon$$obj.o


    Execution Region ER_IROM2 (Base: 0x0000fc00, Size: 0x00000018, Max: 0x00000400, ABSOLUTE)

    Base Addr    Size         Type   Attr      Idx    E Section Name        Object

    0x0000fc00   0x00000018   Data   RO         1358    .constdata          solid.o


    Execution Region RW_IRAM1 (Base: 0x20000010, Size: 0x000014f0, Max: 0x00003ff0, ABSOLUTE, COMPRESSED[0x00000004])

    Base Addr    Size         Type   Attr      Idx    E Section Name        Object

    0x20000010   0x00000003   Data   RW         1147    .data               lm3s21xx_adc.o
    0x20000013   0x00000001   PAD
    0x20000014   0x000000ab   Data   RW         1213    .data               vari.o
    0x200000bf   0x00000001   PAD
    0x200000c0   0x00000100   Data   RW          360    vtable              lm3s21xx_interrupt.o
    0x200001c0   0x0000113e   Zero   RW         1212    .bss                vari.o
    0x200012fe   0x00000002   PAD
    0x20001300   0x00000200   Zero   RW         1164    STACK               lm3s21xx_vect.o


    Execution Region RW_IRAM2 (Base: 0x22000000, Size: 0x000000f8, Max: 0x00000200, ABSOLUTE)

    Base Addr    Size         Type   Attr      Idx    E Section Name        Object

    0x22000000   0x000000f8   Data   RW         1349    .data               bitvari.o


==============================================================================

Image component sizes


      Code (inc. data)   RO Data    RW Data    ZI Data      Debug   Object Name

         0          0          0        248          0       2913   bitvari.o
       756        106         48          0          0       2524   can.o
        20          0          0          0          0        188   cpu_keil.o
       168         32          0          0          0        648   eng_err.o
       912         80          8          0          0       2097   init.o
      1560        246          0          0          0       3598   interrupt.o
       896         12          0          3          0       5231   lm3s21xx_adc.o
      2172         28         56          0          0     126935   lm3s21xx_can.o
       144         14          0          0          0       3866   lm3s21xx_flash.o
      1052         28          0          0          0       3634   lm3s21xx_gpio.o
       624         44          0        256          0       3068   lm3s21xx_interrupt.o
       168         10          0          0          0       1392   lm3s21xx_ssi.o
       982         76         92          0          0       3293   lm3s21xx_sysctl.o
        92          8          0          0          0        847   lm3s21xx_systick.o
       492         20          0          0          0       2112   lm3s21xx_timer.o
       368         20         16          0          0      18723   lm3s21xx_uart.o
       336        264          0          0        512        216   lm3s21xx_vect.o
       172         16          0          0          0       1486   lm3s21xx_watchdog.o
       120          6          0          0          0        443   main.o
         0          0         24          0          0      15507   solid.o
      1008         86        268          0          0      18534   uart.o
         0          0          0        171       4414      16131   vari.o

    ----------------------------------------------------------------------
     12044       1096        576        680       4928     233386   Object Totals
         0          0         64          0          0          0   (incl. Generated)
         2          0          0          2          2          2   (incl. Padding)

    ----------------------------------------------------------------------

      Code (inc. data)   RO Data    RW Data    ZI Data      Debug   Library Member Name

        58          0          0          0          0          0   __dczerorl.o
         0          0          0          0          0          0   entry.o
         8          4          0          0          0          0   entry2.o
         4          0          0          0          0          0   entry5.o
         8          4          0          0          0          0   entry7.o
        30          0          0          0          0          0   handlers.o
        36          8          0          0          0         68   init.o
         0          0          0          0          0          0   iusefp.o
        36          0          0          0          0         68   memcpya.o
        40          0          0          0          0         68   cdcmple.o
        44          0          0          0          0         68   f2d.o

    ----------------------------------------------------------------------
       264         16          0          0          0        272   Library Totals
         0          0          0          0          0          0   (incl. Padding)

    ----------------------------------------------------------------------

      Code (inc. data)   RO Data    RW Data    ZI Data      Debug   Library Name

       180         16          0          0          0        136   mc_w.l
        84          0          0          0          0        136   mf_w.l

    ----------------------------------------------------------------------
       264         16          0          0          0        272   Library Totals

    ----------------------------------------------------------------------

==============================================================================


      Code (inc. data)   RO Data    RW Data    ZI Data      Debug   

     12308       1112        576        680       4928     231736   Grand Totals
     12308       1112        576        252       4928     231736   ELF Image Totals (compressed)
     12308       1112        576        252          0          0   ROM Totals

==============================================================================

    Total RO  Size (Code + RO Data)                12884 (  12.58kB)
    Total RW  Size (RW Data + ZI Data)              5608 (   5.48kB)
    Total ROM Size (Code + RO Data + RW Data)      13136 (  12.83kB)

==============================================================================

