<html>
<body>
<pre>
<h1>礦ision Build Log</h1>
<h2>Project:</h2>
D:\zlz\校验台改造\program\Lm3s2139\小显示.uvproj
Project File Date:  08/09/2010

<h2>Output:</h2>
Load "D:\\zlz\\校验台改造\\program\\Lm3s2139\\小显示.hex" 
Full Chip Erase Done.
Programming Done.
Verify OK.
Application running ...
Build target 'DEBUG_IN_FLASH'
compiling LM3S21xx_can.c...
compiling LM3S21xx_flash.c...
compiling LM3S21xx_gpio.c...
compiling LM3S21xx_interrupt.c...
compiling LM3S21xx_mpu.c...
compiling LM3S21xx_ssi.c...
compiling LM3S21xx_sysctl.c...
compiling LM3S21xx_systick.c...
compiling LM3S21xx_timer.c...
compiling LM3S21xx_uart.c...
compiling LM3S21xx_watchdog.c...
assembling cpu_keil.S...
assembling LM3S21xx_Vect.s...
compiling main.c...
compiling Interrupt.C...
compiling vari.c...
compiling Disp.C...
compiling Init.C...
compiling CAN.C...
compiling UART.C...
compiling CLK_ERR.C...
compiling ENG_ERR.C...
compiling 加密.c...
compiling BitVari.C...
linking...
Program Size: Code=31100 RO-data=816 RW-data=684 ZI-data=8768  
User command #1: fromelf --bin -o .\output\小显示.bin 小显示.axf
"小显示.axf" - 0 Error(s), 0 Warning(s).
Build target 'DEBUG_IN_FLASH'
compiling LM3S21xx_can.c...
compiling LM3S21xx_flash.c...
compiling LM3S21xx_gpio.c...
compiling LM3S21xx_interrupt.c...
compiling LM3S21xx_mpu.c...
compiling LM3S21xx_ssi.c...
compiling LM3S21xx_sysctl.c...
compiling LM3S21xx_systick.c...
compiling LM3S21xx_timer.c...
compiling LM3S21xx_uart.c...
compiling LM3S21xx_watchdog.c...
assembling cpu_keil.S...
assembling LM3S21xx_Vect.s...
compiling main.c...
compiling Interrupt.C...
compiling vari.c...
compiling Disp.C...
compiling Init.C...
compiling CAN.C...
compiling UART.C...
compiling CLK_ERR.C...
compiling ENG_ERR.C...
compiling 加密.c...
compiling BitVari.C...
linking...
Program Size: Code=31100 RO-data=816 RW-data=684 ZI-data=8768  
User command #1: fromelf --bin -o .\output\小显示.bin 小显示.axf
"小显示.axf" - 0 Error(s), 0 Warning(s).
Load "D:\\zlz\\校验台改造\\program\\Lm3s2139\\TEMP.HEX" 
Full Chip Erase Done.
Programming Done.
Verify OK.
Application running ...
Build target 'DEBUG_IN_FLASH'
compiling CLK_ERR.C...
linking...
Program Size: Code=31104 RO-data=816 RW-data=684 ZI-data=8768  
User command #1: fromelf --bin -o .\output\小显示.bin 小显示.axf
"小显示.axf" - 0 Error(s), 0 Warning(s).
Load "D:\\zlz\\校验台改造\\program\\Lm3s2139\\BT&ERR2.HEX" 
Full Chip Erase Done.
Programming Done.
Verify OK.
Application running ...
