<html>
<body>
<pre>
<h1>礦ision Build Log</h1>
<h2>Tool Versions:</h2>
IDE-Version: μVision V5.22.0.0
Copyright (C) 2016 ARM Ltd and ARM Germany GmbH. All rights reserved.
License Information: w Sunny, sms, LIC=YA3Z9-4AQ9Q-0NKAM-X7QJL-TF58W-NSI2D
 
Tool Versions:
Toolchain:       MDK-ARM Plus  Version: 5.22
Toolchain Path:  D:\Keil_v5.22\ARM\ARMCC\Bin
C Compiler:      Armcc.exe V5.06 update 4 (build 422)
Assembler:       Armasm.exe V5.06 update 4 (build 422)
Linker/Locator:  ArmLink.exe V5.06 update 4 (build 422)
Library Manager: ArmAr.exe V5.06 update 4 (build 422)
Hex Converter:   FromElf.exe V5.06 update 4 (build 422)
CPU DLL:         SARMCM3.DLL V5.22
Dialog DLL:      DLM.DLL V1.26.0.0
Target DLL:      Segger\JL2CM3.dll V2.99.23.0
Dialog DLL:      TLM.DLL V1.24.0.0
 
<h2>Project:</h2>
E:\Lm3s2139-gonghao.20161107改\小显示.uvprojx
Project File Date:  11/30/2016

<h2>Output:</h2>
*** Using Compiler 'V5.06 update 4 (build 422)', folder: 'D:\Keil_v5.22\ARM\ARMCC\Bin'
Build target 'DEBUG_IN_FLASH'
compiling CAN.C...
compiling ENG_ERR.C...
compiling UART.C...
compiling BitVari.C...
compiling SOLID.C...
compiling CS5460A.C...
linking...
Program Size: Code=26192 RO-data=808 RW-data=744 ZI-data=5152  
FromELF: creating hex file...
After Build - User command #1: fromelf --bin -o .\output\新功耗.bin 新功耗.axf
".\新功耗.axf" - 0 Error(s), 0 Warning(s).

<h2>Collection of Component include folders:</h2>
  E:\Lm3s2139-gonghao.20161107改\RTE\_DEBUG_IN_FLASH
  D:\Keil_v5.22\ARM\PACK\Keil\LM3S_DFP\1.1.0\Device\Include

<h2>Collection of Component Files used:</h2>
Build Time Elapsed:  00:00:03
</pre>
</body>
</html>
