Component: ARM Compiler 5.06 update 4 (build 422) Tool: armlink [4d35d2]

==============================================================================

Removing Unused input sections from the image.

    Removing lm3s21xx_mpu.o(.text), (420 bytes).
    Removing lm3s21xx_ssi.o(.text), (380 bytes).
    Removing lm3s21xx_timer.o(.text), (932 bytes).
    Removing lm3s21xx_vect.o(HEAP), (0 bytes).
    Removing lm3s21xx_vect.o(.text), (0 bytes).
    Removing bitvari.o(.bss), (24 bytes).

6 unused section(s) (total 1756 bytes) removed from the image.

==============================================================================

Image Symbol Table

    Local Symbols

    Symbol Name                              Value     Ov Type        Size  Object(Section)

    RESET                                    0x00000000   Section      336  lm3s21xx_vect.o(RESET)
    ../clib/../cmprslib/zerorunl.c           0x00000000   Number         0  __dczerorl.o ABSOLUTE
    ../clib/microlib/ctype/ctype.c           0x00000000   Number         0  ctype_c.o ABSOLUTE
    ../clib/microlib/ctype/ctype.c           0x00000000   Number         0  isspace_c.o ABSOLUTE
    ../clib/microlib/division.c              0x00000000   Number         0  uidiv.o ABSOLUTE
    ../clib/microlib/division.c              0x00000000   Number         0  uldiv.o ABSOLUTE
    ../clib/microlib/errno.c                 0x00000000   Number         0  errno.o ABSOLUTE
    ../clib/microlib/init/entry.s            0x00000000   Number         0  entry5.o ABSOLUTE
    ../clib/microlib/init/entry.s            0x00000000   Number         0  entry8a.o ABSOLUTE
    ../clib/microlib/init/entry.s            0x00000000   Number         0  entry9a.o ABSOLUTE
    ../clib/microlib/init/entry.s            0x00000000   Number         0  entry9b.o ABSOLUTE
    ../clib/microlib/init/entry.s            0x00000000   Number         0  entry10a.o ABSOLUTE
    ../clib/microlib/init/entry.s            0x00000000   Number         0  entry.o ABSOLUTE
    ../clib/microlib/init/entry.s            0x00000000   Number         0  entry10b.o ABSOLUTE
    ../clib/microlib/init/entry.s            0x00000000   Number         0  entry11a.o ABSOLUTE
    ../clib/microlib/init/entry.s            0x00000000   Number         0  entry7b.o ABSOLUTE
    ../clib/microlib/init/entry.s            0x00000000   Number         0  entry7a.o ABSOLUTE
    ../clib/microlib/init/entry.s            0x00000000   Number         0  entry8b.o ABSOLUTE
    ../clib/microlib/init/entry.s            0x00000000   Number         0  entry11b.o ABSOLUTE
    ../clib/microlib/init/entry.s            0x00000000   Number         0  entry2.o ABSOLUTE
    ../clib/microlib/longlong.c              0x00000000   Number         0  llshl.o ABSOLUTE
    ../clib/microlib/longlong.c              0x00000000   Number         0  llsshr.o ABSOLUTE
    ../clib/microlib/longlong.c              0x00000000   Number         0  llushr.o ABSOLUTE
    ../clib/microlib/printf/printf.c         0x00000000   Number         0  printf6.o ABSOLUTE
    ../clib/microlib/printf/printf.c         0x00000000   Number         0  printf7.o ABSOLUTE
    ../clib/microlib/printf/printf.c         0x00000000   Number         0  printf5.o ABSOLUTE
    ../clib/microlib/printf/printf.c         0x00000000   Number         0  printf8.o ABSOLUTE
    ../clib/microlib/printf/printf.c         0x00000000   Number         0  printfb.o ABSOLUTE
    ../clib/microlib/printf/printf.c         0x00000000   Number         0  printfa.o ABSOLUTE
    ../clib/microlib/printf/printf.c         0x00000000   Number         0  printf0.o ABSOLUTE
    ../clib/microlib/printf/printf.c         0x00000000   Number         0  printf1.o ABSOLUTE
    ../clib/microlib/printf/printf.c         0x00000000   Number         0  printf2.o ABSOLUTE
    ../clib/microlib/printf/printf.c         0x00000000   Number         0  printf3.o ABSOLUTE
    ../clib/microlib/printf/printf.c         0x00000000   Number         0  printf4.o ABSOLUTE
    ../clib/microlib/printf/stubs.s          0x00000000   Number         0  stubs.o ABSOLUTE
    ../clib/microlib/stdio/fputc.c           0x00000000   Number         0  fputc.o ABSOLUTE
    ../clib/microlib/stdio/semi.s            0x00000000   Number         0  semi.o ABSOLUTE
    ../clib/microlib/stdio/streams.c         0x00000000   Number         0  stdout.o ABSOLUTE
    ../clib/microlib/string/memcpy.c         0x00000000   Number         0  memcpyb.o ABSOLUTE
    ../clib/microlib/string/memcpy.c         0x00000000   Number         0  memcpya.o ABSOLUTE
    ../clib/microlib/string/memset.c         0x00000000   Number         0  memseta.o ABSOLUTE
    ../clib/microlib/string/strlen.c         0x00000000   Number         0  strlen.o ABSOLUTE
    ../clib/microlib/stubs.s                 0x00000000   Number         0  iusefp.o ABSOLUTE
    ../clib/microlib/stubs.s                 0x00000000   Number         0  iusesemip.o ABSOLUTE
    ../clib/scanf.c                          0x00000000   Number         0  scanf_fp.o ABSOLUTE
    ../clib/scanf.c                          0x00000000   Number         0  strtod.o ABSOLUTE
    ../clib/scanf.c                          0x00000000   Number         0  _sgetc.o ABSOLUTE
    ../fplib/microlib/d2f.c                  0x00000000   Number         0  d2f.o ABSOLUTE
    ../fplib/microlib/f2d.c                  0x00000000   Number         0  f2d.o ABSOLUTE
    ../fplib/microlib/fpadd.c                0x00000000   Number         0  dadd.o ABSOLUTE
    ../fplib/microlib/fpadd.c                0x00000000   Number         0  fadd.o ABSOLUTE
    ../fplib/microlib/fpdiv.c                0x00000000   Number         0  ddiv.o ABSOLUTE
    ../fplib/microlib/fpdiv.c                0x00000000   Number         0  fdiv.o ABSOLUTE
    ../fplib/microlib/fpepilogue.c           0x00000000   Number         0  depilogue.o ABSOLUTE
    ../fplib/microlib/fpepilogue.c           0x00000000   Number         0  fepilogue.o ABSOLUTE
    ../fplib/microlib/fpfix.c                0x00000000   Number         0  dfixul.o ABSOLUTE
    ../fplib/microlib/fpfix.c                0x00000000   Number         0  ffixui.o ABSOLUTE
    ../fplib/microlib/fpflt.c                0x00000000   Number         0  fflti.o ABSOLUTE
    ../fplib/microlib/fpflt.c                0x00000000   Number         0  ffltui.o ABSOLUTE
    ../fplib/microlib/fpflt.c                0x00000000   Number         0  dfltul.o ABSOLUTE
    ../fplib/microlib/fpmul.c                0x00000000   Number         0  dmul.o ABSOLUTE
    ../fplib/microlib/fpmul.c                0x00000000   Number         0  fmul.o ABSOLUTE
    ../mathlib/atof.c                        0x00000000   Number         0  atof.o ABSOLUTE
    BitVari.C                                0x00000000   Number         0  bitvari.o ABSOLUTE
    CAN.C                                    0x00000000   Number         0  can.o ABSOLUTE
    CS5460A.C                                0x00000000   Number         0  cs5460a.o ABSOLUTE
    ENG_ERR.C                                0x00000000   Number         0  eng_err.o ABSOLUTE
    Init.C                                   0x00000000   Number         0  init.o ABSOLUTE
    Interrupt.C                              0x00000000   Number         0  interrupt.o ABSOLUTE
    LM3S21xx_Vect.s                          0x00000000   Number         0  lm3s21xx_vect.o ABSOLUTE
    LM3S21xx_adc.c                           0x00000000   Number         0  lm3s21xx_adc.o ABSOLUTE
    LM3S21xx_can.c                           0x00000000   Number         0  lm3s21xx_can.o ABSOLUTE
    LM3S21xx_flash.c                         0x00000000   Number         0  lm3s21xx_flash.o ABSOLUTE
    LM3S21xx_gpio.c                          0x00000000   Number         0  lm3s21xx_gpio.o ABSOLUTE
    LM3S21xx_interrupt.c                     0x00000000   Number         0  lm3s21xx_interrupt.o ABSOLUTE
    LM3S21xx_mpu.c                           0x00000000   Number         0  lm3s21xx_mpu.o ABSOLUTE
    LM3S21xx_ssi.c                           0x00000000   Number         0  lm3s21xx_ssi.o ABSOLUTE
    LM3S21xx_sysctl.c                        0x00000000   Number         0  lm3s21xx_sysctl.o ABSOLUTE
    LM3S21xx_sysctl.c                        0x00000000   Number         0  lm3s21xx_sysctl.o ABSOLUTE
    LM3S21xx_systick.c                       0x00000000   Number         0  lm3s21xx_systick.o ABSOLUTE
    LM3S21xx_timer.c                         0x00000000   Number         0  lm3s21xx_timer.o ABSOLUTE
    LM3S21xx_uart.c                          0x00000000   Number         0  lm3s21xx_uart.o ABSOLUTE
    LM3S21xx_watchdog.c                      0x00000000   Number         0  lm3s21xx_watchdog.o ABSOLUTE
    SOLID.C                                  0x00000000   Number         0  solid.o ABSOLUTE
    UART.C                                   0x00000000   Number         0  uart.o ABSOLUTE
    cdcmple.s                                0x00000000   Number         0  cdcmple.o ABSOLUTE
    cdrcmple.s                               0x00000000   Number         0  cdrcmple.o ABSOLUTE
    cfcmple.s                                0x00000000   Number         0  cfcmple.o ABSOLUTE
    cfrcmple.s                               0x00000000   Number         0  cfrcmple.o ABSOLUTE
    cpu_keil.S                               0x00000000   Number         0  cpu_keil.o ABSOLUTE
    dc.s                                     0x00000000   Number         0  dc.o ABSOLUTE
    handlers.s                               0x00000000   Number         0  handlers.o ABSOLUTE
    init.s                                   0x00000000   Number         0  init.o ABSOLUTE
    main.c                                   0x00000000   Number         0  main.o ABSOLUTE
    vari.c                                   0x00000000   Number         0  vari.o ABSOLUTE
    NmiSR                                    0x00000143   Thumb Code     0  lm3s21xx_vect.o(RESET)
    FaultISR                                 0x00000145   Thumb Code     0  lm3s21xx_vect.o(RESET)
    IntDefaultHandler                        0x00000147   Thumb Code     0  lm3s21xx_vect.o(RESET)
    .ARM.Collect$$$$00000000                 0x00000150   Section        0  entry.o(.ARM.Collect$$$$00000000)
    .ARM.Collect$$$$00000001                 0x00000150   Section        4  entry2.o(.ARM.Collect$$$$00000001)
    .ARM.Collect$$$$00000004                 0x00000154   Section        4  entry5.o(.ARM.Collect$$$$00000004)
    .ARM.Collect$$$$00000008                 0x00000158   Section        0  entry7b.o(.ARM.Collect$$$$00000008)
    .ARM.Collect$$$$0000000A                 0x00000158   Section        0  entry8b.o(.ARM.Collect$$$$0000000A)
    .ARM.Collect$$$$0000000B                 0x00000158   Section        8  entry9a.o(.ARM.Collect$$$$0000000B)
    .ARM.Collect$$$$0000000D                 0x00000160   Section        0  entry10a.o(.ARM.Collect$$$$0000000D)
    .ARM.Collect$$$$0000000F                 0x00000160   Section        0  entry11a.o(.ARM.Collect$$$$0000000F)
    .ARM.Collect$$$$00002712                 0x00000160   Section        4  entry2.o(.ARM.Collect$$$$00002712)
    __lit__00000000                          0x00000160   Data           4  entry2.o(.ARM.Collect$$$$00002712)
    .emb_text                                0x00000164   Section        6  lm3s21xx_sysctl.o(.emb_text)
    .text                                    0x0000016c   Section        0  lm3s21xx_can.o(.text)
    .text                                    0x00000ad0   Section        0  lm3s21xx_flash.o(.text)
    .text                                    0x00000e50   Section        0  lm3s21xx_gpio.o(.text)
    .text                                    0x0000150c   Section        0  lm3s21xx_interrupt.o(.text)
    .text                                    0x00001788   Section        0  lm3s21xx_sysctl.o(.text)
    .text                                    0x00001e0c   Section        0  lm3s21xx_systick.o(.text)
    .text                                    0x00001ed4   Section        0  lm3s21xx_uart.o(.text)
    .text                                    0x00002150   Section        0  lm3s21xx_watchdog.o(.text)
    .text                                    0x00002288   Section        0  lm3s21xx_adc.o(.text)
    .text                                    0x00002548   Section       20  cpu_keil.o(.text)
    .text                                    0x0000255c   Section        0  main.o(.text)
    .text                                    0x000025e8   Section        0  interrupt.o(.text)
    .text                                    0x00002c50   Section        0  init.o(.text)
    .text                                    0x00003094   Section        0  can.o(.text)
    .text                                    0x00003748   Section        0  uart.o(.text)
    .text                                    0x000043dc   Section        0  eng_err.o(.text)
    .text                                    0x000048e0   Section        0  cs5460a.o(.text)
    .text                                    0x00004fcc   Section        0  memcpya.o(.text)
    .text                                    0x00004ff0   Section        0  memseta.o(.text)
    .text                                    0x00005014   Section        0  strlen.o(.text)
    .text                                    0x00005022   Section        0  fadd.o(.text)
    .text                                    0x000050d2   Section        0  fmul.o(.text)
    .text                                    0x00005136   Section        0  fdiv.o(.text)
    .text                                    0x000051b2   Section        0  dadd.o(.text)
    .text                                    0x00005300   Section        0  dmul.o(.text)
    .text                                    0x000053e4   Section        0  fflti.o(.text)
    .text                                    0x000053f6   Section        0  ffltui.o(.text)
    .text                                    0x00005400   Section        0  ffixui.o(.text)
    .text                                    0x00005428   Section        0  f2d.o(.text)
    .text                                    0x00005450   Section       48  cdcmple.o(.text)
    .text                                    0x00005480   Section        0  d2f.o(.text)
    .text                                    0x000054b8   Section       20  cfcmple.o(.text)
    .text                                    0x000054cc   Section       20  cfrcmple.o(.text)
    .text                                    0x000054e0   Section        0  uidiv.o(.text)
    .text                                    0x0000550c   Section        0  uldiv.o(.text)
    .text                                    0x0000556e   Section        0  llshl.o(.text)
    .text                                    0x0000558c   Section        0  llsshr.o(.text)
    .text                                    0x000055b0   Section        0  strtod.o(.text)
    _local_sscanf                            0x000055b1   Thumb Code    54  strtod.o(.text)
    .text                                    0x0000564c   Section        0  iusefp.o(.text)
    .text                                    0x0000564c   Section        0  fepilogue.o(.text)
    .text                                    0x000056ba   Section        0  depilogue.o(.text)
    .text                                    0x00005774   Section        0  ddiv.o(.text)
    .text                                    0x00005852   Section        0  dfixul.o(.text)
    .text                                    0x00005884   Section       48  cdrcmple.o(.text)
    .text                                    0x000058b4   Section       36  init.o(.text)
    .text                                    0x000058d8   Section        0  llushr.o(.text)
    .text                                    0x000058f8   Section        0  isspace_c.o(.text)
    .text                                    0x00005904   Section        0  scanf_fp.o(.text)
    _fp_value                                0x00005905   Thumb Code   256  scanf_fp.o(.text)
    .text                                    0x00005c3c   Section        0  _sgetc.o(.text)
    .text                                    0x00005c7c   Section        0  ctype_c.o(.text)
    .text                                    0x00005ca4   Section        0  dfltul.o(.text)
    .text                                    0x00005cbc   Section        0  __dczerorl.o(.text)
    i.__0sprintf                             0x00005cf8   Section        0  printfa.o(i.__0sprintf)
    i.__read_errno                           0x00005d20   Section        0  errno.o(i.__read_errno)
    i.__scatterload_copy                     0x00005d2c   Section       14  handlers.o(i.__scatterload_copy)
    i.__scatterload_null                     0x00005d3a   Section        2  handlers.o(i.__scatterload_null)
    i.__scatterload_zeroinit                 0x00005d3c   Section       14  handlers.o(i.__scatterload_zeroinit)
    i.__set_errno                            0x00005d4c   Section        0  errno.o(i.__set_errno)
    i._fp_digits                             0x00005d58   Section        0  printfa.o(i._fp_digits)
    _fp_digits                               0x00005d59   Thumb Code   366  printfa.o(i._fp_digits)
    i._is_digit                              0x00005edc   Section        0  scanf_fp.o(i._is_digit)
    i._printf_core                           0x00005eec   Section        0  printfa.o(i._printf_core)
    _printf_core                             0x00005eed   Thumb Code  1744  printfa.o(i._printf_core)
    i._printf_post_padding                   0x000065c8   Section        0  printfa.o(i._printf_post_padding)
    _printf_post_padding                     0x000065c9   Thumb Code    36  printfa.o(i._printf_post_padding)
    i._printf_pre_padding                    0x000065ec   Section        0  printfa.o(i._printf_pre_padding)
    _printf_pre_padding                      0x000065ed   Thumb Code    46  printfa.o(i._printf_pre_padding)
    i._sputc                                 0x0000661a   Section        0  printfa.o(i._sputc)
    _sputc                                   0x0000661b   Thumb Code    10  printfa.o(i._sputc)
    i.atof                                   0x00006624   Section        0  atof.o(i.atof)
    .constdata                               0x00006650   Section       56  lm3s21xx_can.o(.constdata)
    .constdata                               0x00006688   Section       92  lm3s21xx_sysctl.o(.constdata)
    g_pulXtals                               0x00006688   Data          92  lm3s21xx_sysctl.o(.constdata)
    .constdata                               0x000066e4   Section       16  lm3s21xx_uart.o(.constdata)
    .constdata                               0x000066f4   Section        8  init.o(.constdata)
    .constdata                               0x000066fc   Section       48  can.o(.constdata)
    .constdata                               0x0000672c   Section      412  uart.o(.constdata)
    .constdata                               0x000068c8   Section       64  ctype_c.o(.constdata)
    .constdata                               0x0000fc00   Section       48  solid.o(.constdata)
    .data                                    0x20000010   Section        3  lm3s21xx_adc.o(.data)
    .data                                    0x20000014   Section      231  vari.o(.data)
    .data                                    0x200000fc   Section        4  errno.o(.data)
    _errno                                   0x200000fc   Data           4  errno.o(.data)
    vtable                                   0x20000100   Section      256  lm3s21xx_interrupt.o(vtable)
    g_pfnRAMVectors                          0x20000100   Data         256  lm3s21xx_interrupt.o(vtable)
    .bss                                     0x20000200   Section     4640  vari.o(.bss)
    STACK                                    0x20001420   Section      512  lm3s21xx_vect.o(STACK)
    StackMem                                 0x20001420   Data           0  lm3s21xx_vect.o(STACK)
    .data                                    0x22000000   Section      248  bitvari.o(.data)

    Global Symbols

    Symbol Name                              Value     Ov Type        Size  Object(Section)

    BuildAttributes$$THM_ISAv4$P$D$K$B$S$PE$A:L22UL41UL21$X:L11$S22US41US21$IEEE1$IW$USESV6$~STKCKD$USESV7$~SHL$OTIME$ROPI$IEEEJ$EBA8$MICROLIB$REQ8$PRES8$EABIv2 0x00000000   Number         0  anon$$obj.o ABSOLUTE
    __ARM_use_no_argv                        0x00000000   Number         0  main.o ABSOLUTE
    __Vectors                                0x00000000   Data           0  lm3s21xx_vect.o(RESET)
    _printf_a                                0x00000000   Number         0  stubs.o ABSOLUTE
    _printf_c                                0x00000000   Number         0  stubs.o ABSOLUTE
    _printf_charcount                        0x00000000   Number         0  stubs.o ABSOLUTE
    _printf_d                                0x00000000   Number         0  stubs.o ABSOLUTE
    _printf_e                                0x00000000   Number         0  stubs.o ABSOLUTE
    _printf_f                                0x00000000   Number         0  stubs.o ABSOLUTE
    _printf_flags                            0x00000000   Number         0  stubs.o ABSOLUTE
    _printf_fp_dec                           0x00000000   Number         0  stubs.o ABSOLUTE
    _printf_fp_hex                           0x00000000   Number         0  stubs.o ABSOLUTE
    _printf_g                                0x00000000   Number         0  stubs.o ABSOLUTE
    _printf_i                                0x00000000   Number         0  stubs.o ABSOLUTE
    _printf_int_dec                          0x00000000   Number         0  stubs.o ABSOLUTE
    _printf_l                                0x00000000   Number         0  stubs.o ABSOLUTE
    _printf_lc                               0x00000000   Number         0  stubs.o ABSOLUTE
    _printf_ll                               0x00000000   Number         0  stubs.o ABSOLUTE
    _printf_lld                              0x00000000   Number         0  stubs.o ABSOLUTE
    _printf_lli                              0x00000000   Number         0  stubs.o ABSOLUTE
    _printf_llo                              0x00000000   Number         0  stubs.o ABSOLUTE
    _printf_llu                              0x00000000   Number         0  stubs.o ABSOLUTE
    _printf_llx                              0x00000000   Number         0  stubs.o ABSOLUTE
    _printf_longlong_dec                     0x00000000   Number         0  stubs.o ABSOLUTE
    _printf_longlong_hex                     0x00000000   Number         0  stubs.o ABSOLUTE
    _printf_longlong_oct                     0x00000000   Number         0  stubs.o ABSOLUTE
    _printf_ls                               0x00000000   Number         0  stubs.o ABSOLUTE
    _printf_mbtowc                           0x00000000   Number         0  stubs.o ABSOLUTE
    _printf_n                                0x00000000   Number         0  stubs.o ABSOLUTE
    _printf_o                                0x00000000   Number         0  stubs.o ABSOLUTE
    _printf_p                                0x00000000   Number         0  stubs.o ABSOLUTE
    _printf_percent                          0x00000000   Number         0  stubs.o ABSOLUTE
    _printf_pre_padding                      0x00000000   Number         0  stubs.o ABSOLUTE
    _printf_return_value                     0x00000000   Number         0  stubs.o ABSOLUTE
    _printf_s                                0x00000000   Number         0  stubs.o ABSOLUTE
    _printf_sizespec                         0x00000000   Number         0  stubs.o ABSOLUTE
    _printf_str                              0x00000000   Number         0  stubs.o ABSOLUTE
    _printf_truncate_signed                  0x00000000   Number         0  stubs.o ABSOLUTE
    _printf_truncate_unsigned                0x00000000   Number         0  stubs.o ABSOLUTE
    _printf_u                                0x00000000   Number         0  stubs.o ABSOLUTE
    _printf_wc                               0x00000000   Number         0  stubs.o ABSOLUTE
    _printf_wctomb                           0x00000000   Number         0  stubs.o ABSOLUTE
    _printf_widthprec                        0x00000000   Number         0  stubs.o ABSOLUTE
    _printf_x                                0x00000000   Number         0  stubs.o ABSOLUTE
    __cpp_initialize__aeabi_                  - Undefined Weak Reference
    __cxa_finalize                            - Undefined Weak Reference
    _clock_init                               - Undefined Weak Reference
    _microlib_exit                            - Undefined Weak Reference
    Reset_Handler                            0x00000101   Thumb Code     0  lm3s21xx_vect.o(RESET)
    __main                                   0x00000151   Thumb Code     0  entry.o(.ARM.Collect$$$$00000000)
    _main_stk                                0x00000151   Thumb Code     0  entry2.o(.ARM.Collect$$$$00000001)
    _main_scatterload                        0x00000155   Thumb Code     0  entry5.o(.ARM.Collect$$$$00000004)
    __main_after_scatterload                 0x00000159   Thumb Code     0  entry5.o(.ARM.Collect$$$$00000004)
    _main_clock                              0x00000159   Thumb Code     0  entry7b.o(.ARM.Collect$$$$00000008)
    _main_cpp_init                           0x00000159   Thumb Code     0  entry8b.o(.ARM.Collect$$$$0000000A)
    _main_init                               0x00000159   Thumb Code     0  entry9a.o(.ARM.Collect$$$$0000000B)
    __rt_final_cpp                           0x00000161   Thumb Code     0  entry10a.o(.ARM.Collect$$$$0000000D)
    __rt_final_exit                          0x00000161   Thumb Code     0  entry11a.o(.ARM.Collect$$$$0000000F)
    SysCtlDelay                              0x00000165   Thumb Code     6  lm3s21xx_sysctl.o(.emb_text)
    CANRegRead                               0x0000016d   Thumb Code    58  lm3s21xx_can.o(.text)
    CANRegWrite                              0x000001a7   Thumb Code    16  lm3s21xx_can.o(.text)
    CANIntNumberGet                          0x000001b7   Thumb Code    44  lm3s21xx_can.o(.text)
    CANStatusGet                             0x000001e3   Thumb Code   152  lm3s21xx_can.o(.text)
    CANEnable                                0x0000027b   Thumb Code    34  lm3s21xx_can.o(.text)
    CAN_RxMsg_Set                            0x0000029d   Thumb Code   456  lm3s21xx_can.o(.text)
    Set_MsgRam                               0x00000465   Thumb Code    56  lm3s21xx_can.o(.text)
    CANIntEnable                             0x0000049d   Thumb Code    40  lm3s21xx_can.o(.text)
    CANBitTimingSet                          0x000004c5   Thumb Code    72  lm3s21xx_can.o(.text)
    Clr_MsgRam                               0x0000050d   Thumb Code   194  lm3s21xx_can.o(.text)
    CANDisable                               0x000005cf   Thumb Code    34  lm3s21xx_can.o(.text)
    Init_CAN                                 0x000005f1   Thumb Code    64  lm3s21xx_can.o(.text)
    CANDataRegWrite                          0x00000631   Thumb Code    54  lm3s21xx_can.o(.text)
    CANDataRegRead                           0x00000667   Thumb Code    56  lm3s21xx_can.o(.text)
    CANBitTimingGet                          0x0000069f   Thumb Code    28  lm3s21xx_can.o(.text)
    CANIntRegister                           0x000006bb   Thumb Code    30  lm3s21xx_can.o(.text)
    CANIntUnregister                         0x000006d9   Thumb Code    26  lm3s21xx_can.o(.text)
    CANIntDisable                            0x000006f3   Thumb Code    40  lm3s21xx_can.o(.text)
    CANIntStatus                             0x0000071b   Thumb Code    76  lm3s21xx_can.o(.text)
    CANIntClear                              0x00000767   Thumb Code    94  lm3s21xx_can.o(.text)
    CANRetrySet                              0x000007c5   Thumb Code    50  lm3s21xx_can.o(.text)
    CANRetryGet                              0x000007f7   Thumb Code    34  lm3s21xx_can.o(.text)
    CANErrCntrGet                            0x00000819   Thumb Code    50  lm3s21xx_can.o(.text)
    CAN_Tx_Msg                               0x0000084b   Thumb Code   242  lm3s21xx_can.o(.text)
    CAN_Rx_Msg                               0x0000093d   Thumb Code   230  lm3s21xx_can.o(.text)
    CANMessageClear                          0x00000a23   Thumb Code    78  lm3s21xx_can.o(.text)
    CAN_MSG_TX_CANCEL                        0x00000a71   Thumb Code    94  lm3s21xx_can.o(.text)
    FlashUsecGet                             0x00000ad1   Thumb Code     8  lm3s21xx_flash.o(.text)
    FlashUsecSet                             0x00000ad9   Thumb Code     8  lm3s21xx_flash.o(.text)
    FlashErase                               0x00000ae1   Thumb Code    50  lm3s21xx_flash.o(.text)
    FlashProgram                             0x00000b13   Thumb Code    70  lm3s21xx_flash.o(.text)
    FlashProtectGet                          0x00000b59   Thumb Code   132  lm3s21xx_flash.o(.text)
    FlashProtectSet                          0x00000bdd   Thumb Code   260  lm3s21xx_flash.o(.text)
    FlashProtectSave                         0x00000ce1   Thumb Code    72  lm3s21xx_flash.o(.text)
    FlashUserGet                             0x00000d29   Thumb Code    52  lm3s21xx_flash.o(.text)
    FlashUserSet                             0x00000d5d   Thumb Code    44  lm3s21xx_flash.o(.text)
    FlashUserSave                            0x00000d89   Thumb Code    88  lm3s21xx_flash.o(.text)
    FlashIntRegister                         0x00000de1   Thumb Code    20  lm3s21xx_flash.o(.text)
    FlashIntUnregister                       0x00000df5   Thumb Code    16  lm3s21xx_flash.o(.text)
    FlashIntEnable                           0x00000e05   Thumb Code    12  lm3s21xx_flash.o(.text)
    FlashIntDisable                          0x00000e11   Thumb Code    12  lm3s21xx_flash.o(.text)
    FlashIntGetStatus                        0x00000e1d   Thumb Code    16  lm3s21xx_flash.o(.text)
    FlashIntClear                            0x00000e2d   Thumb Code     6  lm3s21xx_flash.o(.text)
    GPIOPinWrite                             0x00000e51   Thumb Code     6  lm3s21xx_gpio.o(.text)
    GPIOIntTypeSet                           0x00000e57   Thumb Code    74  lm3s21xx_gpio.o(.text)
    GPIOPadConfigSet                         0x00000ea1   Thumb Code   216  lm3s21xx_gpio.o(.text)
    GPIODirModeSet                           0x00000f79   Thumb Code    50  lm3s21xx_gpio.o(.text)
    GPIOPinTypeGPIOOutput                    0x00000fab   Thumb Code    30  lm3s21xx_gpio.o(.text)
    GPIOPinTypeGPIOInput                     0x00000fc9   Thumb Code    30  lm3s21xx_gpio.o(.text)
    GPIOPinTypeCAN                           0x00000fe7   Thumb Code    30  lm3s21xx_gpio.o(.text)
    GPIOPinTypeTimer                         0x00001005   Thumb Code    30  lm3s21xx_gpio.o(.text)
    GPIOPinTypeI2C                           0x00001023   Thumb Code    30  lm3s21xx_gpio.o(.text)
    GPIOPinTypeUART                          0x00001041   Thumb Code    30  lm3s21xx_gpio.o(.text)
    Init_Gpio                                0x0000105f   Thumb Code   338  lm3s21xx_gpio.o(.text)
    GPIOGetIntNumber                         0x000011b1   Thumb Code   180  lm3s21xx_gpio.o(.text)
    GPIODirModeGet                           0x00001265   Thumb Code    40  lm3s21xx_gpio.o(.text)
    GPIOIntTypeGet                           0x0000128d   Thumb Code    58  lm3s21xx_gpio.o(.text)
    GPIOPadConfigGet                         0x000012c7   Thumb Code   232  lm3s21xx_gpio.o(.text)
    GPIOPinIntEnable                         0x000013af   Thumb Code    12  lm3s21xx_gpio.o(.text)
    GPIOPinIntDisable                        0x000013bb   Thumb Code    12  lm3s21xx_gpio.o(.text)
    GPIOPinIntStatus                         0x000013c7   Thumb Code    16  lm3s21xx_gpio.o(.text)
    GPIOPinIntClear                          0x000013d7   Thumb Code     6  lm3s21xx_gpio.o(.text)
    GPIOPortIntRegister                      0x000013dd   Thumb Code    30  lm3s21xx_gpio.o(.text)
    GPIOPortIntUnregister                    0x000013fb   Thumb Code    26  lm3s21xx_gpio.o(.text)
    GPIOPinRead                              0x00001415   Thumb Code     8  lm3s21xx_gpio.o(.text)
    GPIOPinTypeADC                           0x0000141d   Thumb Code    30  lm3s21xx_gpio.o(.text)
    GPIOPinTypeComparator                    0x0000143b   Thumb Code    30  lm3s21xx_gpio.o(.text)
    GPIOPinTypeGPIOOutputOD                  0x00001459   Thumb Code    30  lm3s21xx_gpio.o(.text)
    GPIOPinTypePWM                           0x00001477   Thumb Code    58  lm3s21xx_gpio.o(.text)
    GPIOPinTypeQEI                           0x000014b1   Thumb Code    30  lm3s21xx_gpio.o(.text)
    GPIOPinTypeSSI                           0x000014cf   Thumb Code    30  lm3s21xx_gpio.o(.text)
    GPIOPinTypeUSBDigital                    0x000014ed   Thumb Code    30  lm3s21xx_gpio.o(.text)
    IntEnable                                0x0000150d   Thumb Code   102  lm3s21xx_interrupt.o(.text)
    IntPrioritySet                           0x00001573   Thumb Code   104  lm3s21xx_interrupt.o(.text)
    Init_Int                                 0x000015db   Thumb Code   136  lm3s21xx_interrupt.o(.text)
    IntMasterEnable                          0x00001663   Thumb Code    10  lm3s21xx_interrupt.o(.text)
    IntMasterDisable                         0x0000166d   Thumb Code    10  lm3s21xx_interrupt.o(.text)
    IntRegister                              0x00001677   Thumb Code    52  lm3s21xx_interrupt.o(.text)
    IntUnregister                            0x000016ab   Thumb Code    10  lm3s21xx_interrupt.o(.text)
    IntPriorityGroupingSet                   0x000016b5   Thumb Code    20  lm3s21xx_interrupt.o(.text)
    IntPriorityGroupingGet                   0x000016c9   Thumb Code    14  lm3s21xx_interrupt.o(.text)
    IntPriorityGet                           0x000016d7   Thumb Code    48  lm3s21xx_interrupt.o(.text)
    IntDisable                               0x00001707   Thumb Code   104  lm3s21xx_interrupt.o(.text)
    SysCtlClockGet                           0x00001789   Thumb Code   284  lm3s21xx_sysctl.o(.text)
    SysCtlClockSet                           0x000018a5   Thumb Code   312  lm3s21xx_sysctl.o(.text)
    SysCtlLDOSet                             0x000019dd   Thumb Code     6  lm3s21xx_sysctl.o(.text)
    Init_Pll                                 0x000019e3   Thumb Code    34  lm3s21xx_sysctl.o(.text)
    SysCtlSRAMSizeGet                        0x00001a05   Thumb Code    14  lm3s21xx_sysctl.o(.text)
    SysCtlFlashSizeGet                       0x00001a13   Thumb Code    14  lm3s21xx_sysctl.o(.text)
    SysCtlPeripheralPresent                  0x00001a21   Thumb Code    32  lm3s21xx_sysctl.o(.text)
    SysCtlPeripheralReset                    0x00001a41   Thumb Code   124  lm3s21xx_sysctl.o(.text)
    SysCtlPeripheralEnable                   0x00001abd   Thumb Code    52  lm3s21xx_sysctl.o(.text)
    SysCtlPeripheralDisable                  0x00001af1   Thumb Code    52  lm3s21xx_sysctl.o(.text)
    SysCtlPeripheralSleepEnable              0x00001b25   Thumb Code    56  lm3s21xx_sysctl.o(.text)
    SysCtlPeripheralSleepDisable             0x00001b5d   Thumb Code   112  lm3s21xx_sysctl.o(.text)
    SysCtlPeripheralDeepSleepEnable          0x00001bcd   Thumb Code    56  lm3s21xx_sysctl.o(.text)
    SysCtlPeripheralDeepSleepDisable         0x00001c05   Thumb Code    56  lm3s21xx_sysctl.o(.text)
    SysCtlPeripheralClockGating              0x00001c3d   Thumb Code    30  lm3s21xx_sysctl.o(.text)
    SysCtlIntRegister                        0x00001c5b   Thumb Code    20  lm3s21xx_sysctl.o(.text)
    SysCtlIntUnregister                      0x00001c6f   Thumb Code    16  lm3s21xx_sysctl.o(.text)
    SysCtlIntEnable                          0x00001c7f   Thumb Code    12  lm3s21xx_sysctl.o(.text)
    SysCtlIntDisable                         0x00001c8b   Thumb Code    12  lm3s21xx_sysctl.o(.text)
    SysCtlIntClear                           0x00001c97   Thumb Code     6  lm3s21xx_sysctl.o(.text)
    SysCtlIntStatus                          0x00001c9d   Thumb Code    16  lm3s21xx_sysctl.o(.text)
    SysCtlLDOGet                             0x00001cad   Thumb Code     6  lm3s21xx_sysctl.o(.text)
    SysCtlLDOConfigSet                       0x00001cb3   Thumb Code     8  lm3s21xx_sysctl.o(.text)
    SysCtlReset                              0x00001cbb   Thumb Code    12  lm3s21xx_sysctl.o(.text)
    SysCtlSleep                              0x00001cc7   Thumb Code     8  lm3s21xx_sysctl.o(.text)
    SysCtlDeepSleep                          0x00001ccf   Thumb Code    36  lm3s21xx_sysctl.o(.text)
    SysCtlResetCauseGet                      0x00001cf3   Thumb Code     6  lm3s21xx_sysctl.o(.text)
    SysCtlResetCauseClear                    0x00001cf9   Thumb Code    12  lm3s21xx_sysctl.o(.text)
    SysCtlBrownOutConfigSet                  0x00001d05   Thumb Code    10  lm3s21xx_sysctl.o(.text)
    SysCtlPWMClockSet                        0x00001d0f   Thumb Code    16  lm3s21xx_sysctl.o(.text)
    SysCtlPWMClockGet                        0x00001d1f   Thumb Code    24  lm3s21xx_sysctl.o(.text)
    SysCtlADCSpeedSet                        0x00001d37   Thumb Code    50  lm3s21xx_sysctl.o(.text)
    SysCtlADCSpeedGet                        0x00001d69   Thumb Code    12  lm3s21xx_sysctl.o(.text)
    SysCtlIOSCVerificationSet                0x00001d75   Thumb Code    30  lm3s21xx_sysctl.o(.text)
    SysCtlMOSCVerificationSet                0x00001d93   Thumb Code    30  lm3s21xx_sysctl.o(.text)
    SysCtlPLLVerificationSet                 0x00001db1   Thumb Code    30  lm3s21xx_sysctl.o(.text)
    SysCtlClkVerificationClear               0x00001dcf   Thumb Code    18  lm3s21xx_sysctl.o(.text)
    SysCtlGPIOAHBEnable                      0x00001de1   Thumb Code    14  lm3s21xx_sysctl.o(.text)
    SysCtlGPIOAHBDisable                     0x00001def   Thumb Code    14  lm3s21xx_sysctl.o(.text)
    SysTickIntEnable                         0x00001e0d   Thumb Code    18  lm3s21xx_systick.o(.text)
    SysTickEnable                            0x00001e1f   Thumb Code    18  lm3s21xx_systick.o(.text)
    SysTickPeriodSet                         0x00001e31   Thumb Code    10  lm3s21xx_systick.o(.text)
    Init_SysTick                             0x00001e3b   Thumb Code    36  lm3s21xx_systick.o(.text)
    SysTickDisable                           0x00001e5f   Thumb Code    18  lm3s21xx_systick.o(.text)
    SysTickIntRegister                       0x00001e71   Thumb Code    30  lm3s21xx_systick.o(.text)
    SysTickIntUnregister                     0x00001e8f   Thumb Code    26  lm3s21xx_systick.o(.text)
    SysTickIntDisable                        0x00001ea9   Thumb Code    18  lm3s21xx_systick.o(.text)
    SysTickPeriodGet                         0x00001ebb   Thumb Code    10  lm3s21xx_systick.o(.text)
    SysTickValueGet                          0x00001ec5   Thumb Code     8  lm3s21xx_systick.o(.text)
    UARTIntEnable                            0x00001ed5   Thumb Code     8  lm3s21xx_uart.o(.text)
    UARTFIFOLevelSet                         0x00001edd   Thumb Code     8  lm3s21xx_uart.o(.text)
    UARTEnable                               0x00001ee5   Thumb Code    20  lm3s21xx_uart.o(.text)
    UARTDisable                              0x00001ef9   Thumb Code    32  lm3s21xx_uart.o(.text)
    UARTConfigSetExpClk                      0x00001f19   Thumb Code    50  lm3s21xx_uart.o(.text)
    Init_Com                                 0x00001f4b   Thumb Code   100  lm3s21xx_uart.o(.text)
    Init_Uart                                0x00001faf   Thumb Code    26  lm3s21xx_uart.o(.text)
    UARTParityModeSet                        0x00001fc9   Thumb Code    12  lm3s21xx_uart.o(.text)
    UARTParityModeGet                        0x00001fd5   Thumb Code    10  lm3s21xx_uart.o(.text)
    UARTFIFOLevelGet                         0x00001fdf   Thumb Code    18  lm3s21xx_uart.o(.text)
    UARTConfigGetExpClk                      0x00001ff1   Thumb Code    30  lm3s21xx_uart.o(.text)
    UARTEnableSIR                            0x0000200f   Thumb Code    22  lm3s21xx_uart.o(.text)
    UARTDisableSIR                           0x00002025   Thumb Code    10  lm3s21xx_uart.o(.text)
    UARTCharsAvail                           0x0000202f   Thumb Code    12  lm3s21xx_uart.o(.text)
    UARTSpaceAvail                           0x0000203b   Thumb Code    12  lm3s21xx_uart.o(.text)
    UARTCharGetNonBlocking                   0x00002047   Thumb Code    20  lm3s21xx_uart.o(.text)
    UARTCharGet                              0x0000205b   Thumb Code     6  lm3s21xx_uart.o(.text)
    UARTCharPutNonBlocking                   0x00002061   Thumb Code    20  lm3s21xx_uart.o(.text)
    UARTCharPut                              0x00002075   Thumb Code    16  lm3s21xx_uart.o(.text)
    UARTBreakCtl                             0x00002085   Thumb Code    20  lm3s21xx_uart.o(.text)
    UARTBusy                                 0x00002099   Thumb Code    10  lm3s21xx_uart.o(.text)
    UARTIntRegister                          0x000020a3   Thumb Code    46  lm3s21xx_uart.o(.text)
    UARTIntUnregister                        0x000020d1   Thumb Code    42  lm3s21xx_uart.o(.text)
    UARTIntDisable                           0x000020fb   Thumb Code     8  lm3s21xx_uart.o(.text)
    UARTIntStatus                            0x00002103   Thumb Code    12  lm3s21xx_uart.o(.text)
    UARTIntClear                             0x0000210f   Thumb Code     4  lm3s21xx_uart.o(.text)
    UARTDMAEnable                            0x00002113   Thumb Code     8  lm3s21xx_uart.o(.text)
    UARTDMADisable                           0x0000211b   Thumb Code     8  lm3s21xx_uart.o(.text)
    UARTRxErrorGet                           0x00002123   Thumb Code    10  lm3s21xx_uart.o(.text)
    UARTRxErrorClear                         0x0000212d   Thumb Code     6  lm3s21xx_uart.o(.text)
    WatchdogEnable                           0x00002151   Thumb Code    18  lm3s21xx_watchdog.o(.text)
    WatchdogStallEnable                      0x00002163   Thumb Code    14  lm3s21xx_watchdog.o(.text)
    WatchdogResetEnable                      0x00002171   Thumb Code    18  lm3s21xx_watchdog.o(.text)
    WatchdogReloadSet                        0x00002183   Thumb Code     8  lm3s21xx_watchdog.o(.text)
    WatchdogIntClear                         0x0000218b   Thumb Code     8  lm3s21xx_watchdog.o(.text)
    WatchdogUnlock                           0x00002193   Thumb Code     8  lm3s21xx_watchdog.o(.text)
    Init_Wdt                                 0x0000219b   Thumb Code    52  lm3s21xx_watchdog.o(.text)
    WatchdogReloadGet                        0x000021cf   Thumb Code     8  lm3s21xx_watchdog.o(.text)
    WDTFeed                                  0x000021d7   Thumb Code    14  lm3s21xx_watchdog.o(.text)
    WatchdogRunning                          0x000021e5   Thumb Code    12  lm3s21xx_watchdog.o(.text)
    WatchdogResetDisable                     0x000021f1   Thumb Code    18  lm3s21xx_watchdog.o(.text)
    WatchdogLock                             0x00002203   Thumb Code     8  lm3s21xx_watchdog.o(.text)
    WatchdogLockState                        0x0000220b   Thumb Code    14  lm3s21xx_watchdog.o(.text)
    WatchdogValueGet                         0x00002219   Thumb Code     8  lm3s21xx_watchdog.o(.text)
    WatchdogIntRegister                      0x00002221   Thumb Code    20  lm3s21xx_watchdog.o(.text)
    WatchdogIntUnregister                    0x00002235   Thumb Code    16  lm3s21xx_watchdog.o(.text)
    WatchdogIntEnable                        0x00002245   Thumb Code    18  lm3s21xx_watchdog.o(.text)
    WatchdogIntStatus                        0x00002257   Thumb Code    20  lm3s21xx_watchdog.o(.text)
    WatchdogStallDisable                     0x0000226b   Thumb Code    14  lm3s21xx_watchdog.o(.text)
    ADCProcessorTrigger                      0x00002289   Thumb Code    10  lm3s21xx_adc.o(.text)
    ADCSequenceEnable                        0x00002293   Thumb Code    16  lm3s21xx_adc.o(.text)
    ADCIntEnable                             0x000022a3   Thumb Code    24  lm3s21xx_adc.o(.text)
    ADCHardwareOversampleConfigure           0x000022bb   Thumb Code    20  lm3s21xx_adc.o(.text)
    ADCSequenceStepConfigure                 0x000022cf   Thumb Code    76  lm3s21xx_adc.o(.text)
    ADCSequenceConfigure                     0x0000231b   Thumb Code    50  lm3s21xx_adc.o(.text)
    ADCSequenceDisable                       0x0000234d   Thumb Code    16  lm3s21xx_adc.o(.text)
    Init_Adc                                 0x0000235d   Thumb Code    66  lm3s21xx_adc.o(.text)
    ADCIntRegister                           0x0000239f   Thumb Code    26  lm3s21xx_adc.o(.text)
    ADCIntUnregister                         0x000023b9   Thumb Code    22  lm3s21xx_adc.o(.text)
    ADCIntDisable                            0x000023cf   Thumb Code    16  lm3s21xx_adc.o(.text)
    ADCIntStatus                             0x000023df   Thumb Code    28  lm3s21xx_adc.o(.text)
    ADCIntClear                              0x000023fb   Thumb Code    10  lm3s21xx_adc.o(.text)
    ADCSequenceOverflow                      0x00002405   Thumb Code    14  lm3s21xx_adc.o(.text)
    ADCSequenceOverflowClear                 0x00002413   Thumb Code    10  lm3s21xx_adc.o(.text)
    ADCSequenceUnderflow                     0x0000241d   Thumb Code    14  lm3s21xx_adc.o(.text)
    ADCSequenceUnderflowClear                0x0000242b   Thumb Code    10  lm3s21xx_adc.o(.text)
    ADCSequenceDataGet                       0x00002435   Thumb Code    42  lm3s21xx_adc.o(.text)
    ADCSoftwareOversampleConfigure           0x0000245f   Thumb Code    38  lm3s21xx_adc.o(.text)
    ADCSoftwareOversampleStepConfigure       0x00002485   Thumb Code   132  lm3s21xx_adc.o(.text)
    ADCSoftwareOversampleDataGet             0x00002509   Thumb Code    56  lm3s21xx_adc.o(.text)
    CPUcpsid                                 0x00002549   Thumb Code     0  cpu_keil.o(.text)
    CPUcpsie                                 0x00002551   Thumb Code     0  cpu_keil.o(.text)
    CPUwfi                                   0x00002559   Thumb Code     0  cpu_keil.o(.text)
    main                                     0x0000255d   Thumb Code   126  main.o(.text)
    IntDefaultHandler                        0x000025e9   Thumb Code     4  interrupt.o(.text)
    WatchDogHandler                          0x000025ed   Thumb Code     8  interrupt.o(.text)
    SysTickIntHandler                        0x000025f5   Thumb Code    74  interrupt.o(.text)
    ADC0Handler                              0x0000263f   Thumb Code    58  interrupt.o(.text)
    UART0IntHandler                          0x00002679   Thumb Code   194  interrupt.o(.text)
    UART1IntHandler                          0x0000273b   Thumb Code   194  interrupt.o(.text)
    Timer0AIntHandler                        0x000027fd   Thumb Code     8  interrupt.o(.text)
    Timer0BIntHandler                        0x00002805   Thumb Code    26  interrupt.o(.text)
    Timer1AIntHandler                        0x0000281f   Thumb Code    34  interrupt.o(.text)
    Timer1BIntHandler                        0x00002841   Thumb Code    26  interrupt.o(.text)
    Timer2AIntHandler                        0x0000285b   Thumb Code    24  interrupt.o(.text)
    Timer2BIntHandler                        0x00002873   Thumb Code    28  interrupt.o(.text)
    GPIOBHandler                             0x0000288f   Thumb Code    14  interrupt.o(.text)
    GPIOCHandler                             0x0000289d   Thumb Code    90  interrupt.o(.text)
    GPIODHandler                             0x000028f7   Thumb Code   476  interrupt.o(.text)
    GPIOFHandler                             0x00002ad3   Thumb Code    14  interrupt.o(.text)
    CANHandler                               0x00002ae1   Thumb Code   286  interrupt.o(.text)
    Check_SMtr_Tab_Sts                       0x00002c51   Thumb Code   358  init.o(.text)
    Solid_Save_Tab                           0x00002db7   Thumb Code   150  init.o(.text)
    Read_Mtr_Numb                            0x00002e4d   Thumb Code   168  init.o(.text)
    Fill_Space_StrCpy                        0x00002ef5   Thumb Code   166  init.o(.text)
    Init_Ram                                 0x00002f9b   Thumb Code   130  init.o(.text)
    Proc_CAN_OvTm                            0x00003095   Thumb Code    34  can.o(.text)
    Proc_Mst_Check                           0x000030b7   Thumb Code     2  can.o(.text)
    SDATA_MSG_OHead_ADD_ONE                  0x000030b9   Thumb Code    42  can.o(.text)
    Send_Data                                0x000030e3   Thumb Code   124  can.o(.text)
    Set_Master_Start                         0x0000315f   Thumb Code     8  can.o(.text)
    Set_TS                                   0x00003167   Thumb Code    56  can.o(.text)
    Get_Mea_Met                              0x0000319f   Thumb Code    64  can.o(.text)
    Power_Test_Pr                            0x000031df   Thumb Code   426  can.o(.text)
    Set_Mea_Met_Tab                          0x00003389   Thumb Code    54  can.o(.text)
    Set_Vref                                 0x000033bf   Thumb Code   278  can.o(.text)
    Set_Read_Ver                             0x000034d5   Thumb Code    60  can.o(.text)
    Set_SOLID                                0x00003511   Thumb Code     8  can.o(.text)
    Set_Wire_Type                            0x00003519   Thumb Code    92  can.o(.text)
    Proc_SDATA_IBUF                          0x00003575   Thumb Code   176  can.o(.text)
    Proc_SDATA_OBUF                          0x00003625   Thumb Code   116  can.o(.text)
    Proc_CAN_STS                             0x00003699   Thumb Code    72  can.o(.text)
    BOOT_INT_DIS                             0x00003749   Thumb Code    96  uart.o(.text)
    Get_Char                                 0x000037a9   Thumb Code    86  uart.o(.text)
    PutChar                                  0x000037ff   Thumb Code    50  uart.o(.text)
    SendStr                                  0x00003831   Thumb Code    86  uart.o(.text)
    Case_num                                 0x00003887   Thumb Code    92  uart.o(.text)
    Get_Para                                 0x000038e3   Thumb Code   150  uart.o(.text)
    Get_Com_Cmd                              0x00003979   Thumb Code   150  uart.o(.text)
    No_Match_Cmd_Pr                          0x00003a0f   Thumb Code    38  uart.o(.text)
    Send_One_Uart_Frm                        0x00003a35   Thumb Code   340  uart.o(.text)
    Com_CHK_Pr                               0x00003b89   Thumb Code   110  uart.o(.text)
    Com_CHK_Ui                               0x00003bf7   Thumb Code   110  uart.o(.text)
    Com_Set_ST                               0x00003c65   Thumb Code    52  uart.o(.text)
    Com_Get_Mea_Met                          0x00003c99   Thumb Code    64  uart.o(.text)
    Com_Power_Test_Pr                        0x00003cd9   Thumb Code   448  uart.o(.text)
    Com_Set_Mea_Met_Tab                      0x00003e99   Thumb Code    94  uart.o(.text)
    Com_Set_Vref                             0x00003ef7   Thumb Code   518  uart.o(.text)
    Com_Set_Wire_Type                        0x000040fd   Thumb Code   108  uart.o(.text)
    Com_Set_Read_Ver                         0x00004169   Thumb Code    66  uart.o(.text)
    Com_RCV_CRT                              0x000041ab   Thumb Code    72  uart.o(.text)
    Proc_COM0_IBuf                           0x000041f3   Thumb Code   254  uart.o(.text)
    Proc_COM0_OBuf                           0x000042f1   Thumb Code   128  uart.o(.text)
    Check_PLL                                0x000043dd   Thumb Code    88  eng_err.o(.text)
    Power_Mea_Resualt_Send                   0x00004435   Thumb Code   106  eng_err.o(.text)
    Rmstrcat                                 0x0000449f   Thumb Code    62  eng_err.o(.text)
    Power_Mea_Resualt_Com_Send               0x000044dd   Thumb Code   192  eng_err.o(.text)
    Ui_Mea_Resualt_Com_Send                  0x0000459d   Thumb Code   192  eng_err.o(.text)
    Proc_ADC_Timer                           0x0000465d   Thumb Code    90  eng_err.o(.text)
    Proc_ADC_Data                            0x000046b7   Thumb Code   480  eng_err.o(.text)
    Ext_WDT_Feed                             0x00004897   Thumb Code    54  eng_err.o(.text)
    Write_Read_OneByte_5460A                 0x000048e1   Thumb Code   104  cs5460a.o(.text)
    Init_CS5460A                             0x00004949   Thumb Code   240  cs5460a.o(.text)
    Enable_5460                              0x00004a39   Thumb Code    32  cs5460a.o(.text)
    Disable_5460                             0x00004a59   Thumb Code    30  cs5460a.o(.text)
    Stop_CS5460AConv                         0x00004a77   Thumb Code    34  cs5460a.o(.text)
    Start_CS5460AConv                        0x00004a99   Thumb Code    90  cs5460a.o(.text)
    New_Data_Prc                             0x00004af3   Thumb Code  1160  cs5460a.o(.text)
    __aeabi_memcpy                           0x00004fcd   Thumb Code    36  memcpya.o(.text)
    __aeabi_memcpy4                          0x00004fcd   Thumb Code     0  memcpya.o(.text)
    __aeabi_memcpy8                          0x00004fcd   Thumb Code     0  memcpya.o(.text)
    __aeabi_memset                           0x00004ff1   Thumb Code    14  memseta.o(.text)
    __aeabi_memset4                          0x00004ff1   Thumb Code     0  memseta.o(.text)
    __aeabi_memset8                          0x00004ff1   Thumb Code     0  memseta.o(.text)
    __aeabi_memclr                           0x00004fff   Thumb Code     4  memseta.o(.text)
    __aeabi_memclr4                          0x00004fff   Thumb Code     0  memseta.o(.text)
    __aeabi_memclr8                          0x00004fff   Thumb Code     0  memseta.o(.text)
    _memset$wrapper                          0x00005003   Thumb Code    18  memseta.o(.text)
    strlen                                   0x00005015   Thumb Code    14  strlen.o(.text)
    __aeabi_fadd                             0x00005023   Thumb Code   164  fadd.o(.text)
    __aeabi_fsub                             0x000050c7   Thumb Code     6  fadd.o(.text)
    __aeabi_frsub                            0x000050cd   Thumb Code     6  fadd.o(.text)
    __aeabi_fmul                             0x000050d3   Thumb Code   100  fmul.o(.text)
    __aeabi_fdiv                             0x00005137   Thumb Code   124  fdiv.o(.text)
    __aeabi_dadd                             0x000051b3   Thumb Code   322  dadd.o(.text)
    __aeabi_dsub                             0x000052f5   Thumb Code     6  dadd.o(.text)
    __aeabi_drsub                            0x000052fb   Thumb Code     6  dadd.o(.text)
    __aeabi_dmul                             0x00005301   Thumb Code   228  dmul.o(.text)
    __aeabi_i2f                              0x000053e5   Thumb Code    18  fflti.o(.text)
    __aeabi_ui2f                             0x000053f7   Thumb Code    10  ffltui.o(.text)
    __aeabi_f2uiz                            0x00005401   Thumb Code    40  ffixui.o(.text)
    __aeabi_f2d                              0x00005429   Thumb Code    38  f2d.o(.text)
    __aeabi_cdcmpeq                          0x00005451   Thumb Code     0  cdcmple.o(.text)
    __aeabi_cdcmple                          0x00005451   Thumb Code    48  cdcmple.o(.text)
    __aeabi_d2f                              0x00005481   Thumb Code    56  d2f.o(.text)
    __aeabi_cfcmpeq                          0x000054b9   Thumb Code     0  cfcmple.o(.text)
    __aeabi_cfcmple                          0x000054b9   Thumb Code    20  cfcmple.o(.text)
    __aeabi_cfrcmple                         0x000054cd   Thumb Code    20  cfrcmple.o(.text)
    __aeabi_uidiv                            0x000054e1   Thumb Code     0  uidiv.o(.text)
    __aeabi_uidivmod                         0x000054e1   Thumb Code    44  uidiv.o(.text)
    __aeabi_uldivmod                         0x0000550d   Thumb Code    98  uldiv.o(.text)
    __aeabi_llsl                             0x0000556f   Thumb Code    30  llshl.o(.text)
    _ll_shift_l                              0x0000556f   Thumb Code     0  llshl.o(.text)
    __aeabi_lasr                             0x0000558d   Thumb Code    36  llsshr.o(.text)
    _ll_sshift_r                             0x0000558d   Thumb Code     0  llsshr.o(.text)
    __strtod_int                             0x000055e7   Thumb Code    90  strtod.o(.text)
    __I$use$fp                               0x0000564d   Thumb Code     0  iusefp.o(.text)
    _float_round                             0x0000564d   Thumb Code    18  fepilogue.o(.text)
    _float_epilogue                          0x0000565f   Thumb Code    92  fepilogue.o(.text)
    _double_round                            0x000056bb   Thumb Code    30  depilogue.o(.text)
    _double_epilogue                         0x000056d9   Thumb Code   156  depilogue.o(.text)
    __aeabi_ddiv                             0x00005775   Thumb Code   222  ddiv.o(.text)
    __aeabi_d2ulz                            0x00005853   Thumb Code    48  dfixul.o(.text)
    __aeabi_cdrcmple                         0x00005885   Thumb Code    48  cdrcmple.o(.text)
    __scatterload                            0x000058b5   Thumb Code    28  init.o(.text)
    __scatterload_rt2                        0x000058b5   Thumb Code     0  init.o(.text)
    __aeabi_llsr                             0x000058d9   Thumb Code    32  llushr.o(.text)
    _ll_ushift_r                             0x000058d9   Thumb Code     0  llushr.o(.text)
    isspace                                  0x000058f9   Thumb Code    10  isspace_c.o(.text)
    _scanf_real                              0x00005a05   Thumb Code     0  scanf_fp.o(.text)
    _scanf_really_real                       0x00005a05   Thumb Code   556  scanf_fp.o(.text)
    _sgetc                                   0x00005c3d   Thumb Code    30  _sgetc.o(.text)
    _sbackspace                              0x00005c5b   Thumb Code    34  _sgetc.o(.text)
    __ctype_lookup                           0x00005c7d   Thumb Code    34  ctype_c.o(.text)
    __aeabi_ul2d                             0x00005ca5   Thumb Code    24  dfltul.o(.text)
    __decompress                             0x00005cbd   Thumb Code     0  __dczerorl.o(.text)
    __decompress0                            0x00005cbd   Thumb Code    58  __dczerorl.o(.text)
    __0sprintf                               0x00005cf9   Thumb Code    34  printfa.o(i.__0sprintf)
    __1sprintf                               0x00005cf9   Thumb Code     0  printfa.o(i.__0sprintf)
    __2sprintf                               0x00005cf9   Thumb Code     0  printfa.o(i.__0sprintf)
    __c89sprintf                             0x00005cf9   Thumb Code     0  printfa.o(i.__0sprintf)
    sprintf                                  0x00005cf9   Thumb Code     0  printfa.o(i.__0sprintf)
    __read_errno                             0x00005d21   Thumb Code     6  errno.o(i.__read_errno)
    __scatterload_copy                       0x00005d2d   Thumb Code    14  handlers.o(i.__scatterload_copy)
    __scatterload_null                       0x00005d3b   Thumb Code     2  handlers.o(i.__scatterload_null)
    __scatterload_zeroinit                   0x00005d3d   Thumb Code    14  handlers.o(i.__scatterload_zeroinit)
    __set_errno                              0x00005d4d   Thumb Code     6  errno.o(i.__set_errno)
    _is_digit                                0x00005edd   Thumb Code    14  scanf_fp.o(i._is_digit)
    atof                                     0x00006625   Thumb Code    42  atof.o(i.atof)
    CANBitClkSettings                        0x00006650   Data          20  lm3s21xx_can.o(.constdata)
    CAN_MSG_SET_TAB                          0x00006664   Data          36  lm3s21xx_can.o(.constdata)
    Parity_Set_TAB                           0x000066e4   Data           5  lm3s21xx_uart.o(.constdata)
    UART_PARA_TAB                            0x000066ec   Data           8  lm3s21xx_uart.o(.constdata)
    VER_TAB                                  0x000066f4   Data           8  init.o(.constdata)
    CAN_TX_SMSG                              0x000066fc   Data          16  can.o(.constdata)
    PORT_BASE_ADDR_TAB                       0x0000670c   Data          32  can.o(.constdata)
    UART_PORT                                0x0000672c   Data           8  uart.o(.constdata)
    COM0_ICMD_TAB                            0x00006734   Data         152  uart.o(.constdata)
    COM1_ICMD_TAB                            0x000067cc   Data         152  uart.o(.constdata)
    CMD_NUM_TAB                              0x00006864   Data           4  uart.o(.constdata)
    Data_Flag_Tab                            0x00006868   Data           2  uart.o(.constdata)
    CMD_ADDR_TAB                             0x0000686c   Data           8  uart.o(.constdata)
    CMD_LEN_TAB                              0x00006874   Data           2  uart.o(.constdata)
    IBUF_Ptr_TAB                             0x00006878   Data          32  uart.o(.constdata)
    OBUF_Ptr_TAB                             0x00006898   Data          48  uart.o(.constdata)
    __ctype_categories                       0x000068c8   Data          64  ctype_c.o(.constdata)
    Region$$Table$$Base                      0x00006908   Number         0  anon$$obj.o(Region$$Table)
    Region$$Table$$Limit                     0x00006948   Number         0  anon$$obj.o(Region$$Table)
    Save_Tab                                 0x0000fc00   Data          48  solid.o(.constdata)
    g_pucOversampleFactor                    0x20000010   Data           3  lm3s21xx_adc.o(.data)
    ADC_Data                                 0x20000014   Data           2  vari.o(.data)
    ADC_Timer                                0x20000016   Data           2  vari.o(.data)
    ADC_SUM_Data                             0x20000018   Data           2  vari.o(.data)
    ADC_SUM_Cnt                              0x2000001a   Data           1  vari.o(.data)
    Current_Save_Tab                         0x2000001b   Data           1  vari.o(.data)
    SysRCC_CFG                               0x2000001c   Data           4  vari.o(.data)
    PLL_ERR_Cnt                              0x20000020   Data           1  vari.o(.data)
    CMD_DATA                                 0x20000021   Data           1  vari.o(.data)
    WIRE_TYPE                                0x20000022   Data           1  vari.o(.data)
    Ext_WDT_Timer                            0x20000023   Data           1  vari.o(.data)
    Mtr_Numb_ID                              0x20000024   Data           1  vari.o(.data)
    Mtr_Numb_Str                             0x20000025   Data           3  vari.o(.data)
    Sysclk                                   0x20000028   Data           4  vari.o(.data)
    Timer_1ms                                0x2000002c   Data           4  vari.o(.data)
    CLK_Timer                                0x20000030   Data           4  vari.o(.data)
    Timer_8ms                                0x20000034   Data           1  vari.o(.data)
    GDT_Timer                                0x20000035   Data           1  vari.o(.data)
    DZ_Timer                                 0x20000036   Data           1  vari.o(.data)
    SZ_Timer                                 0x20000037   Data           1  vari.o(.data)
    XUL_Timer                                0x20000038   Data           1  vari.o(.data)
    TQ_Timer                                 0x20000039   Data           1  vari.o(.data)
    HZ_Timer                                 0x2000003a   Data           1  vari.o(.data)
    KEY_Timer                                0x2000003b   Data           1  vari.o(.data)
    PLL_CHK_Timer                            0x2000003c   Data           1  vari.o(.data)
    CYCLE_OLD_Timer                          0x20000040   Data           4  vari.o(.data)
    CYCLE_NEW_Timer                          0x20000044   Data           4  vari.o(.data)
    CAN_STX_OVTimer                          0x20000048   Data           2  vari.o(.data)
    CAN_LTX_OVTimer                          0x2000004a   Data           2  vari.o(.data)
    CAN_RX_OVTimer                           0x2000004c   Data           2  vari.o(.data)
    WORK_Timer                               0x2000004e   Data           2  vari.o(.data)
    STD_ECLK_Timer                           0x20000050   Data           2  vari.o(.data)
    NEW_PLL_Ref_Timer                        0x20000052   Data           2  vari.o(.data)
    OLD_PLL_Ref_Timer                        0x20000054   Data           2  vari.o(.data)
    Disp_Timer                               0x20000056   Data           1  vari.o(.data)
    GDT_RST_Timer                            0x20000057   Data           1  vari.o(.data)
    Con_KEY_Timer                            0x20000058   Data           1  vari.o(.data)
    Disp_En_Timer                            0x20000059   Data           1  vari.o(.data)
    STD_CLK_Timer                            0x2000005a   Data           1  vari.o(.data)
    SMtr_Set_Timer                           0x2000005b   Data           1  vari.o(.data)
    Disp_Buf                                 0x2000005c   Data           8  vari.o(.data)
    Uart_Para                                0x20000064   Data           8  vari.o(.data)
    CANERR_CNT                               0x2000006c   Data           2  vari.o(.data)
    CAN_LMSG_TX_TYPE                         0x2000006e   Data           1  vari.o(.data)
    CAN_LMSG_RX_TYPE                         0x2000006f   Data           1  vari.o(.data)
    CAN_STS                                  0x20000070   Data           4  vari.o(.data)
    CAN_LDATA_TX_STS                         0x20000074   Data           1  vari.o(.data)
    CAN_NEXT_MSG_IDx                         0x20000075   Data           1  vari.o(.data)
    CAN_LMSG_TX_STS                          0x20000076   Data           1  vari.o(.data)
    CAN_SMSG_TX_STS                          0x20000077   Data           1  vari.o(.data)
    Echo_Sts                                 0x20000078   Data           1  vari.o(.data)
    CAN_SEND_DTIME                           0x20000079   Data           1  vari.o(.data)
    CAN_SEND_DELAY                           0x2000007a   Data           1  vari.o(.data)
    CAN_SDATA_MSG_IHead                      0x2000007b   Data           1  vari.o(.data)
    CAN_SDATA_MSG_ITail                      0x2000007c   Data           1  vari.o(.data)
    CAN_MSG_IPtr                             0x20000080   Data           4  vari.o(.data)
    CAN_SDATA_MSG_OHead                      0x20000084   Data           1  vari.o(.data)
    CAN_SDATA_MSG_OTail                      0x20000085   Data           1  vari.o(.data)
    CAN_MSG_OPtr                             0x20000088   Data           4  vari.o(.data)
    CAN_LDATA_MSG_IHead                      0x2000008c   Data           1  vari.o(.data)
    CAN_LDATA_MSG_ITail                      0x2000008d   Data           1  vari.o(.data)
    CAN_LDATA_SERR_Cnt                       0x2000008e   Data           1  vari.o(.data)
    COM0_InSend                              0x2000008f   Data           1  vari.o(.data)
    COM0_IHead                               0x20000090   Data           2  vari.o(.data)
    COM0_ITail                               0x20000092   Data           2  vari.o(.data)
    COM0_ICoun                               0x20000094   Data           2  vari.o(.data)
    COM0_OHead                               0x20000096   Data           2  vari.o(.data)
    COM0_OTail                               0x20000098   Data           2  vari.o(.data)
    COM0_OCoun                               0x2000009a   Data           2  vari.o(.data)
    COM0_STimer                              0x2000009c   Data           2  vari.o(.data)
    COM1_InSend                              0x2000009e   Data           1  vari.o(.data)
    COM1_IHead                               0x200000a0   Data           2  vari.o(.data)
    COM1_ITail                               0x200000a2   Data           2  vari.o(.data)
    COM1_ICoun                               0x200000a4   Data           2  vari.o(.data)
    COM1_OHead                               0x200000a6   Data           2  vari.o(.data)
    COM1_OTail                               0x200000a8   Data           2  vari.o(.data)
    COM1_OCoun                               0x200000aa   Data           2  vari.o(.data)
    COM1_STimer                              0x200000ac   Data           2  vari.o(.data)
    Para_Numb                                0x200000ae   Data           1  vari.o(.data)
    CANT_STR                                 0x200000af   Data           8  vari.o(.data)
    CHK_OneTime_Flag                         0x200000b7   Data           1  vari.o(.data)
    CHK_ONETIME_FLAG1                        0x200000b8   Data           1  vari.o(.data)
    ADC_Start                                0x200000b9   Data           1  vari.o(.data)
    CS5460A_New_Data                         0x200000ba   Data           1  vari.o(.data)
    U_Mea_Cnt                                0x200000bb   Data           1  vari.o(.data)
    I_Mea_Cnt                                0x200000bc   Data           1  vari.o(.data)
    CS5460A_E_Reg                            0x200000bd   Data           3  vari.o(.data)
    CS5460A_Vrms_Reg                         0x200000c0   Data           3  vari.o(.data)
    CS5460A_Irms_Reg                         0x200000c3   Data           3  vari.o(.data)
    U_Data_Ready                             0x200000c6   Data           1  vari.o(.data)
    I_Data_Ready                             0x200000c7   Data           1  vari.o(.data)
    U_Pr_Str                                 0x200000c8   Data           2  vari.o(.data)
    U_Pm_Str                                 0x200000ca   Data           2  vari.o(.data)
    I_Pm_Str                                 0x200000cc   Data           2  vari.o(.data)
    U_Mea_Cal                                0x200000ce   Data           1  vari.o(.data)
    I_Mea_Cal                                0x200000cf   Data           1  vari.o(.data)
    CS5460A_Sts_Reg                          0x200000d0   Data           3  vari.o(.data)
    U_current                                0x200000d4   Data           4  vari.o(.data)
    I_current                                0x200000d8   Data           4  vari.o(.data)
    ADC0_Vref                                0x200000dc   Data           4  vari.o(.data)
    CS5460A_Vref                             0x200000e0   Data           4  vari.o(.data)
    Current_I_Value                          0x200000e4   Data           4  vari.o(.data)
    Temp_Cal1                                0x200000e8   Data           4  vari.o(.data)
    Temp_Cal2                                0x200000ec   Data           4  vari.o(.data)
    Timer_CS5460A_INT                        0x200000f0   Data           2  vari.o(.data)
    Current_Mea_MetNUM                       0x200000f2   Data           1  vari.o(.data)
    Current_Mea_Channel                      0x200000f3   Data           1  vari.o(.data)
    Current_Mea_Phase                        0x200000f4   Data           1  vari.o(.data)
    Rslt_Send_Timer                          0x200000f6   Data           2  vari.o(.data)
    Rslt_Com_Send_Timer                      0x200000f8   Data           2  vari.o(.data)
    Current_Wire_Type                        0x200000fa   Data           1  vari.o(.data)
    ADC_SEQ_Data                             0x20000200   Data          32  vari.o(.bss)
    Save_Tab_Sts                             0x20000220   Data          20  vari.o(.bss)
    XIUZ                                     0x20000234   Data          48  vari.o(.bss)
    CAN_LMSG_RX_Ptr                          0x20000264   Data          16  vari.o(.bss)
    CAN_LMSG_TX_Ptr                          0x20000274   Data          16  vari.o(.bss)
    CAN_MSG_Rx                               0x20000284   Data          16  vari.o(.bss)
    CAN_SMSG_Tx                              0x20000294   Data          16  vari.o(.bss)
    CAN_LMSG_Tx                              0x200002a4   Data          16  vari.o(.bss)
    CAN_SDATA_MSG_IBUF                       0x200002b4   Data         800  vari.o(.bss)
    CAN_SDATA_MSG_OBUF                       0x200005d4   Data         800  vari.o(.bss)
    CAN_LDATA_MSG_IBUF                       0x200008f4   Data         320  vari.o(.bss)
    IBUF_Ptr                                 0x20000a34   Data          16  vari.o(.bss)
    OBUF_Ptr                                 0x20000a44   Data          24  vari.o(.bss)
    UART_Ptr                                 0x20000a5c   Data          96  vari.o(.bss)
    COM0_IBuf                                0x20000abc   Data         512  vari.o(.bss)
    COM0_OBuf                                0x20000cbc   Data         512  vari.o(.bss)
    COM1_IBuf                                0x20000ebc   Data         512  vari.o(.bss)
    COM1_OBuf                                0x200010bc   Data         512  vari.o(.bss)
    Rx_Com                                   0x200012bc   Data          10  vari.o(.bss)
    Rx_Para                                  0x200012c6   Data         100  vari.o(.bss)
    TEMP_STR                                 0x2000132a   Data          30  vari.o(.bss)
    UART_TEMP_STR                            0x20001348   Data          64  vari.o(.bss)
    U_Pr_Str_Com                             0x20001388   Data          10  vari.o(.bss)
    U_Pm_Str_Com                             0x20001392   Data          10  vari.o(.bss)
    I_Pm_Str_Com                             0x2000139c   Data          10  vari.o(.bss)
    U_Str_Com                                0x200013a6   Data          10  vari.o(.bss)
    I_Str_Com                                0x200013b0   Data          10  vari.o(.bss)
    U_Prms                                   0x200013bc   Data          20  vari.o(.bss)
    U_Pmax                                   0x200013d0   Data          20  vari.o(.bss)
    I_Pmax                                   0x200013e4   Data          20  vari.o(.bss)
    U_P                                      0x200013f8   Data          20  vari.o(.bss)
    I_P                                      0x2000140c   Data          20  vari.o(.bss)
    __initial_sp                             0x20001620   Data           0  lm3s21xx_vect.o(STACK)
    SINGLE_OR_THREE                          0x22000000   Data           4  bitvari.o(.data)
    NEW_ENG_PLS                              0x22000004   Data           4  bitvari.o(.data)
    NEW_CLK_PLS                              0x22000008   Data           4  bitvari.o(.data)
    NEW_XUL_PLS                              0x2200000c   Data           4  bitvari.o(.data)
    FIRST_ENG_PLS                            0x22000010   Data           4  bitvari.o(.data)
    FIRST_CLK_PLS                            0x22000014   Data           4  bitvari.o(.data)
    FIRST_XUL_PLS                            0x22000018   Data           4  bitvari.o(.data)
    OVER_ERR_FLAG                            0x2200001c   Data           4  bitvari.o(.data)
    NEW_ENG_DATA                             0x22000020   Data           4  bitvari.o(.data)
    BEEP_EN                                  0x22000024   Data           4  bitvari.o(.data)
    MTR_PLUG                                 0x22000028   Data           4  bitvari.o(.data)
    GDT_RST_FLAG                             0x2200002c   Data           4  bitvari.o(.data)
    NEW_CMD                                  0x22000030   Data           4  bitvari.o(.data)
    HB_BACK_EDGE                             0x22000034   Data           4  bitvari.o(.data)
    SY_START                                 0x22000038   Data           4  bitvari.o(.data)
    ZZ_PLS_LOADED                            0x2200003c   Data           4  bitvari.o(.data)
    HB_CATCHED                               0x22000040   Data           4  bitvari.o(.data)
    VERIFY_END                               0x22000044   Data           4  bitvari.o(.data)
    SY_ACT                                   0x22000048   Data           4  bitvari.o(.data)
    RISE_FALL_LVL                            0x2200004c   Data           4  bitvari.o(.data)
    ENG_STB_CHK                              0x22000050   Data           4  bitvari.o(.data)
    SCLK_STB_CHK                             0x22000054   Data           4  bitvari.o(.data)
    OCLK_STB_CHK                             0x22000058   Data           4  bitvari.o(.data)
    XUL_STB_CHK                              0x2200005c   Data           4  bitvari.o(.data)
    NO_STD_CLK                               0x22000060   Data           4  bitvari.o(.data)
    NO_CLK_PLS                               0x22000064   Data           4  bitvari.o(.data)
    NO_STD_ENG                               0x22000068   Data           4  bitvari.o(.data)
    DISP_HL_LVL                              0x2200006c   Data           4  bitvari.o(.data)
    PULSE_ZZ_END                             0x22000070   Data           4  bitvari.o(.data)
    NEW_WZHZ_PLS                             0x22000074   Data           4  bitvari.o(.data)
    NEW_NZHZ_PLS                             0x22000078   Data           4  bitvari.o(.data)
    NEW_TQ_PLS                               0x2200007c   Data           4  bitvari.o(.data)
    NEW_MBJ_PLS                              0x22000080   Data           4  bitvari.o(.data)
    NEW_JBJ_PLS                              0x22000084   Data           4  bitvari.o(.data)
    REF_JZ_INT                               0x22000088   Data           4  bitvari.o(.data)
    TX_ZS_BIT                                0x2200008c   Data           4  bitvari.o(.data)
    SZCLK_SET_TooM_T                         0x22000090   Data           4  bitvari.o(.data)
    SZCLK_SET_TooM                           0x22000094   Data           4  bitvari.o(.data)
    NEW_KEY_FLAG                             0x22000098   Data           4  bitvari.o(.data)
    PLUG_CHG_FLAG                            0x2200009c   Data           4  bitvari.o(.data)
    CD4094_FLAG                              0x220000a0   Data           4  bitvari.o(.data)
    KEY_PC_PLUG                              0x220000a4   Data           4  bitvari.o(.data)
    TZEN                                     0x220000a8   Data           4  bitvari.o(.data)
    MBJEN                                    0x220000ac   Data           4  bitvari.o(.data)
    GZ_FLAG                                  0x220000b0   Data           4  bitvari.o(.data)
    GZS_FLAG                                 0x220000b4   Data           4  bitvari.o(.data)
    NZTZ_FLAG                                0x220000b8   Data           4  bitvari.o(.data)
    WZTZ_FLAG                                0x220000bc   Data           4  bitvari.o(.data)
    MASTER_START                             0x220000c0   Data           4  bitvari.o(.data)
    GDT_INT_REEN                             0x220000c4   Data           4  bitvari.o(.data)
    DZ_INT_REEN                              0x220000c8   Data           4  bitvari.o(.data)
    SZ_INT_REEN                              0x220000cc   Data           4  bitvari.o(.data)
    XUL_INT_REEN                             0x220000d0   Data           4  bitvari.o(.data)
    TQ_INT_REEN                              0x220000d4   Data           4  bitvari.o(.data)
    HZ_INT_REEN                              0x220000d8   Data           4  bitvari.o(.data)
    KEY_INT_REEN                             0x220000dc   Data           4  bitvari.o(.data)
    CAN_ERR                                  0x220000e0   Data           4  bitvari.o(.data)
    I_JDQ                                    0x220000e4   Data           4  bitvari.o(.data)
    I_JDQ_CHG                                0x220000e8   Data           4  bitvari.o(.data)
    I_JDQ_EN                                 0x220000ec   Data           4  bitvari.o(.data)
    UJDQ_FLAG                                0x220000f0   Data           4  bitvari.o(.data)
    ESwitch_FLAG                             0x220000f4   Data           4  bitvari.o(.data)



==============================================================================

Memory Map of the image

  Image Entry point : 0x00000101

  Load Region LR_IROM1 (Base: 0x00000000, Size: 0x00006c60, Max: 0x0000f000, ABSOLUTE, COMPRESSED[0x00006a74])

    Execution Region ER_IROM1 (Base: 0x00000000, Size: 0x00006948, Max: 0x0000f000, ABSOLUTE)

    Base Addr    Size         Type   Attr      Idx    E Section Name        Object

    0x00000000   0x00000150   Code   RO          266  * RESET               lm3s21xx_vect.o
    0x00000150   0x00000000   Code   RO          452  * .ARM.Collect$$$$00000000  mc_w.l(entry.o)
    0x00000150   0x00000004   Code   RO          750    .ARM.Collect$$$$00000001  mc_w.l(entry2.o)
    0x00000154   0x00000004   Code   RO          753    .ARM.Collect$$$$00000004  mc_w.l(entry5.o)
    0x00000158   0x00000000   Code   RO          755    .ARM.Collect$$$$00000008  mc_w.l(entry7b.o)
    0x00000158   0x00000000   Code   RO          757    .ARM.Collect$$$$0000000A  mc_w.l(entry8b.o)
    0x00000158   0x00000008   Code   RO          758    .ARM.Collect$$$$0000000B  mc_w.l(entry9a.o)
    0x00000160   0x00000000   Code   RO          760    .ARM.Collect$$$$0000000D  mc_w.l(entry10a.o)
    0x00000160   0x00000000   Code   RO          762    .ARM.Collect$$$$0000000F  mc_w.l(entry11a.o)
    0x00000160   0x00000004   Code   RO          751    .ARM.Collect$$$$00002712  mc_w.l(entry2.o)
    0x00000164   0x00000006   Code   RO          160    .emb_text           lm3s21xx_sysctl.o
    0x0000016a   0x00000002   PAD
    0x0000016c   0x00000962   Code   RO            1    .text               lm3s21xx_can.o
    0x00000ace   0x00000002   PAD
    0x00000ad0   0x00000380   Code   RO           87    .text               lm3s21xx_flash.o
    0x00000e50   0x000006ba   Code   RO          107    .text               lm3s21xx_gpio.o
    0x0000150a   0x00000002   PAD
    0x0000150c   0x0000027c   Code   RO          119    .text               lm3s21xx_interrupt.o
    0x00001788   0x00000684   Code   RO          161    .text               lm3s21xx_sysctl.o
    0x00001e0c   0x000000c8   Code   RO          179    .text               lm3s21xx_systick.o
    0x00001ed4   0x0000027c   Code   RO          212    .text               lm3s21xx_uart.o
    0x00002150   0x00000138   Code   RO          234    .text               lm3s21xx_watchdog.o
    0x00002288   0x000002c0   Code   RO          246    .text               lm3s21xx_adc.o
    0x00002548   0x00000014   Code   RO          261    .text               cpu_keil.o
    0x0000255c   0x0000008c   Code   RO          270    .text               main.o
    0x000025e8   0x00000668   Code   RO          292    .text               interrupt.o
    0x00002c50   0x00000444   Code   RO          318    .text               init.o
    0x00003094   0x000006b4   Code   RO          341    .text               can.o
    0x00003748   0x00000c94   Code   RO          360    .text               uart.o
    0x000043dc   0x00000504   Code   RO          388    .text               eng_err.o
    0x000048e0   0x000006ec   Code   RO          436    .text               cs5460a.o
    0x00004fcc   0x00000024   Code   RO          455    .text               mc_w.l(memcpya.o)
    0x00004ff0   0x00000024   Code   RO          457    .text               mc_w.l(memseta.o)
    0x00005014   0x0000000e   Code   RO          459    .text               mc_w.l(strlen.o)
    0x00005022   0x000000b0   Code   RO          724    .text               mf_w.l(fadd.o)
    0x000050d2   0x00000064   Code   RO          726    .text               mf_w.l(fmul.o)
    0x00005136   0x0000007c   Code   RO          728    .text               mf_w.l(fdiv.o)
    0x000051b2   0x0000014e   Code   RO          730    .text               mf_w.l(dadd.o)
    0x00005300   0x000000e4   Code   RO          732    .text               mf_w.l(dmul.o)
    0x000053e4   0x00000012   Code   RO          734    .text               mf_w.l(fflti.o)
    0x000053f6   0x0000000a   Code   RO          736    .text               mf_w.l(ffltui.o)
    0x00005400   0x00000028   Code   RO          738    .text               mf_w.l(ffixui.o)
    0x00005428   0x00000026   Code   RO          740    .text               mf_w.l(f2d.o)
    0x0000544e   0x00000002   PAD
    0x00005450   0x00000030   Code   RO          742    .text               mf_w.l(cdcmple.o)
    0x00005480   0x00000038   Code   RO          744    .text               mf_w.l(d2f.o)
    0x000054b8   0x00000014   Code   RO          746    .text               mf_w.l(cfcmple.o)
    0x000054cc   0x00000014   Code   RO          748    .text               mf_w.l(cfrcmple.o)
    0x000054e0   0x0000002c   Code   RO          767    .text               mc_w.l(uidiv.o)
    0x0000550c   0x00000062   Code   RO          769    .text               mc_w.l(uldiv.o)
    0x0000556e   0x0000001e   Code   RO          771    .text               mc_w.l(llshl.o)
    0x0000558c   0x00000024   Code   RO          773    .text               mc_w.l(llsshr.o)
    0x000055b0   0x0000009c   Code   RO          782    .text               mc_w.l(strtod.o)
    0x0000564c   0x00000000   Code   RO          784    .text               mc_w.l(iusefp.o)
    0x0000564c   0x0000006e   Code   RO          785    .text               mf_w.l(fepilogue.o)
    0x000056ba   0x000000ba   Code   RO          787    .text               mf_w.l(depilogue.o)
    0x00005774   0x000000de   Code   RO          789    .text               mf_w.l(ddiv.o)
    0x00005852   0x00000030   Code   RO          791    .text               mf_w.l(dfixul.o)
    0x00005882   0x00000002   PAD
    0x00005884   0x00000030   Code   RO          793    .text               mf_w.l(cdrcmple.o)
    0x000058b4   0x00000024   Code   RO          795    .text               mc_w.l(init.o)
    0x000058d8   0x00000020   Code   RO          798    .text               mc_w.l(llushr.o)
    0x000058f8   0x0000000a   Code   RO          800    .text               mc_w.l(isspace_c.o)
    0x00005902   0x00000002   PAD
    0x00005904   0x00000338   Code   RO          802    .text               mc_w.l(scanf_fp.o)
    0x00005c3c   0x00000040   Code   RO          806    .text               mc_w.l(_sgetc.o)
    0x00005c7c   0x00000028   Code   RO          809    .text               mc_w.l(ctype_c.o)
    0x00005ca4   0x00000018   Code   RO          812    .text               mf_w.l(dfltul.o)
    0x00005cbc   0x0000003a   Code   RO          822    .text               mc_w.l(__dczerorl.o)
    0x00005cf6   0x00000002   PAD
    0x00005cf8   0x00000028   Code   RO          698    i.__0sprintf        mc_w.l(printfa.o)
    0x00005d20   0x0000000c   Code   RO          776    i.__read_errno      mc_w.l(errno.o)
    0x00005d2c   0x0000000e   Code   RO          816    i.__scatterload_copy  mc_w.l(handlers.o)
    0x00005d3a   0x00000002   Code   RO          817    i.__scatterload_null  mc_w.l(handlers.o)
    0x00005d3c   0x0000000e   Code   RO          818    i.__scatterload_zeroinit  mc_w.l(handlers.o)
    0x00005d4a   0x00000002   PAD
    0x00005d4c   0x0000000c   Code   RO          777    i.__set_errno       mc_w.l(errno.o)
    0x00005d58   0x00000184   Code   RO          703    i._fp_digits        mc_w.l(printfa.o)
    0x00005edc   0x0000000e   Code   RO          804    i._is_digit         mc_w.l(scanf_fp.o)
    0x00005eea   0x00000002   PAD
    0x00005eec   0x000006dc   Code   RO          704    i._printf_core      mc_w.l(printfa.o)
    0x000065c8   0x00000024   Code   RO          705    i._printf_post_padding  mc_w.l(printfa.o)
    0x000065ec   0x0000002e   Code   RO          706    i._printf_pre_padding  mc_w.l(printfa.o)
    0x0000661a   0x0000000a   Code   RO          708    i._sputc            mc_w.l(printfa.o)
    0x00006624   0x0000002a   Code   RO          449    i.atof              m_ws.l(atof.o)
    0x0000664e   0x00000002   PAD
    0x00006650   0x00000038   Data   RO            2    .constdata          lm3s21xx_can.o
    0x00006688   0x0000005c   Data   RO          162    .constdata          lm3s21xx_sysctl.o
    0x000066e4   0x00000010   Data   RO          213    .constdata          lm3s21xx_uart.o
    0x000066f4   0x00000008   Data   RO          319    .constdata          init.o
    0x000066fc   0x00000030   Data   RO          342    .constdata          can.o
    0x0000672c   0x0000019c   Data   RO          361    .constdata          uart.o
    0x000068c8   0x00000040   Data   RO          810    .constdata          mc_w.l(ctype_c.o)
    0x00006908   0x00000040   Data   RO          814    Region$$Table       anon$$obj.o


    Execution Region ER_IROM2 (Base: 0x0000fc00, Size: 0x00000030, Max: 0x00000400, ABSOLUTE)

    Base Addr    Size         Type   Attr      Idx    E Section Name        Object

    0x0000fc00   0x00000030   Data   RO          417    .constdata          solid.o


    Execution Region RW_IRAM1 (Base: 0x20000010, Size: 0x00001610, Max: 0x00003ff0, ABSOLUTE, COMPRESSED[0x00000004])

    Base Addr    Size         Type   Attr      Idx    E Section Name        Object

    0x20000010   0x00000003   Data   RW          247    .data               lm3s21xx_adc.o
    0x20000013   0x00000001   PAD
    0x20000014   0x000000e7   Data   RW          305    .data               vari.o
    0x200000fb   0x00000001   PAD
    0x200000fc   0x00000004   Data   RW          778    .data               mc_w.l(errno.o)
    0x20000100   0x00000100   Data   RW          120    vtable              lm3s21xx_interrupt.o
    0x20000200   0x00001220   Zero   RW          304    .bss                vari.o
    0x20001420   0x00000200   Zero   RW          264    STACK               lm3s21xx_vect.o


    Execution Region RW_IRAM2 (Base: 0x22000000, Size: 0x000000f8, Max: 0x00000200, ABSOLUTE)

    Base Addr    Size         Type   Attr      Idx    E Section Name        Object

    0x22000000   0x000000f8   Data   RW          408    .data               bitvari.o


==============================================================================

Image component sizes


      Code (inc. data)   RO Data    RW Data    ZI Data      Debug   Object Name

         0          0          0        248          0       2953   bitvari.o
      1716        206         48          0          0       4475   can.o
        20          0          0          0          0        212   cpu_keil.o
      1772        172          0          0          0       2313   cs5460a.o
      1284        172          0          0          0       2333   eng_err.o
      1092        120          8          0          0       2731   init.o
      1640        264          0          0          0       3601   interrupt.o
       704          8          0          3          0       5243   lm3s21xx_adc.o
      2402         32         56          0          0     129447   lm3s21xx_can.o
       896         30          0          0          0       7148   lm3s21xx_flash.o
      1722         28          0          0          0       8052   lm3s21xx_gpio.o
       636         26          0        256          0       2971   lm3s21xx_interrupt.o
      1674         74         92          0          0       8387   lm3s21xx_sysctl.o
       200          8          0          0          0       1717   lm3s21xx_systick.o
       636         30         16          0          0      24036   lm3s21xx_uart.o
       336        264          0          0        512        244   lm3s21xx_vect.o
       312         16          0          0          0       2898   lm3s21xx_watchdog.o
       140         14          0          0          0        487   main.o
         0          0         48          0          0      17529   solid.o
      3220        256        412          0          0      24697   uart.o
         0          0          0        231       4640      18401   vari.o

    ----------------------------------------------------------------------
     20408       1720        744        740       5152     269875   Object Totals
         0          0         64          0          0          0   (incl. Generated)
         6          0          0          2          0          0   (incl. Padding)

    ----------------------------------------------------------------------

      Code (inc. data)   RO Data    RW Data    ZI Data      Debug   Library Member Name

        42          0          0          0          0         84   atof.o
        58          0          0          0          0          0   __dczerorl.o
        64          0          0          0          0         84   _sgetc.o
        40          6         64          0          0         68   ctype_c.o
         0          0          0          0          0          0   entry.o
         0          0          0          0          0          0   entry10a.o
         0          0          0          0          0          0   entry11a.o
         8          4          0          0          0          0   entry2.o
         4          0          0          0          0          0   entry5.o
         0          0          0          0          0          0   entry7b.o
         0          0          0          0          0          0   entry8b.o
         8          4          0          0          0          0   entry9a.o
        24         12          0          4          0        136   errno.o
        30          0          0          0          0          0   handlers.o
        36          8          0          0          0         68   init.o
        10          0          0          0          0         68   isspace_c.o
         0          0          0          0          0          0   iusefp.o
        30          0          0          0          0         68   llshl.o
        36          0          0          0          0         68   llsshr.o
        32          0          0          0          0         68   llushr.o
        36          0          0          0          0         68   memcpya.o
        36          0          0          0          0        108   memseta.o
      2276         86          0          0          0        520   printfa.o
       838         12          0          0          0        216   scanf_fp.o
        14          0          0          0          0         68   strlen.o
       156         12          0          0          0        120   strtod.o
        44          0          0          0          0         80   uidiv.o
        98          0          0          0          0         92   uldiv.o
        48          0          0          0          0         68   cdcmple.o
        48          0          0          0          0         68   cdrcmple.o
        20          0          0          0          0         68   cfcmple.o
        20          0          0          0          0         68   cfrcmple.o
        56          0          0          0          0         88   d2f.o
       334          0          0          0          0        148   dadd.o
       222          0          0          0          0        100   ddiv.o
       186          0          0          0          0        176   depilogue.o
        48          0          0          0          0         68   dfixul.o
        24          0          0          0          0         76   dfltul.o
       228          0          0          0          0         96   dmul.o
        38          0          0          0          0         68   f2d.o
       176          0          0          0          0        140   fadd.o
       124          0          0          0          0         88   fdiv.o
       110          0          0          0          0        168   fepilogue.o
        40          0          0          0          0         68   ffixui.o
        18          0          0          0          0         68   fflti.o
        10          0          0          0          0         68   ffltui.o
       100          0          0          0          0         76   fmul.o

    ----------------------------------------------------------------------
      5784        144         64          4          0       3752   Library Totals
        14          0          0          0          0          0   (incl. Padding)

    ----------------------------------------------------------------------

      Code (inc. data)   RO Data    RW Data    ZI Data      Debug   Library Name

        42          0          0          0          0         84   m_ws.l
      3878        144         64          4          0       1900   mc_w.l
      1850          0          0          0          0       1768   mf_w.l

    ----------------------------------------------------------------------
      5784        144         64          4          0       3752   Library Totals

    ----------------------------------------------------------------------

==============================================================================


      Code (inc. data)   RO Data    RW Data    ZI Data      Debug   

     26192       1864        808        744       5152     269751   Grand Totals
     26192       1864        808        252       5152     269751   ELF Image Totals (compressed)
     26192       1864        808        252          0          0   ROM Totals

==============================================================================

    Total RO  Size (Code + RO Data)                27000 (  26.37kB)
    Total RW  Size (RW Data + ZI Data)              5896 (   5.76kB)
    Total ROM Size (Code + RO Data + RW Data)      27252 (  26.61kB)

==============================================================================

