ARM Linker, 5.03 [Build 76] [MDK-ARM Professional]

==============================================================================

Section Cross References

    bl_check.o(.text) refers to bl_startup_rvmdk.o(RESET) for Delay
    bl_check.o(.text) refers to bl_main.o(.data) for Board_Id
    bl_check.o(.text) refers to bl_main.o(.bss) for BOOT_EN
    bl_main.o(.text) refers to lm3s21xx_gpio.o(.text) for GPIOPinRead
    bl_main.o(.text) refers to bl_startup_rvmdk.o(RESET) for Delay
    bl_main.o(.text) refers to lm3s21xx_ssi.o(.text) for Init_Ssi
    bl_main.o(.text) refers to disp.o(.text) for Reset_HD7279
    bl_main.o(.text) refers to bl_packet.o(.text) for ReceivePacket
    bl_main.o(.text) refers to bl_uart.o(.text) for UARTFlush
    bl_main.o(.text) refers to bl_main.o(.data) for .data
    bl_main.o(.text) refers to bl_main.o(.bss) for .bss
    bl_packet.o(.text) refers to bl_uart.o(.text) for UARTSend
    bl_packet.o(.text) refers to bl_packet.o(.constdata) for .constdata
    bl_uart.o(.text) refers to bl_main.o(.bss) for BOOT_EN
    bl_uart.o(.text) refers to bl_main.o(.data) for Board_Id
    disp.o(.text) refers to lm3s21xx_ssi.o(.text) for SSIDataLen
    disp.o(.text) refers to lm3s21xx_gpio.o(.text) for GPIOPinWrite
    disp.o(.text) refers to bl_startup_rvmdk.o(RESET) for Delay
    disp.o(.text) refers to disp.o(.data) for .data
    disp.o(.text) refers to disp.o(.constdata) for .constdata
    disp.o(.text) refers to bl_main.o(.data) for Board_Id
    lm3s21xx_gpio.o(.text) refers to disp.o(.text) for SysCtlPeripheralEnable
    lm3s21xx_gpio.o(.text) refers to lm3s21xx_gpio.o(.text) for GPIODirModeSet
    lm3s21xx_gpio.o(.text) refers to lm3s21xx_gpio.o(.text) for GPIODirModeSet
    lm3s21xx_gpio.o(.text) refers to lm3s21xx_gpio.o(.text) for GPIODirModeSet
    lm3s21xx_gpio.o(.text) refers to lm3s21xx_gpio.o(.text) for GPIODirModeSet
    lm3s21xx_gpio.o(.text) refers to lm3s21xx_gpio.o(.text) for GPIODirModeSet
    lm3s21xx_gpio.o(.text) refers to lm3s21xx_gpio.o(.text) for GPIODirModeSet
    lm3s21xx_gpio.o(.text) refers to lm3s21xx_gpio.o(.text) for GPIODirModeSet
    lm3s21xx_gpio.o(.text) refers to lm3s21xx_gpio.o(.text) for GPIODirModeSet
    lm3s21xx_ssi.o(.text) refers to disp.o(.text) for SysCtlPeripheralEnable
    bl_startup_rvmdk.o(RESET) refers to bl_startup_rvmdk.o(.bss) for g_pulStack
    bl_startup_rvmdk.o(RESET) refers to bl_main.o(.text) for SysTickIntHandler
    bl_startup_rvmdk.o(RESET) refers to bl_check.o(.text) for CheckForceUpdate
    bl_startup_rvmdk.o(RESET) refers to bl_main.o(.bss) for BOOT_EN


==============================================================================

Removing Unused input sections from the image.

    Removing lm3s21xx_gpio.o(.text), (32 bytes).
    Removing lm3s21xx_gpio.o(.text), (68 bytes).
    Removing lm3s21xx_gpio.o(.text), (48 bytes).
    Removing lm3s21xx_gpio.o(.text), (128 bytes).
    Removing lm3s21xx_gpio.o(.text), (14 bytes).
    Removing lm3s21xx_gpio.o(.text), (14 bytes).
    Removing lm3s21xx_gpio.o(.text), (16 bytes).
    Removing lm3s21xx_gpio.o(.text), (6 bytes).
    Removing lm3s21xx_gpio.o(.text), (32 bytes).
    Removing lm3s21xx_gpio.o(.text), (32 bytes).
    Removing lm3s21xx_gpio.o(.text), (32 bytes).
    Removing lm3s21xx_gpio.o(.text), (32 bytes).
    Removing lm3s21xx_gpio.o(.text), (32 bytes).
    Removing lm3s21xx_gpio.o(.text), (32 bytes).
    Removing lm3s21xx_gpio.o(.text), (32 bytes).
    Removing lm3s21xx_gpio.o(.text), (32 bytes).
    Removing lm3s21xx_ssi.o(.text), (10 bytes).

17 unused section(s) (total 592 bytes) removed from the image.

==============================================================================

Adding Veneers to the image

    Adding TT veneer (10 bytes, Long) for call to 'CheckForceUpdate' from bl_startup_rvmdk.o(RESET).
    Adding TT veneer (10 bytes, Long) for call to 'ConfigureDevice' from bl_startup_rvmdk.o(RESET).
    Adding TT veneer (10 bytes, Long) for call to 'Updater' from bl_startup_rvmdk.o(RESET).
    Adding TT veneer (10 bytes, Long) for call to 'Delay' from bl_check.o(.text).

4 Veneer(s) (total 40 bytes) added to the image.

==============================================================================

Image Symbol Table

    Local Symbols

    Symbol Name                              Value     Ov Type        Size  Object(Section)

    RESET                                    0x00000000   Section      340  bl_startup_rvmdk.o(RESET)
    Disp.C                                   0x00000000   Number         0  disp.o ABSOLUTE
    LM3S21xx_gpio.c                          0x00000000   Number         0  lm3s21xx_gpio.o ABSOLUTE
    LM3S21xx_ssi.c                           0x00000000   Number         0  lm3s21xx_ssi.o ABSOLUTE
    bl_autobaud.c                            0x00000000   Number         0  bl_autobaud.o ABSOLUTE
    bl_check.c                               0x00000000   Number         0  bl_check.o ABSOLUTE
    bl_config.c                              0x00000000   Number         0  bl_startup_rvmdk.o ABSOLUTE
    bl_main.c                                0x00000000   Number         0  bl_main.o ABSOLUTE
    bl_packet.c                              0x00000000   Number         0  bl_packet.o ABSOLUTE
    bl_uart.c                                0x00000000   Number         0  bl_uart.o ABSOLUTE
    UpdateHandler                            0x00000123   Thumb Code     0  bl_startup_rvmdk.o(RESET)
    NmiSR                                    0x00000131   Thumb Code     0  bl_startup_rvmdk.o(RESET)
    FaultISR                                 0x00000133   Thumb Code     0  bl_startup_rvmdk.o(RESET)
    IntDefaultHandler                        0x00000135   Thumb Code     0  bl_startup_rvmdk.o(RESET)
    .text                                    0x20000174   Section        0  bl_check.o(.text)
    .text                                    0x20000244   Section        0  bl_main.o(.text)
    .text                                    0x20000564   Section        0  bl_packet.o(.text)
    .text                                    0x20000658   Section        0  bl_uart.o(.text)
    .text                                    0x200006cc   Section        0  disp.o(.text)
    .text                                    0x20000808   Section        0  lm3s21xx_gpio.o(.text)
    .text                                    0x2000097c   Section        0  lm3s21xx_ssi.o(.text)
    .constdata                               0x20000a22   Section        4  bl_packet.o(.constdata)
    g_pucACK                                 0x20000a22   Data           2  bl_packet.o(.constdata)
    g_pucNAK                                 0x20000a24   Data           2  bl_packet.o(.constdata)
    .constdata                               0x20000a26   Section       30  disp.o(.constdata)
    .data                                    0x20000a44   Section       24  bl_main.o(.data)
    .data                                    0x20000a5c   Section        8  disp.o(.data)
    .bss                                     0x20000a64   Section      136  bl_main.o(.bss)
    .bss                                     0x20000aec   Section      192  bl_startup_rvmdk.o(.bss)
    g_pulStack                               0x20000aec   Data           0  bl_startup_rvmdk.o(.bss)

    Global Symbols

    Symbol Name                              Value     Ov Type        Size  Object(Section)

    BuildAttributes$$THM_ISAv4$P$D$K$B$S$PE$A:L22UL41UL21$X:L11$S22US41US21$IEEE1$IW$USESV6$~STKCKD$USESV7$~SHL$OSPACE$EBA8$MICROLIB$REQ8$PRES8$EABIv2 0x00000000   Number         0  anon$$obj.o ABSOLUTE
    __Vectors                                0x00000000   Data           0  bl_startup_rvmdk.o(RESET)
    Reset_Handler                            0x00000051   Thumb Code     0  bl_startup_rvmdk.o(RESET)
    CPUcpsid                                 0x00000113   Thumb Code     0  bl_startup_rvmdk.o(RESET)
    CPUcpsie                                 0x0000011b   Thumb Code     0  bl_startup_rvmdk.o(RESET)
    Delay                                    0x00000137   Thumb Code     0  bl_startup_rvmdk.o(RESET)
    Long Thumb to Thumb Veneer to CheckForceUpdate 0x00000155   Thumb Code    10  anon$$obj.o(Veneer$$Code)
    Long Thumb to Thumb Veneer to ConfigureDevice 0x0000015f   Thumb Code    10  anon$$obj.o(Veneer$$Code)
    Long Thumb to Thumb Veneer to Updater    0x00000169   Thumb Code    10  anon$$obj.o(Veneer$$Code)
    CheckForceUpdate                         0x20000175   Thumb Code   170  bl_check.o(.text)
    SysTickIntHandler                        0x20000245   Thumb Code    52  bl_main.o(.text)
    ConfigureDevice                          0x20000279   Thumb Code   142  bl_main.o(.text)
    Updater                                  0x20000307   Thumb Code   564  bl_main.o(.text)
    CheckSum                                 0x20000565   Thumb Code    18  bl_packet.o(.text)
    AckPacket                                0x20000577   Thumb Code     8  bl_packet.o(.text)
    NakPacket                                0x2000057f   Thumb Code    10  bl_packet.o(.text)
    ReceivePacket                            0x20000589   Thumb Code   134  bl_packet.o(.text)
    SendPacket                               0x2000060f   Thumb Code    68  bl_packet.o(.text)
    UARTFlush                                0x20000659   Thumb Code    16  bl_uart.o(.text)
    UARTSend                                 0x20000669   Thumb Code    36  bl_uart.o(.text)
    UARTReceive                              0x2000068d   Thumb Code    46  bl_uart.o(.text)
    SysCtlPeripheralEnable                   0x200006cd   Thumb Code    56  disp.o(.text)
    Reset_HD7279                             0x20000705   Thumb Code    72  disp.o(.text)
    Disp_Data                                0x2000074d   Thumb Code    76  disp.o(.text)
    Disp_Boot                                0x20000799   Thumb Code    72  disp.o(.text)
    Disp_Blank                               0x200007e1   Thumb Code    20  disp.o(.text)
    GPIOPadConfigSet                         0x20000809   Thumb Code   200  lm3s21xx_gpio.o(.text)
    GPIODirModeSet                           0x200008d1   Thumb Code    46  lm3s21xx_gpio.o(.text)
    GPIOPinTypeGPIOOutput                    0x200008ff   Thumb Code    30  lm3s21xx_gpio.o(.text)
    GPIOPinTypeSSI                           0x2000091d   Thumb Code    30  lm3s21xx_gpio.o(.text)
    Init_Gpio                                0x2000093b   Thumb Code    48  lm3s21xx_gpio.o(.text)
    GPIOPinRead                              0x2000096b   Thumb Code     6  lm3s21xx_gpio.o(.text)
    GPIOPinWrite                             0x20000971   Thumb Code     6  lm3s21xx_gpio.o(.text)
    SSIEnable                                0x2000097d   Thumb Code    10  lm3s21xx_ssi.o(.text)
    SSIConfigSetExpClk                       0x20000987   Thumb Code    66  lm3s21xx_ssi.o(.text)
    Init_Ssi                                 0x200009c9   Thumb Code    42  lm3s21xx_ssi.o(.text)
    SSIDataLen                               0x200009f3   Thumb Code    18  lm3s21xx_ssi.o(.text)
    SSIDataPut                               0x20000a05   Thumb Code    10  lm3s21xx_ssi.o(.text)
    Long Thumb to Thumb Veneer to Delay      0x20000a19   Thumb Code    10  anon$$obj.o(Veneer$$Code)
    Disp_Code_Tab                            0x20000a26   Data          30  disp.o(.constdata)
    Disp_Sts                                 0x20000a44   Data           1  bl_main.o(.data)
    g_ucStatus                               0x20000a45   Data           1  bl_main.o(.data)
    Board_Id                                 0x20000a46   Data           1  bl_main.o(.data)
    BootLoader_En                            0x20000a47   Data           1  bl_main.o(.data)
    Timer_Uart                               0x20000a48   Data           1  bl_main.o(.data)
    g_ulTransferSize                         0x20000a4c   Data           4  bl_main.o(.data)
    g_ulTransferAddress                      0x20000a50   Data           4  bl_main.o(.data)
    g_pucDataBuffer                          0x20000a54   Data           4  bl_main.o(.data)
    Timer_1ms                                0x20000a58   Data           4  bl_main.o(.data)
    Disp_Buf                                 0x20000a5c   Data           8  disp.o(.data)
    Image$$ZI$$Base                          0x20000a64   Number         0  anon$$obj.o(linker$$defined$$symbols)
    Image$$ZI$$Limit                         0x20000a64   Number         0  anon$$obj.o(linker$$defined$$symbols)
    g_pulDataBuffer                          0x20000a64   Data         120  bl_main.o(.bss)
    BOOT_EN                                  0x20000adc   Data          16  bl_main.o(.bss)



==============================================================================

Memory Map of the image

  Image Entry point : 0x00000051

  Load Region FLASH (Base: 0x00000000, Size: 0x00000a64, Max: 0x00010000, ABSOLUTE)

    Execution Region RESET (Base: 0x00000000, Size: 0x00000174, Max: 0x00010000, ABSOLUTE)

    Base Addr    Size         Type   Attr      Idx    E Section Name        Object

    0x00000000   0x00000154   Code   RO          276  * RESET               bl_startup_rvmdk.o
    0x00000154   0x0000000a   Ven    RO          282    Veneer$$Code        anon$$obj.o
    0x0000015e   0x0000000a   Ven    RO          283    Veneer$$Code        anon$$obj.o
    0x00000168   0x0000000a   Ven    RO          284    Veneer$$Code        anon$$obj.o


    Execution Region RO (Base: 0x20000174, Size: 0x000008d0, Max: 0x00010000, ABSOLUTE)

    Base Addr    Size         Type   Attr      Idx    E Section Name        Object

    0x20000174   0x000000d0   Code   RO           21    .text               bl_check.o
    0x20000244   0x00000320   Code   RO           40    .text               bl_main.o
    0x20000564   0x000000f4   Code   RO           99    .text               bl_packet.o
    0x20000658   0x00000074   Code   RO          113    .text               bl_uart.o
    0x200006cc   0x0000013c   Code   RO          126    .text               disp.o
    0x20000808   0x00000174   Code   RO          149    .text               lm3s21xx_gpio.o
    0x2000097c   0x0000009c   Code   RO          257    .text               lm3s21xx_ssi.o
    0x20000a18   0x0000000a   Ven    RO          285    Veneer$$Code        anon$$obj.o
    0x20000a22   0x00000004   Data   RO          100    .constdata          bl_packet.o
    0x20000a26   0x0000001e   Data   RO          127    .constdata          disp.o


    Execution Region RW (Base: 0x20000a44, Size: 0x00000020, Max: 0x00010000, ABSOLUTE)

    Base Addr    Size         Type   Attr      Idx    E Section Name        Object

    0x20000a44   0x00000018   Data   RW           42    .data               bl_main.o
    0x20000a5c   0x00000008   Data   RW          128    .data               disp.o


    Execution Region ZI (Base: 0x20000a64, Size: 0x00000148, Max: 0x00010000, ABSOLUTE)

    Base Addr    Size         Type   Attr      Idx    E Section Name        Object

    0x20000a64   0x00000000   Data   RW          281    linker$$defined$$symbols  anon$$obj.o
    0x20000a64   0x00000088   Zero   RW           41    .bss                bl_main.o
    0x20000aec   0x000000c0   Zero   RW          275    .bss                bl_startup_rvmdk.o


==============================================================================

Image component sizes


      Code (inc. data)   RO Data    RW Data    ZI Data      Debug   Object Name

         0          0          0          0          0     117000   bl_autobaud.o
       208         38          0          0          0        659   bl_check.o
       800         52          0         24        136       2723   bl_main.o
       244          6          4          0          0       2044   bl_packet.o
       340        104          0          0        192        328   bl_startup_rvmdk.o
       116         18          0          0          0        965   bl_uart.o
       316         20         30          8          0       1949   disp.o
       372          6          0          0          0       2350   lm3s21xx_gpio.o
       156         10          0          0          0       1958   lm3s21xx_ssi.o

    ----------------------------------------------------------------------
      2594        254         34         32        328     129976   Object Totals
        40          0          0          0          0          0   (incl. Generated)
         2          0          0          0          0          0   (incl. Padding)

    ----------------------------------------------------------------------
         0          0          0          0          0          0   Library Totals
         0          0          0          0          0          0   (incl. Padding)

    ----------------------------------------------------------------------

==============================================================================


      Code (inc. data)   RO Data    RW Data    ZI Data      Debug   

      2594        254         34         32        328     129508   Grand Totals
      2594        254         34         32        328     129508   ELF Image Totals
      2594        254         34         32          0          0   ROM Totals

==============================================================================

    Total RO  Size (Code + RO Data)                 2628 (   2.57kB)
    Total RW  Size (RW Data + ZI Data)               360 (   0.35kB)
    Total ROM Size (Code + RO Data + RW Data)       2660 (   2.60kB)

==============================================================================

