<html>
<body>
<pre>
<h1>µVision Build Log</h1>
<h2>Project:</h2>
D:\zlz\–£—ÈÃ®∏ƒ‘Ï\program\Lm3s2139\boot_loader\≤‚ ‘.uvproj
Project File Date:  03/23/2010

<h2>Output:</h2>
Build target 'Target 1'
compiling LM3S21xx_ssi.c...
compiling bl_autobaud.c...
compiling bl_check.c...
compiling bl_main.c...
compiling bl_packet.c...
compiling bl_uart.c...
compiling Disp.C...
compiling LM3S21xx_gpio.c...
assembling bl_startup_rvmdk.S...
linking...
≤‚ ‘.axf: Error: L6218E: Undefined symbol Image$$ZI$$Base (referred from bl_startup_rvmdk.o).
≤‚ ‘.axf: Error: L6218E: Undefined symbol Image$$ZI$$Limit (referred from bl_startup_rvmdk.o).
Target not created
Build target 'Target 1'
User command #1: armcc --device DLM -I . -E -o bl_config.inc bl_config.c
compiling LM3S21xx_ssi.c...
compiling bl_autobaud.c...
compiling bl_check.c...
compiling bl_main.c...
compiling bl_packet.c...
compiling bl_uart.c...
compiling Disp.C...
compiling LM3S21xx_gpio.c...
assembling bl_startup_rvmdk.S...
linking...
Program Size: Code=3358 RO-data=34 RW-data=28 ZI-data=328  
User command #1: fromelf --bin --output boot.BIN boot.AXF
"boot.AXF": Error: Q0122E: Could not open file 'boot.AXF': No such file or directory
Finished: 0 information, 0 warning and 1 error messages.
"≤‚ ‘.axf" - 0 Error(s), 0 Warning(s).
Build target 'Target 1'
User command #1: armcc --device DLM -I . -E -o bl_config.inc bl_config.c
linking...
Program Size: Code=3358 RO-data=34 RW-data=28 ZI-data=328  
User command #1: fromelf --bin --output boot.BIN boot.AXF
"boot.axf" - 0 Error(s), 0 Warning(s).
Build target 'Target 1'
User command #1: armcc --device DLM -I . -E -o bl_config.inc bl_config.c
linking...
Program Size: Code=3316 RO-data=36 RW-data=28 ZI-data=328  
User command #1: fromelf --bin --output boot.BIN boot.AXF
"boot.axf" - 0 Error(s), 0 Warning(s).
